class_id = 0, name = person, ap = 46.42%   	 (TP = 4480, FP = 2881) 
class_id = 1, name = bicycle, ap = 25.56%   	 (TP = 62, FP = 29) 
class_id = 2, name = car, ap = 28.57%   	 (TP = 562, FP = 683) 
class_id = 3, name = motorcycle, ap = 44.57%   	 (TP = 118, FP = 38) 
class_id = 4, name = airplane, ap = 68.27%   	 (TP = 77, FP = 23) 
class_id = 5, name = bus, ap = 61.54%   	 (TP = 140, FP = 30) 
class_id = 6, name = train, ap = 67.86%   	 (TP = 102, FP = 26) 
class_id = 7, name = truck, ap = 30.12%   	 (TP = 93, FP = 54) 
class_id = 8, name = boat, ap = 15.92%   	 (TP = 65, FP = 98) 
class_id = 9, name = traffic light, ap = 14.67%   	 (TP = 124, FP = 244) 
class_id = 10, name = fire hydrant, ap = 63.38%   	 (TP = 53, FP = 12) 
class_id = 11, name = stop sign, ap = 59.57%   	 (TP = 40, FP = 9) 
class_id = 12, name = parking meter, ap = 34.41%   	 (TP = 18, FP = 6) 
class_id = 13, name = bench, ap = 15.52%   	 (TP = 44, FP = 27) 
class_id = 14, name = bird, ap = 17.27%   	 (TP = 80, FP = 142) 
class_id = 15, name = cat, ap = 63.94%   	 (TP = 87, FP = 36) 
class_id = 16, name = dog, ap = 51.96%   	 (TP = 76, FP = 32) 
class_id = 17, name = horse, ap = 56.09%   	 (TP = 121, FP = 39) 
class_id = 18, name = sheep, ap = 41.10%   	 (TP = 151, FP = 129) 
class_id = 19, name = cow, ap = 41.64%   	 (TP = 150, FP = 116) 
class_id = 20, name = elephant, ap = 63.74%   	 (TP = 152, FP = 64) 
class_id = 21, name = bear, ap = 66.68%   	 (TP = 38, FP = 17) 
class_id = 22, name = zebra, ap = 77.26%   	 (TP = 169, FP = 18) 
class_id = 23, name = giraffe, ap = 74.23%   	 (TP = 143, FP = 20) 
class_id = 24, name = backpack, ap = 6.68%   	 (TP = 14, FP = 27) 
class_id = 25, name = umbrella, ap = 30.17%   	 (TP = 100, FP = 66) 
class_id = 26, name = handbag, ap = 3.65%   	 (TP = 9, FP = 12) 
class_id = 27, name = tie, ap = 24.24%   	 (TP = 65, FP = 52) 
class_id = 28, name = suitcase, ap = 18.79%   	 (TP = 37, FP = 37) 
class_id = 29, name = frisbee, ap = 49.00%   	 (TP = 44, FP = 18) 
class_id = 30, name = skis, ap = 12.52%   	 (TP = 33, FP = 69) 
class_id = 31, name = snowboard, ap = 21.14%   	 (TP = 11, FP = 11) 
class_id = 32, name = sports ball, ap = 22.20%   	 (TP = 70, FP = 76) 
class_id = 33, name = kite, ap = 26.07%   	 (TP = 102, FP = 174) 
class_id = 34, name = baseball bat, ap = 14.94%   	 (TP = 18, FP = 17) 
class_id = 35, name = baseball glove, ap = 25.93%   	 (TP = 38, FP = 31) 
class_id = 36, name = skateboard, ap = 40.32%   	 (TP = 57, FP = 27) 
class_id = 37, name = surfboard, ap = 22.86%   	 (TP = 59, FP = 64) 
class_id = 38, name = tennis racket, ap = 41.74%   	 (TP = 83, FP = 28) 
class_id = 39, name = bottle, ap = 18.04%   	 (TP = 158, FP = 182) 
class_id = 40, name = wine glass, ap = 19.15%   	 (TP = 50, FP = 39) 
class_id = 41, name = cup, ap = 24.48%   	 (TP = 187, FP = 179) 
class_id = 42, name = fork, ap = 10.70%   	 (TP = 8, FP = 11) 
class_id = 43, name = knife, ap = 2.66%   	 (TP = 5, FP = 30) 
class_id = 44, name = spoon, ap = 3.03%   	 (TP = 5, FP = 11) 
class_id = 45, name = bowl, ap = 30.24%   	 (TP = 150, FP = 133) 
class_id = 46, name = banana, ap = 20.12%   	 (TP = 55, FP = 33) 
class_id = 47, name = apple, ap = 13.91%   	 (TP = 33, FP = 40) 
class_id = 48, name = sandwich, ap = 31.94%   	 (TP = 35, FP = 28) 
class_id = 49, name = orange, ap = 27.05%   	 (TP = 64, FP = 52) 
class_id = 50, name = broccoli, ap = 25.70%   	 (TP = 52, FP = 47) 
class_id = 51, name = carrot, ap = 12.11%   	 (TP = 29, FP = 49) 
class_id = 52, name = hot dog, ap = 25.01%   	 (TP = 20, FP = 16) 
class_id = 53, name = pizza, ap = 47.02%   	 (TP = 99, FP = 37) 
class_id = 54, name = donut, ap = 31.90%   	 (TP = 98, FP = 94) 
class_id = 55, name = cake, ap = 27.85%   	 (TP = 60, FP = 31) 
class_id = 56, name = chair, ap = 17.99%   	 (TP = 208, FP = 169) 
class_id = 57, name = couch, ap = 42.28%   	 (TP = 74, FP = 32) 
class_id = 58, name = potted plant, ap = 20.21%   	 (TP = 44, FP = 52) 
class_id = 59, name = bed, ap = 40.62%   	 (TP = 25, FP = 10) 
class_id = 60, name = dining table, ap = 21.29%   	 (TP = 64, FP = 48) 
class_id = 61, name = toilet, ap = 59.14%   	 (TP = 84, FP = 35) 
class_id = 62, name = tv, ap = 54.35%   	 (TP = 129, FP = 46) 
class_id = 63, name = laptop, ap = 52.89%   	 (TP = 91, FP = 27) 
class_id = 64, name = mouse, ap = 50.27%   	 (TP = 46, FP = 13) 
class_id = 65, name = remote, ap = 8.88%   	 (TP = 23, FP = 40) 
class_id = 66, name = keyboard, ap = 50.87%   	 (TP = 59, FP = 21) 
class_id = 67, name = cell phone, ap = 24.25%   	 (TP = 45, FP = 20) 
class_id = 68, name = microwave, ap = 53.26%   	 (TP = 24, FP = 6) 
class_id = 69, name = oven, ap = 31.32%   	 (TP = 26, FP = 20) 
class_id = 70, name = toaster, ap = 16.58%   	 (TP = 0, FP = 0) 
class_id = 71, name = sink, ap = 34.11%   	 (TP = 68, FP = 47) 
class_id = 72, name = refrigerator, ap = 40.97%   	 (TP = 42, FP = 12) 
class_id = 73, name = book, ap = 3.89%   	 (TP = 81, FP = 443) 
class_id = 74, name = clock, ap = 49.00%   	 (TP = 124, FP = 55) 
class_id = 75, name = vase, ap = 23.42%   	 (TP = 50, FP = 43) 
class_id = 76, name = scissors, ap = 11.89%   	 (TP = 3, FP = 2) 
class_id = 77, name = teddy bear, ap = 46.41%   	 (TP = 58, FP = 13) 
class_id = 78, name = hair drier, ap = 0.00%   	 (TP = 0, FP = 0) 
class_id = 79, name = toothbrush, ap = 7.04%   	 (TP = 4, FP = 6) 

 for conf_thresh = 0.25, precision = 0.58, recall = 0.28, F1-score = 0.38 
 for conf_thresh = 0.25, TP = 10365, FP = 7654, FN = 26416, average IoU = 42.03 % 

 IoU threshold = 50 %, used Area-Under-Curve for each unique Recall 
 mean average precision (mAP@0.50) = 0.327801, or 32.78 % 
