class_id = 0, name = person, ap = 45.98%   	 (TP = 4192, FP = 2356) 
class_id = 1, name = bicycle, ap = 25.34%   	 (TP = 61, FP = 28) 
class_id = 2, name = car, ap = 28.71%   	 (TP = 584, FP = 735) 
class_id = 3, name = motorcycle, ap = 41.77%   	 (TP = 110, FP = 41) 
class_id = 4, name = airplane, ap = 66.71%   	 (TP = 64, FP = 13) 
class_id = 5, name = bus, ap = 60.58%   	 (TP = 122, FP = 25) 
class_id = 6, name = train, ap = 65.63%   	 (TP = 83, FP = 16) 
class_id = 7, name = truck, ap = 30.66%   	 (TP = 94, FP = 57) 
class_id = 8, name = boat, ap = 16.18%   	 (TP = 67, FP = 97) 
class_id = 9, name = traffic light, ap = 14.61%   	 (TP = 116, FP = 176) 
class_id = 10, name = fire hydrant, ap = 62.54%   	 (TP = 52, FP = 12) 
class_id = 11, name = stop sign, ap = 59.27%   	 (TP = 40, FP = 10) 
class_id = 12, name = parking meter, ap = 33.37%   	 (TP = 13, FP = 5) 
class_id = 13, name = bench, ap = 15.34%   	 (TP = 38, FP = 20) 
class_id = 14, name = bird, ap = 18.70%   	 (TP = 75, FP = 110) 
class_id = 15, name = cat, ap = 62.08%   	 (TP = 68, FP = 25) 
class_id = 16, name = dog, ap = 49.69%   	 (TP = 67, FP = 25) 
class_id = 17, name = horse, ap = 54.32%   	 (TP = 114, FP = 38) 
class_id = 18, name = sheep, ap = 42.11%   	 (TP = 143, FP = 105) 
class_id = 19, name = cow, ap = 43.78%   	 (TP = 153, FP = 91) 
class_id = 20, name = elephant, ap = 63.85%   	 (TP = 145, FP = 47) 
class_id = 21, name = bear, ap = 66.83%   	 (TP = 32, FP = 8) 
class_id = 22, name = zebra, ap = 74.48%   	 (TP = 159, FP = 21) 
class_id = 23, name = giraffe, ap = 74.26%   	 (TP = 133, FP = 12) 
class_id = 24, name = backpack, ap = 6.81%   	 (TP = 10, FP = 23) 
class_id = 25, name = umbrella, ap = 30.72%   	 (TP = 93, FP = 64) 
class_id = 26, name = handbag, ap = 3.44%   	 (TP = 8, FP = 12) 
class_id = 27, name = tie, ap = 25.39%   	 (TP = 63, FP = 45) 
class_id = 28, name = suitcase, ap = 17.85%   	 (TP = 35, FP = 34) 
class_id = 29, name = frisbee, ap = 48.78%   	 (TP = 45, FP = 17) 
class_id = 30, name = skis, ap = 14.25%   	 (TP = 37, FP = 57) 
class_id = 31, name = snowboard, ap = 18.68%   	 (TP = 11, FP = 11) 
class_id = 32, name = sports ball, ap = 23.11%   	 (TP = 72, FP = 77) 
class_id = 33, name = kite, ap = 27.91%   	 (TP = 106, FP = 145) 
class_id = 34, name = baseball bat, ap = 14.94%   	 (TP = 19, FP = 20) 
class_id = 35, name = baseball glove, ap = 25.20%   	 (TP = 39, FP = 40) 
class_id = 36, name = skateboard, ap = 36.91%   	 (TP = 58, FP = 30) 
class_id = 37, name = surfboard, ap = 24.94%   	 (TP = 52, FP = 55) 
class_id = 38, name = tennis racket, ap = 39.18%   	 (TP = 78, FP = 28) 
class_id = 39, name = bottle, ap = 17.17%   	 (TP = 161, FP = 205) 
class_id = 40, name = wine glass, ap = 19.43%   	 (TP = 48, FP = 33) 
class_id = 41, name = cup, ap = 24.65%   	 (TP = 190, FP = 180) 
class_id = 42, name = fork, ap = 10.59%   	 (TP = 14, FP = 12) 
class_id = 43, name = knife, ap = 2.76%   	 (TP = 7, FP = 34) 
class_id = 44, name = spoon, ap = 3.48%   	 (TP = 7, FP = 13) 
class_id = 45, name = bowl, ap = 30.32%   	 (TP = 150, FP = 133) 
class_id = 46, name = banana, ap = 20.14%   	 (TP = 49, FP = 40) 
class_id = 47, name = apple, ap = 13.06%   	 (TP = 22, FP = 25) 
class_id = 48, name = sandwich, ap = 31.65%   	 (TP = 35, FP = 36) 
class_id = 49, name = orange, ap = 26.37%   	 (TP = 57, FP = 41) 
class_id = 50, name = broccoli, ap = 24.53%   	 (TP = 51, FP = 47) 
class_id = 51, name = carrot, ap = 12.72%   	 (TP = 31, FP = 37) 
class_id = 52, name = hot dog, ap = 24.82%   	 (TP = 18, FP = 12) 
class_id = 53, name = pizza, ap = 45.28%   	 (TP = 90, FP = 43) 
class_id = 54, name = donut, ap = 31.53%   	 (TP = 92, FP = 97) 
class_id = 55, name = cake, ap = 27.46%   	 (TP = 60, FP = 45) 
class_id = 56, name = chair, ap = 18.13%   	 (TP = 205, FP = 158) 
class_id = 57, name = couch, ap = 41.70%   	 (TP = 65, FP = 18) 
class_id = 58, name = potted plant, ap = 22.16%   	 (TP = 48, FP = 40) 
class_id = 59, name = bed, ap = 38.81%   	 (TP = 18, FP = 2) 
class_id = 60, name = dining table, ap = 19.64%   	 (TP = 43, FP = 29) 
class_id = 61, name = toilet, ap = 59.15%   	 (TP = 77, FP = 27) 
class_id = 62, name = tv, ap = 53.82%   	 (TP = 124, FP = 37) 
class_id = 63, name = laptop, ap = 54.11%   	 (TP = 89, FP = 27) 
class_id = 64, name = mouse, ap = 50.16%   	 (TP = 45, FP = 15) 
class_id = 65, name = remote, ap = 8.23%   	 (TP = 21, FP = 37) 
class_id = 66, name = keyboard, ap = 51.00%   	 (TP = 55, FP = 25) 
class_id = 67, name = cell phone, ap = 22.30%   	 (TP = 46, FP = 30) 
class_id = 68, name = microwave, ap = 53.85%   	 (TP = 23, FP = 4) 
class_id = 69, name = oven, ap = 32.71%   	 (TP = 29, FP = 15) 
class_id = 70, name = toaster, ap = 15.06%   	 (TP = 0, FP = 0) 
class_id = 71, name = sink, ap = 33.47%   	 (TP = 66, FP = 46) 
class_id = 72, name = refrigerator, ap = 41.60%   	 (TP = 34, FP = 6) 
class_id = 73, name = book, ap = 4.46%   	 (TP = 81, FP = 411) 
class_id = 74, name = clock, ap = 48.33%   	 (TP = 121, FP = 58) 
class_id = 75, name = vase, ap = 24.19%   	 (TP = 52, FP = 46) 
class_id = 76, name = scissors, ap = 9.33%   	 (TP = 2, FP = 1) 
class_id = 77, name = teddy bear, ap = 45.71%   	 (TP = 51, FP = 7) 
class_id = 78, name = hair drier, ap = 0.00%   	 (TP = 0, FP = 0) 
class_id = 79, name = toothbrush, ap = 7.19%   	 (TP = 3, FP = 4) 

 for conf_thresh = 0.25, precision = 0.59, recall = 0.27, F1-score = 0.37 
 for conf_thresh = 0.25, TP = 9831, FP = 6807, FN = 26950, average IoU = 43.32 % 

 IoU threshold = 50 %, used Area-Under-Curve for each unique Recall 
 mean average precision (mAP@0.50) = 0.324497, or 32.45 % 
