class_id = 0, name = person, ap = 42.68%   	 (TP = 3976, FP = 2594) 
class_id = 1, name = bicycle, ap = 20.98%   	 (TP = 48, FP = 29) 
class_id = 2, name = car, ap = 26.80%   	 (TP = 534, FP = 664) 
class_id = 3, name = motorcycle, ap = 36.20%   	 (TP = 100, FP = 65) 
class_id = 4, name = airplane, ap = 56.42%   	 (TP = 51, FP = 14) 
class_id = 5, name = bus, ap = 54.73%   	 (TP = 99, FP = 21) 
class_id = 6, name = train, ap = 59.98%   	 (TP = 76, FP = 9) 
class_id = 7, name = truck, ap = 27.51%   	 (TP = 79, FP = 49) 
class_id = 8, name = boat, ap = 11.61%   	 (TP = 62, FP = 118) 
class_id = 9, name = traffic light, ap = 11.38%   	 (TP = 106, FP = 255) 
class_id = 10, name = fire hydrant, ap = 61.62%   	 (TP = 48, FP = 7) 
class_id = 11, name = stop sign, ap = 54.62%   	 (TP = 35, FP = 8) 
class_id = 12, name = parking meter, ap = 36.55%   	 (TP = 15, FP = 0) 
class_id = 13, name = bench, ap = 12.15%   	 (TP = 26, FP = 10) 
class_id = 14, name = bird, ap = 7.59%   	 (TP = 80, FP = 287) 
class_id = 15, name = cat, ap = 56.16%   	 (TP = 43, FP = 19) 
class_id = 16, name = dog, ap = 45.76%   	 (TP = 57, FP = 34) 
class_id = 17, name = horse, ap = 51.19%   	 (TP = 108, FP = 37) 
class_id = 18, name = sheep, ap = 35.38%   	 (TP = 139, FP = 155) 
class_id = 19, name = cow, ap = 41.71%   	 (TP = 146, FP = 108) 
class_id = 20, name = elephant, ap = 55.63%   	 (TP = 134, FP = 67) 
class_id = 21, name = bear, ap = 61.41%   	 (TP = 33, FP = 10) 
class_id = 22, name = zebra, ap = 70.25%   	 (TP = 148, FP = 33) 
class_id = 23, name = giraffe, ap = 69.07%   	 (TP = 113, FP = 13) 
class_id = 24, name = backpack, ap = 7.70%   	 (TP = 15, FP = 10) 
class_id = 25, name = umbrella, ap = 23.98%   	 (TP = 66, FP = 55) 
class_id = 26, name = handbag, ap = 3.90%   	 (TP = 7, FP = 10) 
class_id = 27, name = tie, ap = 21.40%   	 (TP = 47, FP = 45) 
class_id = 28, name = suitcase, ap = 18.36%   	 (TP = 39, FP = 39) 
class_id = 29, name = frisbee, ap = 40.67%   	 (TP = 34, FP = 17) 
class_id = 30, name = skis, ap = 15.47%   	 (TP = 31, FP = 38) 
class_id = 31, name = snowboard, ap = 12.86%   	 (TP = 7, FP = 14) 
class_id = 32, name = sports ball, ap = 20.77%   	 (TP = 59, FP = 66) 
class_id = 33, name = kite, ap = 20.51%   	 (TP = 90, FP = 194) 
class_id = 34, name = baseball bat, ap = 12.79%   	 (TP = 12, FP = 19) 
class_id = 35, name = baseball glove, ap = 28.01%   	 (TP = 38, FP = 21) 
class_id = 36, name = skateboard, ap = 37.69%   	 (TP = 57, FP = 50) 
class_id = 37, name = surfboard, ap = 20.59%   	 (TP = 54, FP = 57) 
class_id = 38, name = tennis racket, ap = 41.17%   	 (TP = 86, FP = 36) 
class_id = 39, name = bottle, ap = 14.95%   	 (TP = 142, FP = 179) 
class_id = 40, name = wine glass, ap = 16.79%   	 (TP = 38, FP = 24) 
class_id = 41, name = cup, ap = 23.47%   	 (TP = 164, FP = 121) 
class_id = 42, name = fork, ap = 6.46%   	 (TP = 7, FP = 20) 
class_id = 43, name = knife, ap = 3.56%   	 (TP = 8, FP = 25) 
class_id = 44, name = spoon, ap = 3.04%   	 (TP = 5, FP = 8) 
class_id = 45, name = bowl, ap = 27.34%   	 (TP = 122, FP = 82) 
class_id = 46, name = banana, ap = 15.33%   	 (TP = 36, FP = 35) 
class_id = 47, name = apple, ap = 13.21%   	 (TP = 25, FP = 23) 
class_id = 48, name = sandwich, ap = 28.27%   	 (TP = 20, FP = 13) 
class_id = 49, name = orange, ap = 25.40%   	 (TP = 56, FP = 51) 
class_id = 50, name = broccoli, ap = 23.18%   	 (TP = 39, FP = 44) 
class_id = 51, name = carrot, ap = 12.31%   	 (TP = 23, FP = 32) 
class_id = 52, name = hot dog, ap = 22.11%   	 (TP = 21, FP = 18) 
class_id = 53, name = pizza, ap = 47.30%   	 (TP = 106, FP = 43) 
class_id = 54, name = donut, ap = 28.33%   	 (TP = 87, FP = 82) 
class_id = 55, name = cake, ap = 28.31%   	 (TP = 53, FP = 26) 
class_id = 56, name = chair, ap = 16.40%   	 (TP = 212, FP = 251) 
class_id = 57, name = couch, ap = 40.60%   	 (TP = 60, FP = 21) 
class_id = 58, name = potted plant, ap = 17.86%   	 (TP = 42, FP = 37) 
class_id = 59, name = bed, ap = 30.62%   	 (TP = 10, FP = 3) 
class_id = 60, name = dining table, ap = 17.55%   	 (TP = 37, FP = 32) 
class_id = 61, name = toilet, ap = 55.31%   	 (TP = 68, FP = 18) 
class_id = 62, name = tv, ap = 51.84%   	 (TP = 129, FP = 63) 
class_id = 63, name = laptop, ap = 49.57%   	 (TP = 81, FP = 31) 
class_id = 64, name = mouse, ap = 45.05%   	 (TP = 42, FP = 21) 
class_id = 65, name = remote, ap = 7.89%   	 (TP = 16, FP = 35) 
class_id = 66, name = keyboard, ap = 46.99%   	 (TP = 51, FP = 24) 
class_id = 67, name = cell phone, ap = 22.85%   	 (TP = 54, FP = 34) 
class_id = 68, name = microwave, ap = 47.79%   	 (TP = 23, FP = 10) 
class_id = 69, name = oven, ap = 31.52%   	 (TP = 29, FP = 16) 
class_id = 70, name = toaster, ap = 7.47%   	 (TP = 0, FP = 0) 
class_id = 71, name = sink, ap = 31.31%   	 (TP = 53, FP = 31) 
class_id = 72, name = refrigerator, ap = 37.40%   	 (TP = 26, FP = 3) 
class_id = 73, name = book, ap = 4.57%   	 (TP = 88, FP = 366) 
class_id = 74, name = clock, ap = 47.51%   	 (TP = 106, FP = 37) 
class_id = 75, name = vase, ap = 20.32%   	 (TP = 43, FP = 38) 
class_id = 76, name = scissors, ap = 6.44%   	 (TP = 1, FP = 1) 
class_id = 77, name = teddy bear, ap = 37.68%   	 (TP = 46, FP = 18) 
class_id = 78, name = hair drier, ap = 0.00%   	 (TP = 0, FP = 0) 
class_id = 79, name = toothbrush, ap = 6.32%   	 (TP = 3, FP = 1) 

 for conf_thresh = 0.25, precision = 0.56, recall = 0.25, F1-score = 0.34 
 for conf_thresh = 0.25, TP = 9070, FP = 7194, FN = 27711, average IoU = 39.83 % 

 IoU threshold = 50 %, used Area-Under-Curve for each unique Recall 
 mean average precision (mAP@0.50) = 0.294185, or 29.42 % 
