class_id = 0, name = person, ap = 46.12%   	 (TP = 4280, FP = 2412) 
class_id = 1, name = bicycle, ap = 25.01%   	 (TP = 64, FP = 35) 
class_id = 2, name = car, ap = 29.81%   	 (TP = 587, FP = 673) 
class_id = 3, name = motorcycle, ap = 43.79%   	 (TP = 120, FP = 52) 
class_id = 4, name = airplane, ap = 67.47%   	 (TP = 65, FP = 11) 
class_id = 5, name = bus, ap = 60.91%   	 (TP = 124, FP = 26) 
class_id = 6, name = train, ap = 67.96%   	 (TP = 90, FP = 14) 
class_id = 7, name = truck, ap = 30.66%   	 (TP = 95, FP = 72) 
class_id = 8, name = boat, ap = 15.92%   	 (TP = 63, FP = 96) 
class_id = 9, name = traffic light, ap = 14.95%   	 (TP = 108, FP = 179) 
class_id = 10, name = fire hydrant, ap = 65.48%   	 (TP = 54, FP = 9) 
class_id = 11, name = stop sign, ap = 59.52%   	 (TP = 39, FP = 8) 
class_id = 12, name = parking meter, ap = 34.18%   	 (TP = 14, FP = 6) 
class_id = 13, name = bench, ap = 14.63%   	 (TP = 43, FP = 28) 
class_id = 14, name = bird, ap = 18.21%   	 (TP = 76, FP = 111) 
class_id = 15, name = cat, ap = 63.34%   	 (TP = 68, FP = 25) 
class_id = 16, name = dog, ap = 50.96%   	 (TP = 70, FP = 27) 
class_id = 17, name = horse, ap = 54.82%   	 (TP = 116, FP = 47) 
class_id = 18, name = sheep, ap = 40.60%   	 (TP = 144, FP = 110) 
class_id = 19, name = cow, ap = 43.53%   	 (TP = 153, FP = 96) 
class_id = 20, name = elephant, ap = 63.71%   	 (TP = 143, FP = 46) 
class_id = 21, name = bear, ap = 66.69%   	 (TP = 37, FP = 8) 
class_id = 22, name = zebra, ap = 74.24%   	 (TP = 157, FP = 24) 
class_id = 23, name = giraffe, ap = 73.36%   	 (TP = 136, FP = 15) 
class_id = 24, name = backpack, ap = 7.09%   	 (TP = 12, FP = 29) 
class_id = 25, name = umbrella, ap = 29.13%   	 (TP = 98, FP = 65) 
class_id = 26, name = handbag, ap = 3.77%   	 (TP = 10, FP = 11) 
class_id = 27, name = tie, ap = 24.15%   	 (TP = 62, FP = 49) 
class_id = 28, name = suitcase, ap = 18.84%   	 (TP = 44, FP = 42) 
class_id = 29, name = frisbee, ap = 48.45%   	 (TP = 46, FP = 21) 
class_id = 30, name = skis, ap = 15.53%   	 (TP = 37, FP = 62) 
class_id = 31, name = snowboard, ap = 19.80%   	 (TP = 11, FP = 14) 
class_id = 32, name = sports ball, ap = 24.09%   	 (TP = 70, FP = 75) 
class_id = 33, name = kite, ap = 29.22%   	 (TP = 106, FP = 137) 
class_id = 34, name = baseball bat, ap = 14.82%   	 (TP = 19, FP = 21) 
class_id = 35, name = baseball glove, ap = 23.79%   	 (TP = 39, FP = 45) 
class_id = 36, name = skateboard, ap = 39.55%   	 (TP = 59, FP = 30) 
class_id = 37, name = surfboard, ap = 24.57%   	 (TP = 55, FP = 57) 
class_id = 38, name = tennis racket, ap = 40.09%   	 (TP = 78, FP = 33) 
class_id = 39, name = bottle, ap = 17.93%   	 (TP = 159, FP = 181) 
class_id = 40, name = wine glass, ap = 19.02%   	 (TP = 43, FP = 31) 
class_id = 41, name = cup, ap = 24.57%   	 (TP = 196, FP = 182) 
class_id = 42, name = fork, ap = 11.23%   	 (TP = 13, FP = 14) 
class_id = 43, name = knife, ap = 2.98%   	 (TP = 6, FP = 31) 
class_id = 44, name = spoon, ap = 3.65%   	 (TP = 6, FP = 12) 
class_id = 45, name = bowl, ap = 30.50%   	 (TP = 157, FP = 125) 
class_id = 46, name = banana, ap = 19.22%   	 (TP = 48, FP = 42) 
class_id = 47, name = apple, ap = 13.31%   	 (TP = 25, FP = 30) 
class_id = 48, name = sandwich, ap = 32.20%   	 (TP = 34, FP = 32) 
class_id = 49, name = orange, ap = 27.16%   	 (TP = 64, FP = 46) 
class_id = 50, name = broccoli, ap = 23.92%   	 (TP = 49, FP = 53) 
class_id = 51, name = carrot, ap = 13.90%   	 (TP = 30, FP = 32) 
class_id = 52, name = hot dog, ap = 25.42%   	 (TP = 22, FP = 16) 
class_id = 53, name = pizza, ap = 44.76%   	 (TP = 86, FP = 39) 
class_id = 54, name = donut, ap = 31.63%   	 (TP = 85, FP = 77) 
class_id = 55, name = cake, ap = 27.82%   	 (TP = 53, FP = 35) 
class_id = 56, name = chair, ap = 18.13%   	 (TP = 208, FP = 165) 
class_id = 57, name = couch, ap = 42.31%   	 (TP = 67, FP = 20) 
class_id = 58, name = potted plant, ap = 22.05%   	 (TP = 55, FP = 52) 
class_id = 59, name = bed, ap = 37.95%   	 (TP = 18, FP = 2) 
class_id = 60, name = dining table, ap = 19.26%   	 (TP = 43, FP = 33) 
class_id = 61, name = toilet, ap = 59.57%   	 (TP = 78, FP = 29) 
class_id = 62, name = tv, ap = 54.23%   	 (TP = 126, FP = 46) 
class_id = 63, name = laptop, ap = 53.68%   	 (TP = 89, FP = 32) 
class_id = 64, name = mouse, ap = 50.44%   	 (TP = 49, FP = 13) 
class_id = 65, name = remote, ap = 8.77%   	 (TP = 21, FP = 36) 
class_id = 66, name = keyboard, ap = 51.81%   	 (TP = 62, FP = 27) 
class_id = 67, name = cell phone, ap = 22.73%   	 (TP = 45, FP = 23) 
class_id = 68, name = microwave, ap = 52.31%   	 (TP = 23, FP = 6) 
class_id = 69, name = oven, ap = 31.72%   	 (TP = 29, FP = 17) 
class_id = 70, name = toaster, ap = 17.72%   	 (TP = 0, FP = 0) 
class_id = 71, name = sink, ap = 31.74%   	 (TP = 65, FP = 51) 
class_id = 72, name = refrigerator, ap = 38.71%   	 (TP = 32, FP = 9) 
class_id = 73, name = book, ap = 4.29%   	 (TP = 92, FP = 511) 
class_id = 74, name = clock, ap = 48.94%   	 (TP = 123, FP = 52) 
class_id = 75, name = vase, ap = 24.66%   	 (TP = 50, FP = 38) 
class_id = 76, name = scissors, ap = 11.22%   	 (TP = 2, FP = 2) 
class_id = 77, name = teddy bear, ap = 45.72%   	 (TP = 55, FP = 9) 
class_id = 78, name = hair drier, ap = 0.00%   	 (TP = 0, FP = 0) 
class_id = 79, name = toothbrush, ap = 8.13%   	 (TP = 4, FP = 4) 

 for conf_thresh = 0.25, precision = 0.59, recall = 0.27, F1-score = 0.37 
 for conf_thresh = 0.25, TP = 10004, FP = 6976, FN = 26777, average IoU = 43.17 % 

 IoU threshold = 50 %, used Area-Under-Curve for each unique Recall 
 mean average precision (mAP@0.50) = 0.326759, or 32.68 % 
