class_id = 0, name = person, ap = 45.97%   	 (TP = 4334, FP = 2571) 
class_id = 1, name = bicycle, ap = 25.13%   	 (TP = 62, FP = 37) 
class_id = 2, name = car, ap = 28.54%   	 (TP = 568, FP = 705) 
class_id = 3, name = motorcycle, ap = 43.19%   	 (TP = 122, FP = 45) 
class_id = 4, name = airplane, ap = 68.53%   	 (TP = 71, FP = 14) 
class_id = 5, name = bus, ap = 61.40%   	 (TP = 128, FP = 22) 
class_id = 6, name = train, ap = 68.66%   	 (TP = 98, FP = 15) 
class_id = 7, name = truck, ap = 30.18%   	 (TP = 96, FP = 64) 
class_id = 8, name = boat, ap = 16.69%   	 (TP = 71, FP = 106) 
class_id = 9, name = traffic light, ap = 13.28%   	 (TP = 107, FP = 205) 
class_id = 10, name = fire hydrant, ap = 62.85%   	 (TP = 56, FP = 11) 
class_id = 11, name = stop sign, ap = 60.01%   	 (TP = 40, FP = 8) 
class_id = 12, name = parking meter, ap = 33.58%   	 (TP = 13, FP = 6) 
class_id = 13, name = bench, ap = 15.31%   	 (TP = 44, FP = 22) 
class_id = 14, name = bird, ap = 18.32%   	 (TP = 77, FP = 119) 
class_id = 15, name = cat, ap = 63.00%   	 (TP = 77, FP = 30) 
class_id = 16, name = dog, ap = 51.08%   	 (TP = 73, FP = 34) 
class_id = 17, name = horse, ap = 55.88%   	 (TP = 112, FP = 37) 
class_id = 18, name = sheep, ap = 40.76%   	 (TP = 151, FP = 134) 
class_id = 19, name = cow, ap = 44.08%   	 (TP = 161, FP = 112) 
class_id = 20, name = elephant, ap = 64.88%   	 (TP = 144, FP = 55) 
class_id = 21, name = bear, ap = 68.13%   	 (TP = 39, FP = 8) 
class_id = 22, name = zebra, ap = 75.29%   	 (TP = 158, FP = 19) 
class_id = 23, name = giraffe, ap = 75.78%   	 (TP = 137, FP = 10) 
class_id = 24, name = backpack, ap = 6.77%   	 (TP = 14, FP = 25) 
class_id = 25, name = umbrella, ap = 30.09%   	 (TP = 107, FP = 83) 
class_id = 26, name = handbag, ap = 3.75%   	 (TP = 10, FP = 13) 
class_id = 27, name = tie, ap = 25.99%   	 (TP = 65, FP = 48) 
class_id = 28, name = suitcase, ap = 18.51%   	 (TP = 46, FP = 56) 
class_id = 29, name = frisbee, ap = 49.63%   	 (TP = 42, FP = 16) 
class_id = 30, name = skis, ap = 14.85%   	 (TP = 41, FP = 81) 
class_id = 31, name = snowboard, ap = 19.64%   	 (TP = 11, FP = 8) 
class_id = 32, name = sports ball, ap = 23.28%   	 (TP = 71, FP = 68) 
class_id = 33, name = kite, ap = 26.97%   	 (TP = 103, FP = 154) 
class_id = 34, name = baseball bat, ap = 15.51%   	 (TP = 19, FP = 18) 
class_id = 35, name = baseball glove, ap = 26.74%   	 (TP = 42, FP = 38) 
class_id = 36, name = skateboard, ap = 40.56%   	 (TP = 65, FP = 27) 
class_id = 37, name = surfboard, ap = 25.29%   	 (TP = 59, FP = 54) 
class_id = 38, name = tennis racket, ap = 43.39%   	 (TP = 86, FP = 31) 
class_id = 39, name = bottle, ap = 16.22%   	 (TP = 161, FP = 242) 
class_id = 40, name = wine glass, ap = 18.53%   	 (TP = 46, FP = 38) 
class_id = 41, name = cup, ap = 25.14%   	 (TP = 187, FP = 187) 
class_id = 42, name = fork, ap = 10.80%   	 (TP = 10, FP = 15) 
class_id = 43, name = knife, ap = 2.73%   	 (TP = 6, FP = 36) 
class_id = 44, name = spoon, ap = 3.11%   	 (TP = 6, FP = 13) 
class_id = 45, name = bowl, ap = 31.02%   	 (TP = 161, FP = 150) 
class_id = 46, name = banana, ap = 19.16%   	 (TP = 60, FP = 48) 
class_id = 47, name = apple, ap = 13.93%   	 (TP = 25, FP = 28) 
class_id = 48, name = sandwich, ap = 31.22%   	 (TP = 35, FP = 26) 
class_id = 49, name = orange, ap = 27.60%   	 (TP = 67, FP = 54) 
class_id = 50, name = broccoli, ap = 24.83%   	 (TP = 61, FP = 62) 
class_id = 51, name = carrot, ap = 12.17%   	 (TP = 29, FP = 42) 
class_id = 52, name = hot dog, ap = 23.87%   	 (TP = 21, FP = 19) 
class_id = 53, name = pizza, ap = 44.84%   	 (TP = 83, FP = 34) 
class_id = 54, name = donut, ap = 31.49%   	 (TP = 92, FP = 95) 
class_id = 55, name = cake, ap = 28.41%   	 (TP = 64, FP = 49) 
class_id = 56, name = chair, ap = 18.27%   	 (TP = 192, FP = 147) 
class_id = 57, name = couch, ap = 42.44%   	 (TP = 73, FP = 23) 
class_id = 58, name = potted plant, ap = 20.52%   	 (TP = 43, FP = 51) 
class_id = 59, name = bed, ap = 38.25%   	 (TP = 20, FP = 5) 
class_id = 60, name = dining table, ap = 19.40%   	 (TP = 41, FP = 31) 
class_id = 61, name = toilet, ap = 60.66%   	 (TP = 83, FP = 27) 
class_id = 62, name = tv, ap = 54.71%   	 (TP = 128, FP = 45) 
class_id = 63, name = laptop, ap = 52.73%   	 (TP = 89, FP = 34) 
class_id = 64, name = mouse, ap = 50.49%   	 (TP = 50, FP = 20) 
class_id = 65, name = remote, ap = 8.84%   	 (TP = 22, FP = 36) 
class_id = 66, name = keyboard, ap = 51.46%   	 (TP = 65, FP = 35) 
class_id = 67, name = cell phone, ap = 23.33%   	 (TP = 47, FP = 27) 
class_id = 68, name = microwave, ap = 53.48%   	 (TP = 24, FP = 5) 
class_id = 69, name = oven, ap = 31.60%   	 (TP = 27, FP = 17) 
class_id = 70, name = toaster, ap = 19.66%   	 (TP = 0, FP = 0) 
class_id = 71, name = sink, ap = 34.22%   	 (TP = 70, FP = 47) 
class_id = 72, name = refrigerator, ap = 40.41%   	 (TP = 36, FP = 8) 
class_id = 73, name = book, ap = 4.29%   	 (TP = 97, FP = 564) 
class_id = 74, name = clock, ap = 50.37%   	 (TP = 125, FP = 46) 
class_id = 75, name = vase, ap = 24.01%   	 (TP = 52, FP = 37) 
class_id = 76, name = scissors, ap = 9.84%   	 (TP = 3, FP = 2) 
class_id = 77, name = teddy bear, ap = 45.82%   	 (TP = 51, FP = 9) 
class_id = 78, name = hair drier, ap = 0.00%   	 (TP = 0, FP = 0) 
class_id = 79, name = toothbrush, ap = 7.60%   	 (TP = 4, FP = 3) 

 for conf_thresh = 0.25, precision = 0.58, recall = 0.28, F1-score = 0.37 
 for conf_thresh = 0.25, TP = 10176, FP = 7466, FN = 26605, average IoU = 42.20 % 

 IoU threshold = 50 %, used Area-Under-Curve for each unique Recall 
 mean average precision (mAP@0.50) = 0.328626, or 32.86 % 
