class_id = 0, name = person, ap = 46.32%   	 (TP = 4255, FP = 2359) 
class_id = 1, name = bicycle, ap = 25.24%   	 (TP = 61, FP = 37) 
class_id = 2, name = car, ap = 29.82%   	 (TP = 578, FP = 611) 
class_id = 3, name = motorcycle, ap = 42.67%   	 (TP = 117, FP = 47) 
class_id = 4, name = airplane, ap = 67.08%   	 (TP = 63, FP = 10) 
class_id = 5, name = bus, ap = 59.14%   	 (TP = 119, FP = 23) 
class_id = 6, name = train, ap = 65.88%   	 (TP = 85, FP = 16) 
class_id = 7, name = truck, ap = 30.54%   	 (TP = 94, FP = 61) 
class_id = 8, name = boat, ap = 18.01%   	 (TP = 72, FP = 91) 
class_id = 9, name = traffic light, ap = 14.56%   	 (TP = 109, FP = 163) 
class_id = 10, name = fire hydrant, ap = 63.09%   	 (TP = 51, FP = 6) 
class_id = 11, name = stop sign, ap = 58.99%   	 (TP = 39, FP = 8) 
class_id = 12, name = parking meter, ap = 32.71%   	 (TP = 14, FP = 6) 
class_id = 13, name = bench, ap = 15.27%   	 (TP = 41, FP = 24) 
class_id = 14, name = bird, ap = 19.77%   	 (TP = 79, FP = 99) 
class_id = 15, name = cat, ap = 63.69%   	 (TP = 68, FP = 18) 
class_id = 16, name = dog, ap = 49.65%   	 (TP = 67, FP = 24) 
class_id = 17, name = horse, ap = 54.48%   	 (TP = 121, FP = 53) 
class_id = 18, name = sheep, ap = 42.64%   	 (TP = 142, FP = 111) 
class_id = 19, name = cow, ap = 44.65%   	 (TP = 155, FP = 74) 
class_id = 20, name = elephant, ap = 62.90%   	 (TP = 141, FP = 51) 
class_id = 21, name = bear, ap = 67.55%   	 (TP = 30, FP = 6) 
class_id = 22, name = zebra, ap = 75.69%   	 (TP = 156, FP = 20) 
class_id = 23, name = giraffe, ap = 73.57%   	 (TP = 136, FP = 19) 
class_id = 24, name = backpack, ap = 6.95%   	 (TP = 14, FP = 20) 
class_id = 25, name = umbrella, ap = 29.74%   	 (TP = 102, FP = 67) 
class_id = 26, name = handbag, ap = 4.01%   	 (TP = 11, FP = 10) 
class_id = 27, name = tie, ap = 24.93%   	 (TP = 65, FP = 52) 
class_id = 28, name = suitcase, ap = 18.25%   	 (TP = 41, FP = 37) 
class_id = 29, name = frisbee, ap = 49.22%   	 (TP = 41, FP = 18) 
class_id = 30, name = skis, ap = 15.26%   	 (TP = 38, FP = 67) 
class_id = 31, name = snowboard, ap = 15.45%   	 (TP = 10, FP = 14) 
class_id = 32, name = sports ball, ap = 24.98%   	 (TP = 71, FP = 63) 
class_id = 33, name = kite, ap = 26.80%   	 (TP = 102, FP = 137) 
class_id = 34, name = baseball bat, ap = 15.53%   	 (TP = 20, FP = 21) 
class_id = 35, name = baseball glove, ap = 23.40%   	 (TP = 38, FP = 41) 
class_id = 36, name = skateboard, ap = 40.62%   	 (TP = 63, FP = 23) 
class_id = 37, name = surfboard, ap = 24.93%   	 (TP = 57, FP = 54) 
class_id = 38, name = tennis racket, ap = 39.56%   	 (TP = 77, FP = 26) 
class_id = 39, name = bottle, ap = 17.57%   	 (TP = 156, FP = 178) 
class_id = 40, name = wine glass, ap = 20.04%   	 (TP = 46, FP = 31) 
class_id = 41, name = cup, ap = 25.52%   	 (TP = 198, FP = 166) 
class_id = 42, name = fork, ap = 11.13%   	 (TP = 11, FP = 9) 
class_id = 43, name = knife, ap = 2.38%   	 (TP = 5, FP = 38) 
class_id = 44, name = spoon, ap = 2.98%   	 (TP = 4, FP = 13) 
class_id = 45, name = bowl, ap = 31.25%   	 (TP = 157, FP = 146) 
class_id = 46, name = banana, ap = 20.07%   	 (TP = 49, FP = 37) 
class_id = 47, name = apple, ap = 13.46%   	 (TP = 28, FP = 35) 
class_id = 48, name = sandwich, ap = 30.24%   	 (TP = 36, FP = 27) 
class_id = 49, name = orange, ap = 27.58%   	 (TP = 69, FP = 47) 
class_id = 50, name = broccoli, ap = 25.04%   	 (TP = 66, FP = 76) 
class_id = 51, name = carrot, ap = 13.31%   	 (TP = 34, FP = 51) 
class_id = 52, name = hot dog, ap = 22.50%   	 (TP = 17, FP = 24) 
class_id = 53, name = pizza, ap = 44.26%   	 (TP = 83, FP = 31) 
class_id = 54, name = donut, ap = 32.16%   	 (TP = 89, FP = 77) 
class_id = 55, name = cake, ap = 27.17%   	 (TP = 59, FP = 47) 
class_id = 56, name = chair, ap = 19.18%   	 (TP = 218, FP = 158) 
class_id = 57, name = couch, ap = 41.86%   	 (TP = 71, FP = 21) 
class_id = 58, name = potted plant, ap = 22.54%   	 (TP = 52, FP = 43) 
class_id = 59, name = bed, ap = 37.15%   	 (TP = 17, FP = 3) 
class_id = 60, name = dining table, ap = 19.39%   	 (TP = 39, FP = 29) 
class_id = 61, name = toilet, ap = 58.74%   	 (TP = 81, FP = 34) 
class_id = 62, name = tv, ap = 54.89%   	 (TP = 127, FP = 44) 
class_id = 63, name = laptop, ap = 53.49%   	 (TP = 90, FP = 27) 
class_id = 64, name = mouse, ap = 47.40%   	 (TP = 47, FP = 20) 
class_id = 65, name = remote, ap = 8.92%   	 (TP = 23, FP = 35) 
class_id = 66, name = keyboard, ap = 50.63%   	 (TP = 53, FP = 19) 
class_id = 67, name = cell phone, ap = 23.22%   	 (TP = 47, FP = 23) 
class_id = 68, name = microwave, ap = 53.64%   	 (TP = 22, FP = 5) 
class_id = 69, name = oven, ap = 32.08%   	 (TP = 29, FP = 18) 
class_id = 70, name = toaster, ap = 19.61%   	 (TP = 0, FP = 0) 
class_id = 71, name = sink, ap = 31.96%   	 (TP = 67, FP = 54) 
class_id = 72, name = refrigerator, ap = 37.94%   	 (TP = 29, FP = 9) 
class_id = 73, name = book, ap = 4.45%   	 (TP = 92, FP = 482) 
class_id = 74, name = clock, ap = 50.57%   	 (TP = 126, FP = 44) 
class_id = 75, name = vase, ap = 23.93%   	 (TP = 44, FP = 30) 
class_id = 76, name = scissors, ap = 9.22%   	 (TP = 2, FP = 1) 
class_id = 77, name = teddy bear, ap = 44.33%   	 (TP = 48, FP = 10) 
class_id = 78, name = hair drier, ap = 0.00%   	 (TP = 0, FP = 0) 
class_id = 79, name = toothbrush, ap = 7.30%   	 (TP = 4, FP = 3) 

 for conf_thresh = 0.25, precision = 0.60, recall = 0.27, F1-score = 0.37 
 for conf_thresh = 0.25, TP = 9978, FP = 6732, FN = 26803, average IoU = 43.64 % 

 IoU threshold = 50 %, used Area-Under-Curve for each unique Recall 
 mean average precision (mAP@0.50) = 0.325334, or 32.53 % 
