class_id = 0, name = person, ap = 46.47%   	 (TP = 4620, FP = 3248) 
class_id = 1, name = bicycle, ap = 26.90%   	 (TP = 69, FP = 40) 
class_id = 2, name = car, ap = 28.64%   	 (TP = 595, FP = 851) 
class_id = 3, name = motorcycle, ap = 43.53%   	 (TP = 125, FP = 60) 
class_id = 4, name = airplane, ap = 67.56%   	 (TP = 77, FP = 31) 
class_id = 5, name = bus, ap = 61.02%   	 (TP = 141, FP = 32) 
class_id = 6, name = train, ap = 68.81%   	 (TP = 107, FP = 24) 
class_id = 7, name = truck, ap = 30.60%   	 (TP = 100, FP = 69) 
class_id = 8, name = boat, ap = 15.16%   	 (TP = 80, FP = 139) 
class_id = 9, name = traffic light, ap = 13.74%   	 (TP = 129, FP = 305) 
class_id = 10, name = fire hydrant, ap = 66.10%   	 (TP = 57, FP = 8) 
class_id = 11, name = stop sign, ap = 60.18%   	 (TP = 41, FP = 8) 
class_id = 12, name = parking meter, ap = 34.00%   	 (TP = 15, FP = 6) 
class_id = 13, name = bench, ap = 15.84%   	 (TP = 44, FP = 25) 
class_id = 14, name = bird, ap = 14.23%   	 (TP = 91, FP = 241) 
class_id = 15, name = cat, ap = 64.57%   	 (TP = 101, FP = 66) 
class_id = 16, name = dog, ap = 53.58%   	 (TP = 78, FP = 42) 
class_id = 17, name = horse, ap = 55.48%   	 (TP = 131, FP = 69) 
class_id = 18, name = sheep, ap = 39.54%   	 (TP = 149, FP = 130) 
class_id = 19, name = cow, ap = 42.83%   	 (TP = 165, FP = 130) 
class_id = 20, name = elephant, ap = 64.33%   	 (TP = 152, FP = 69) 
class_id = 21, name = bear, ap = 67.68%   	 (TP = 40, FP = 20) 
class_id = 22, name = zebra, ap = 77.60%   	 (TP = 173, FP = 26) 
class_id = 23, name = giraffe, ap = 73.02%   	 (TP = 145, FP = 24) 
class_id = 24, name = backpack, ap = 6.32%   	 (TP = 14, FP = 35) 
class_id = 25, name = umbrella, ap = 29.02%   	 (TP = 105, FP = 78) 
class_id = 26, name = handbag, ap = 3.97%   	 (TP = 12, FP = 14) 
class_id = 27, name = tie, ap = 24.18%   	 (TP = 69, FP = 68) 
class_id = 28, name = suitcase, ap = 19.33%   	 (TP = 48, FP = 49) 
class_id = 29, name = frisbee, ap = 50.24%   	 (TP = 49, FP = 20) 
class_id = 30, name = skis, ap = 12.89%   	 (TP = 38, FP = 94) 
class_id = 31, name = snowboard, ap = 17.79%   	 (TP = 12, FP = 17) 
class_id = 32, name = sports ball, ap = 24.10%   	 (TP = 74, FP = 81) 
class_id = 33, name = kite, ap = 26.94%   	 (TP = 110, FP = 187) 
class_id = 34, name = baseball bat, ap = 15.60%   	 (TP = 19, FP = 21) 
class_id = 35, name = baseball glove, ap = 25.83%   	 (TP = 41, FP = 44) 
class_id = 36, name = skateboard, ap = 41.87%   	 (TP = 69, FP = 31) 
class_id = 37, name = surfboard, ap = 24.75%   	 (TP = 68, FP = 74) 
class_id = 38, name = tennis racket, ap = 41.53%   	 (TP = 87, FP = 31) 
class_id = 39, name = bottle, ap = 16.20%   	 (TP = 162, FP = 240) 
class_id = 40, name = wine glass, ap = 19.29%   	 (TP = 46, FP = 41) 
class_id = 41, name = cup, ap = 24.54%   	 (TP = 195, FP = 179) 
class_id = 42, name = fork, ap = 11.31%   	 (TP = 11, FP = 16) 
class_id = 43, name = knife, ap = 2.83%   	 (TP = 8, FP = 40) 
class_id = 44, name = spoon, ap = 3.73%   	 (TP = 8, FP = 14) 
class_id = 45, name = bowl, ap = 31.98%   	 (TP = 171, FP = 160) 
class_id = 46, name = banana, ap = 21.40%   	 (TP = 68, FP = 60) 
class_id = 47, name = apple, ap = 13.40%   	 (TP = 41, FP = 89) 
class_id = 48, name = sandwich, ap = 31.65%   	 (TP = 38, FP = 26) 
class_id = 49, name = orange, ap = 25.40%   	 (TP = 68, FP = 74) 
class_id = 50, name = broccoli, ap = 24.82%   	 (TP = 58, FP = 72) 
class_id = 51, name = carrot, ap = 11.30%   	 (TP = 47, FP = 122) 
class_id = 52, name = hot dog, ap = 22.73%   	 (TP = 20, FP = 30) 
class_id = 53, name = pizza, ap = 48.35%   	 (TP = 109, FP = 61) 
class_id = 54, name = donut, ap = 32.88%   	 (TP = 108, FP = 119) 
class_id = 55, name = cake, ap = 27.98%   	 (TP = 68, FP = 46) 
class_id = 56, name = chair, ap = 16.95%   	 (TP = 194, FP = 205) 
class_id = 57, name = couch, ap = 44.02%   	 (TP = 73, FP = 23) 
class_id = 58, name = potted plant, ap = 22.42%   	 (TP = 51, FP = 52) 
class_id = 59, name = bed, ap = 37.81%   	 (TP = 34, FP = 19) 
class_id = 60, name = dining table, ap = 23.69%   	 (TP = 108, FP = 88) 
class_id = 61, name = toilet, ap = 59.62%   	 (TP = 86, FP = 33) 
class_id = 62, name = tv, ap = 55.07%   	 (TP = 132, FP = 47) 
class_id = 63, name = laptop, ap = 53.25%   	 (TP = 92, FP = 40) 
class_id = 64, name = mouse, ap = 50.79%   	 (TP = 51, FP = 18) 
class_id = 65, name = remote, ap = 9.26%   	 (TP = 29, FP = 50) 
class_id = 66, name = keyboard, ap = 49.71%   	 (TP = 58, FP = 32) 
class_id = 67, name = cell phone, ap = 23.78%   	 (TP = 50, FP = 35) 
class_id = 68, name = microwave, ap = 55.54%   	 (TP = 24, FP = 4) 
class_id = 69, name = oven, ap = 33.24%   	 (TP = 31, FP = 19) 
class_id = 70, name = toaster, ap = 19.91%   	 (TP = 0, FP = 0) 
class_id = 71, name = sink, ap = 33.06%   	 (TP = 70, FP = 51) 
class_id = 72, name = refrigerator, ap = 40.95%   	 (TP = 44, FP = 13) 
class_id = 73, name = book, ap = 4.46%   	 (TP = 90, FP = 483) 
class_id = 74, name = clock, ap = 50.15%   	 (TP = 132, FP = 74) 
class_id = 75, name = vase, ap = 24.62%   	 (TP = 50, FP = 41) 
class_id = 76, name = scissors, ap = 11.41%   	 (TP = 3, FP = 3) 
class_id = 77, name = teddy bear, ap = 45.00%   	 (TP = 60, FP = 15) 
class_id = 78, name = hair drier, ap = 0.00%   	 (TP = 0, FP = 0) 
class_id = 79, name = toothbrush, ap = 7.34%   	 (TP = 4, FP = 6) 

 for conf_thresh = 0.25, precision = 0.54, recall = 0.30, F1-score = 0.38 
 for conf_thresh = 0.25, TP = 10932, FP = 9247, FN = 25849, average IoU = 39.40 % 

 IoU threshold = 50 %, used Area-Under-Curve for each unique Recall 
 mean average precision (mAP@0.50) = 0.329703, or 32.97 % 
