class_id = 0, name = person, ap = 46.26%   	 (TP = 4381, FP = 2663) 
class_id = 1, name = bicycle, ap = 25.77%   	 (TP = 64, FP = 32) 
class_id = 2, name = car, ap = 29.49%   	 (TP = 596, FP = 704) 
class_id = 3, name = motorcycle, ap = 44.04%   	 (TP = 121, FP = 51) 
class_id = 4, name = airplane, ap = 68.46%   	 (TP = 67, FP = 14) 
class_id = 5, name = bus, ap = 61.19%   	 (TP = 130, FP = 23) 
class_id = 6, name = train, ap = 67.32%   	 (TP = 91, FP = 16) 
class_id = 7, name = truck, ap = 31.06%   	 (TP = 100, FP = 65) 
class_id = 8, name = boat, ap = 15.72%   	 (TP = 70, FP = 112) 
class_id = 9, name = traffic light, ap = 14.33%   	 (TP = 117, FP = 221) 
class_id = 10, name = fire hydrant, ap = 64.20%   	 (TP = 52, FP = 9) 
class_id = 11, name = stop sign, ap = 60.17%   	 (TP = 40, FP = 8) 
class_id = 12, name = parking meter, ap = 33.79%   	 (TP = 15, FP = 6) 
class_id = 13, name = bench, ap = 15.02%   	 (TP = 43, FP = 26) 
class_id = 14, name = bird, ap = 17.95%   	 (TP = 79, FP = 145) 
class_id = 15, name = cat, ap = 63.14%   	 (TP = 75, FP = 26) 
class_id = 16, name = dog, ap = 52.43%   	 (TP = 70, FP = 25) 
class_id = 17, name = horse, ap = 55.54%   	 (TP = 114, FP = 40) 
class_id = 18, name = sheep, ap = 40.70%   	 (TP = 144, FP = 121) 
class_id = 19, name = cow, ap = 44.33%   	 (TP = 164, FP = 111) 
class_id = 20, name = elephant, ap = 64.57%   	 (TP = 143, FP = 52) 
class_id = 21, name = bear, ap = 67.87%   	 (TP = 37, FP = 9) 
class_id = 22, name = zebra, ap = 75.50%   	 (TP = 159, FP = 20) 
class_id = 23, name = giraffe, ap = 73.02%   	 (TP = 138, FP = 19) 
class_id = 24, name = backpack, ap = 7.36%   	 (TP = 15, FP = 29) 
class_id = 25, name = umbrella, ap = 30.34%   	 (TP = 102, FP = 79) 
class_id = 26, name = handbag, ap = 3.86%   	 (TP = 10, FP = 11) 
class_id = 27, name = tie, ap = 26.17%   	 (TP = 68, FP = 53) 
class_id = 28, name = suitcase, ap = 19.04%   	 (TP = 40, FP = 45) 
class_id = 29, name = frisbee, ap = 50.52%   	 (TP = 48, FP = 22) 
class_id = 30, name = skis, ap = 14.64%   	 (TP = 35, FP = 66) 
class_id = 31, name = snowboard, ap = 16.43%   	 (TP = 10, FP = 11) 
class_id = 32, name = sports ball, ap = 22.71%   	 (TP = 73, FP = 76) 
class_id = 33, name = kite, ap = 28.28%   	 (TP = 105, FP = 144) 
class_id = 34, name = baseball bat, ap = 15.72%   	 (TP = 20, FP = 22) 
class_id = 35, name = baseball glove, ap = 26.24%   	 (TP = 40, FP = 40) 
class_id = 36, name = skateboard, ap = 40.43%   	 (TP = 59, FP = 28) 
class_id = 37, name = surfboard, ap = 23.77%   	 (TP = 60, FP = 65) 
class_id = 38, name = tennis racket, ap = 41.72%   	 (TP = 82, FP = 27) 
class_id = 39, name = bottle, ap = 17.46%   	 (TP = 160, FP = 181) 
class_id = 40, name = wine glass, ap = 19.11%   	 (TP = 41, FP = 39) 
class_id = 41, name = cup, ap = 25.19%   	 (TP = 189, FP = 175) 
class_id = 42, name = fork, ap = 11.19%   	 (TP = 11, FP = 13) 
class_id = 43, name = knife, ap = 2.80%   	 (TP = 6, FP = 37) 
class_id = 44, name = spoon, ap = 3.06%   	 (TP = 4, FP = 13) 
class_id = 45, name = bowl, ap = 30.91%   	 (TP = 160, FP = 134) 
class_id = 46, name = banana, ap = 19.90%   	 (TP = 52, FP = 41) 
class_id = 47, name = apple, ap = 13.36%   	 (TP = 31, FP = 41) 
class_id = 48, name = sandwich, ap = 32.17%   	 (TP = 37, FP = 26) 
class_id = 49, name = orange, ap = 27.20%   	 (TP = 66, FP = 42) 
class_id = 50, name = broccoli, ap = 24.69%   	 (TP = 51, FP = 56) 
class_id = 51, name = carrot, ap = 13.19%   	 (TP = 34, FP = 47) 
class_id = 52, name = hot dog, ap = 23.46%   	 (TP = 17, FP = 16) 
class_id = 53, name = pizza, ap = 47.40%   	 (TP = 98, FP = 43) 
class_id = 54, name = donut, ap = 31.64%   	 (TP = 92, FP = 77) 
class_id = 55, name = cake, ap = 27.51%   	 (TP = 61, FP = 38) 
class_id = 56, name = chair, ap = 18.41%   	 (TP = 200, FP = 168) 
class_id = 57, name = couch, ap = 42.42%   	 (TP = 70, FP = 20) 
class_id = 58, name = potted plant, ap = 22.18%   	 (TP = 47, FP = 53) 
class_id = 59, name = bed, ap = 36.31%   	 (TP = 20, FP = 4) 
class_id = 60, name = dining table, ap = 20.56%   	 (TP = 43, FP = 26) 
class_id = 61, name = toilet, ap = 60.37%   	 (TP = 83, FP = 33) 
class_id = 62, name = tv, ap = 55.62%   	 (TP = 129, FP = 45) 
class_id = 63, name = laptop, ap = 52.89%   	 (TP = 92, FP = 31) 
class_id = 64, name = mouse, ap = 50.45%   	 (TP = 48, FP = 16) 
class_id = 65, name = remote, ap = 9.05%   	 (TP = 24, FP = 38) 
class_id = 66, name = keyboard, ap = 50.18%   	 (TP = 56, FP = 23) 
class_id = 67, name = cell phone, ap = 24.16%   	 (TP = 48, FP = 27) 
class_id = 68, name = microwave, ap = 53.71%   	 (TP = 24, FP = 6) 
class_id = 69, name = oven, ap = 31.84%   	 (TP = 28, FP = 17) 
class_id = 70, name = toaster, ap = 19.87%   	 (TP = 0, FP = 0) 
class_id = 71, name = sink, ap = 33.15%   	 (TP = 70, FP = 46) 
class_id = 72, name = refrigerator, ap = 41.25%   	 (TP = 35, FP = 7) 
class_id = 73, name = book, ap = 4.52%   	 (TP = 90, FP = 466) 
class_id = 74, name = clock, ap = 50.87%   	 (TP = 129, FP = 50) 
class_id = 75, name = vase, ap = 25.17%   	 (TP = 51, FP = 34) 
class_id = 76, name = scissors, ap = 12.17%   	 (TP = 3, FP = 3) 
class_id = 77, name = teddy bear, ap = 45.56%   	 (TP = 57, FP = 10) 
class_id = 78, name = hair drier, ap = 0.00%   	 (TP = 0, FP = 0) 
class_id = 79, name = toothbrush, ap = 7.46%   	 (TP = 4, FP = 3) 

 for conf_thresh = 0.25, precision = 0.58, recall = 0.28, F1-score = 0.38 
 for conf_thresh = 0.25, TP = 10238, FP = 7381, FN = 26543, average IoU = 42.56 % 

 IoU threshold = 50 %, used Area-Under-Curve for each unique Recall 
 mean average precision (mAP@0.50) = 0.329686, or 32.97 % 
