class_id = 0, name = person, ap = 46.92%   	 (TP = 4620, FP = 3085) 
class_id = 1, name = bicycle, ap = 26.74%   	 (TP = 65, FP = 36) 
class_id = 2, name = car, ap = 29.20%   	 (TP = 591, FP = 754) 
class_id = 3, name = motorcycle, ap = 44.91%   	 (TP = 126, FP = 52) 
class_id = 4, name = airplane, ap = 68.54%   	 (TP = 74, FP = 22) 
class_id = 5, name = bus, ap = 62.11%   	 (TP = 140, FP = 30) 
class_id = 6, name = train, ap = 69.18%   	 (TP = 105, FP = 23) 
class_id = 7, name = truck, ap = 31.47%   	 (TP = 99, FP = 68) 
class_id = 8, name = boat, ap = 15.63%   	 (TP = 72, FP = 127) 
class_id = 9, name = traffic light, ap = 15.68%   	 (TP = 125, FP = 243) 
class_id = 10, name = fire hydrant, ap = 65.29%   	 (TP = 55, FP = 9) 
class_id = 11, name = stop sign, ap = 60.18%   	 (TP = 41, FP = 9) 
class_id = 12, name = parking meter, ap = 34.22%   	 (TP = 17, FP = 7) 
class_id = 13, name = bench, ap = 15.48%   	 (TP = 46, FP = 30) 
class_id = 14, name = bird, ap = 17.24%   	 (TP = 86, FP = 191) 
class_id = 15, name = cat, ap = 65.40%   	 (TP = 92, FP = 42) 
class_id = 16, name = dog, ap = 53.56%   	 (TP = 78, FP = 41) 
class_id = 17, name = horse, ap = 57.24%   	 (TP = 123, FP = 47) 
class_id = 18, name = sheep, ap = 40.25%   	 (TP = 153, FP = 145) 
class_id = 19, name = cow, ap = 43.96%   	 (TP = 171, FP = 128) 
class_id = 20, name = elephant, ap = 66.32%   	 (TP = 156, FP = 62) 
class_id = 21, name = bear, ap = 66.32%   	 (TP = 42, FP = 20) 
class_id = 22, name = zebra, ap = 76.70%   	 (TP = 169, FP = 20) 
class_id = 23, name = giraffe, ap = 73.69%   	 (TP = 146, FP = 22) 
class_id = 24, name = backpack, ap = 6.82%   	 (TP = 14, FP = 27) 
class_id = 25, name = umbrella, ap = 30.04%   	 (TP = 107, FP = 82) 
class_id = 26, name = handbag, ap = 3.94%   	 (TP = 10, FP = 11) 
class_id = 27, name = tie, ap = 24.92%   	 (TP = 70, FP = 60) 
class_id = 28, name = suitcase, ap = 19.58%   	 (TP = 43, FP = 47) 
class_id = 29, name = frisbee, ap = 50.40%   	 (TP = 49, FP = 26) 
class_id = 30, name = skis, ap = 14.42%   	 (TP = 39, FP = 78) 
class_id = 31, name = snowboard, ap = 17.24%   	 (TP = 11, FP = 14) 
class_id = 32, name = sports ball, ap = 24.71%   	 (TP = 74, FP = 80) 
class_id = 33, name = kite, ap = 27.60%   	 (TP = 115, FP = 187) 
class_id = 34, name = baseball bat, ap = 15.90%   	 (TP = 22, FP = 20) 
class_id = 35, name = baseball glove, ap = 25.03%   	 (TP = 40, FP = 37) 
class_id = 36, name = skateboard, ap = 40.78%   	 (TP = 63, FP = 29) 
class_id = 37, name = surfboard, ap = 23.70%   	 (TP = 62, FP = 66) 
class_id = 38, name = tennis racket, ap = 42.57%   	 (TP = 86, FP = 27) 
class_id = 39, name = bottle, ap = 17.35%   	 (TP = 152, FP = 186) 
class_id = 40, name = wine glass, ap = 18.74%   	 (TP = 44, FP = 41) 
class_id = 41, name = cup, ap = 24.60%   	 (TP = 199, FP = 181) 
class_id = 42, name = fork, ap = 11.49%   	 (TP = 11, FP = 15) 
class_id = 43, name = knife, ap = 2.79%   	 (TP = 6, FP = 38) 
class_id = 44, name = spoon, ap = 3.63%   	 (TP = 6, FP = 11) 
class_id = 45, name = bowl, ap = 31.27%   	 (TP = 164, FP = 147) 
class_id = 46, name = banana, ap = 20.76%   	 (TP = 64, FP = 51) 
class_id = 47, name = apple, ap = 14.40%   	 (TP = 35, FP = 51) 
class_id = 48, name = sandwich, ap = 32.63%   	 (TP = 41, FP = 31) 
class_id = 49, name = orange, ap = 27.57%   	 (TP = 72, FP = 57) 
class_id = 50, name = broccoli, ap = 25.01%   	 (TP = 53, FP = 60) 
class_id = 51, name = carrot, ap = 13.34%   	 (TP = 41, FP = 69) 
class_id = 52, name = hot dog, ap = 24.35%   	 (TP = 21, FP = 25) 
class_id = 53, name = pizza, ap = 48.73%   	 (TP = 109, FP = 58) 
class_id = 54, name = donut, ap = 32.50%   	 (TP = 98, FP = 95) 
class_id = 55, name = cake, ap = 28.61%   	 (TP = 68, FP = 46) 
class_id = 56, name = chair, ap = 17.88%   	 (TP = 200, FP = 177) 
class_id = 57, name = couch, ap = 43.22%   	 (TP = 73, FP = 24) 
class_id = 58, name = potted plant, ap = 22.73%   	 (TP = 53, FP = 57) 
class_id = 59, name = bed, ap = 38.66%   	 (TP = 31, FP = 15) 
class_id = 60, name = dining table, ap = 21.97%   	 (TP = 75, FP = 64) 
class_id = 61, name = toilet, ap = 60.51%   	 (TP = 87, FP = 36) 
class_id = 62, name = tv, ap = 55.62%   	 (TP = 132, FP = 54) 
class_id = 63, name = laptop, ap = 53.16%   	 (TP = 95, FP = 38) 
class_id = 64, name = mouse, ap = 50.62%   	 (TP = 48, FP = 16) 
class_id = 65, name = remote, ap = 8.86%   	 (TP = 25, FP = 50) 
class_id = 66, name = keyboard, ap = 50.47%   	 (TP = 60, FP = 30) 
class_id = 67, name = cell phone, ap = 23.50%   	 (TP = 51, FP = 33) 
class_id = 68, name = microwave, ap = 54.44%   	 (TP = 24, FP = 7) 
class_id = 69, name = oven, ap = 33.63%   	 (TP = 33, FP = 22) 
class_id = 70, name = toaster, ap = 19.66%   	 (TP = 0, FP = 0) 
class_id = 71, name = sink, ap = 33.60%   	 (TP = 71, FP = 47) 
class_id = 72, name = refrigerator, ap = 42.19%   	 (TP = 41, FP = 9) 
class_id = 73, name = book, ap = 4.64%   	 (TP = 98, FP = 502) 
class_id = 74, name = clock, ap = 49.43%   	 (TP = 128, FP = 64) 
class_id = 75, name = vase, ap = 24.49%   	 (TP = 50, FP = 40) 
class_id = 76, name = scissors, ap = 11.72%   	 (TP = 3, FP = 3) 
class_id = 77, name = teddy bear, ap = 45.36%   	 (TP = 64, FP = 18) 
class_id = 78, name = hair drier, ap = 0.00%   	 (TP = 0, FP = 0) 
class_id = 79, name = toothbrush, ap = 7.33%   	 (TP = 4, FP = 7) 

 for conf_thresh = 0.25, precision = 0.56, recall = 0.29, F1-score = 0.39 
 for conf_thresh = 0.25, TP = 10827, FP = 8479, FN = 25954, average IoU = 40.94 % 

 IoU threshold = 50 %, used Area-Under-Curve for each unique Recall 
 mean average precision (mAP@0.50) = 0.333168, or 33.32 % 
