class_id = 0, name = person, ap = 47.05%   	 (TP = 4630, FP = 3247) 
class_id = 1, name = bicycle, ap = 26.29%   	 (TP = 64, FP = 39) 
class_id = 2, name = car, ap = 28.87%   	 (TP = 589, FP = 798) 
class_id = 3, name = motorcycle, ap = 45.10%   	 (TP = 127, FP = 50) 
class_id = 4, name = airplane, ap = 68.41%   	 (TP = 77, FP = 27) 
class_id = 5, name = bus, ap = 62.26%   	 (TP = 141, FP = 31) 
class_id = 6, name = train, ap = 69.40%   	 (TP = 107, FP = 33) 
class_id = 7, name = truck, ap = 31.51%   	 (TP = 103, FP = 67) 
class_id = 8, name = boat, ap = 15.58%   	 (TP = 74, FP = 126) 
class_id = 9, name = traffic light, ap = 15.47%   	 (TP = 127, FP = 249) 
class_id = 10, name = fire hydrant, ap = 66.02%   	 (TP = 56, FP = 9) 
class_id = 11, name = stop sign, ap = 60.43%   	 (TP = 40, FP = 10) 
class_id = 12, name = parking meter, ap = 34.05%   	 (TP = 16, FP = 7) 
class_id = 13, name = bench, ap = 16.02%   	 (TP = 47, FP = 29) 
class_id = 14, name = bird, ap = 17.00%   	 (TP = 87, FP = 191) 
class_id = 15, name = cat, ap = 65.49%   	 (TP = 97, FP = 54) 
class_id = 16, name = dog, ap = 54.18%   	 (TP = 84, FP = 48) 
class_id = 17, name = horse, ap = 56.84%   	 (TP = 122, FP = 50) 
class_id = 18, name = sheep, ap = 41.33%   	 (TP = 153, FP = 147) 
class_id = 19, name = cow, ap = 43.29%   	 (TP = 170, FP = 142) 
class_id = 20, name = elephant, ap = 65.56%   	 (TP = 157, FP = 66) 
class_id = 21, name = bear, ap = 66.42%   	 (TP = 44, FP = 20) 
class_id = 22, name = zebra, ap = 77.38%   	 (TP = 172, FP = 21) 
class_id = 23, name = giraffe, ap = 73.91%   	 (TP = 150, FP = 24) 
class_id = 24, name = backpack, ap = 6.63%   	 (TP = 14, FP = 28) 
class_id = 25, name = umbrella, ap = 31.26%   	 (TP = 112, FP = 80) 
class_id = 26, name = handbag, ap = 3.73%   	 (TP = 10, FP = 13) 
class_id = 27, name = tie, ap = 23.81%   	 (TP = 71, FP = 71) 
class_id = 28, name = suitcase, ap = 19.73%   	 (TP = 46, FP = 49) 
class_id = 29, name = frisbee, ap = 51.22%   	 (TP = 52, FP = 25) 
class_id = 30, name = skis, ap = 14.58%   	 (TP = 37, FP = 80) 
class_id = 31, name = snowboard, ap = 17.46%   	 (TP = 11, FP = 14) 
class_id = 32, name = sports ball, ap = 22.73%   	 (TP = 73, FP = 86) 
class_id = 33, name = kite, ap = 26.85%   	 (TP = 114, FP = 187) 
class_id = 34, name = baseball bat, ap = 15.33%   	 (TP = 21, FP = 19) 
class_id = 35, name = baseball glove, ap = 26.19%   	 (TP = 39, FP = 38) 
class_id = 36, name = skateboard, ap = 41.27%   	 (TP = 69, FP = 26) 
class_id = 37, name = surfboard, ap = 23.44%   	 (TP = 59, FP = 69) 
class_id = 38, name = tennis racket, ap = 41.57%   	 (TP = 86, FP = 30) 
class_id = 39, name = bottle, ap = 16.93%   	 (TP = 154, FP = 213) 
class_id = 40, name = wine glass, ap = 19.23%   	 (TP = 46, FP = 43) 
class_id = 41, name = cup, ap = 24.69%   	 (TP = 202, FP = 184) 
class_id = 42, name = fork, ap = 11.76%   	 (TP = 14, FP = 15) 
class_id = 43, name = knife, ap = 2.68%   	 (TP = 5, FP = 41) 
class_id = 44, name = spoon, ap = 3.30%   	 (TP = 5, FP = 12) 
class_id = 45, name = bowl, ap = 31.27%   	 (TP = 162, FP = 148) 
class_id = 46, name = banana, ap = 21.10%   	 (TP = 67, FP = 54) 
class_id = 47, name = apple, ap = 14.41%   	 (TP = 33, FP = 50) 
class_id = 48, name = sandwich, ap = 32.45%   	 (TP = 39, FP = 38) 
class_id = 49, name = orange, ap = 27.70%   	 (TP = 68, FP = 60) 
class_id = 50, name = broccoli, ap = 25.44%   	 (TP = 56, FP = 68) 
class_id = 51, name = carrot, ap = 12.95%   	 (TP = 37, FP = 55) 
class_id = 52, name = hot dog, ap = 23.78%   	 (TP = 21, FP = 27) 
class_id = 53, name = pizza, ap = 48.33%   	 (TP = 114, FP = 65) 
class_id = 54, name = donut, ap = 33.12%   	 (TP = 101, FP = 98) 
class_id = 55, name = cake, ap = 28.51%   	 (TP = 69, FP = 47) 
class_id = 56, name = chair, ap = 17.88%   	 (TP = 210, FP = 194) 
class_id = 57, name = couch, ap = 44.25%   	 (TP = 75, FP = 25) 
class_id = 58, name = potted plant, ap = 22.06%   	 (TP = 51, FP = 57) 
class_id = 59, name = bed, ap = 38.67%   	 (TP = 36, FP = 22) 
class_id = 60, name = dining table, ap = 22.50%   	 (TP = 97, FP = 90) 
class_id = 61, name = toilet, ap = 60.26%   	 (TP = 87, FP = 35) 
class_id = 62, name = tv, ap = 54.81%   	 (TP = 132, FP = 54) 
class_id = 63, name = laptop, ap = 54.59%   	 (TP = 98, FP = 39) 
class_id = 64, name = mouse, ap = 50.65%   	 (TP = 48, FP = 18) 
class_id = 65, name = remote, ap = 9.93%   	 (TP = 29, FP = 48) 
class_id = 66, name = keyboard, ap = 50.37%   	 (TP = 61, FP = 34) 
class_id = 67, name = cell phone, ap = 23.62%   	 (TP = 49, FP = 35) 
class_id = 68, name = microwave, ap = 54.80%   	 (TP = 24, FP = 9) 
class_id = 69, name = oven, ap = 33.91%   	 (TP = 32, FP = 22) 
class_id = 70, name = toaster, ap = 19.75%   	 (TP = 0, FP = 0) 
class_id = 71, name = sink, ap = 33.67%   	 (TP = 71, FP = 50) 
class_id = 72, name = refrigerator, ap = 41.23%   	 (TP = 40, FP = 11) 
class_id = 73, name = book, ap = 4.24%   	 (TP = 88, FP = 530) 
class_id = 74, name = clock, ap = 49.63%   	 (TP = 130, FP = 66) 
class_id = 75, name = vase, ap = 24.44%   	 (TP = 54, FP = 47) 
class_id = 76, name = scissors, ap = 11.83%   	 (TP = 3, FP = 3) 
class_id = 77, name = teddy bear, ap = 45.21%   	 (TP = 66, FP = 18) 
class_id = 78, name = hair drier, ap = 0.00%   	 (TP = 0, FP = 0) 
class_id = 79, name = toothbrush, ap = 7.27%   	 (TP = 4, FP = 6) 

 for conf_thresh = 0.25, precision = 0.55, recall = 0.30, F1-score = 0.39 
 for conf_thresh = 0.25, TP = 10926, FP = 8931, FN = 25855, average IoU = 40.12 % 

 IoU threshold = 50 %, used Area-Under-Curve for each unique Recall 
 mean average precision (mAP@0.50) = 0.333367, or 33.34 % 
