class_id = 0, name = person, ap = 43.09%   	 (TP = 4531, FP = 4059) 
class_id = 1, name = bicycle, ap = 23.59%   	 (TP = 58, FP = 30) 
class_id = 2, name = car, ap = 24.33%   	 (TP = 609, FP = 1409) 
class_id = 3, name = motorcycle, ap = 38.36%   	 (TP = 136, FP = 145) 
class_id = 4, name = airplane, ap = 58.26%   	 (TP = 67, FP = 28) 
class_id = 5, name = bus, ap = 57.61%   	 (TP = 127, FP = 37) 
class_id = 6, name = train, ap = 56.50%   	 (TP = 88, FP = 31) 
class_id = 7, name = truck, ap = 27.11%   	 (TP = 82, FP = 59) 
class_id = 8, name = boat, ap = 17.13%   	 (TP = 75, FP = 117) 
class_id = 9, name = traffic light, ap = 9.23%   	 (TP = 110, FP = 364) 
class_id = 10, name = fire hydrant, ap = 59.46%   	 (TP = 53, FP = 10) 
class_id = 11, name = stop sign, ap = 54.28%   	 (TP = 39, FP = 14) 
class_id = 12, name = parking meter, ap = 37.73%   	 (TP = 20, FP = 7) 
class_id = 13, name = bench, ap = 14.88%   	 (TP = 49, FP = 36) 
class_id = 14, name = bird, ap = 14.63%   	 (TP = 79, FP = 163) 
class_id = 15, name = cat, ap = 62.50%   	 (TP = 88, FP = 41) 
class_id = 16, name = dog, ap = 49.19%   	 (TP = 71, FP = 42) 
class_id = 17, name = horse, ap = 54.43%   	 (TP = 113, FP = 43) 
class_id = 18, name = sheep, ap = 34.48%   	 (TP = 136, FP = 158) 
class_id = 19, name = cow, ap = 41.19%   	 (TP = 151, FP = 122) 
class_id = 20, name = elephant, ap = 58.69%   	 (TP = 156, FP = 104) 
class_id = 21, name = bear, ap = 64.19%   	 (TP = 36, FP = 17) 
class_id = 22, name = zebra, ap = 74.00%   	 (TP = 160, FP = 21) 
class_id = 23, name = giraffe, ap = 73.80%   	 (TP = 139, FP = 19) 
class_id = 24, name = backpack, ap = 6.70%   	 (TP = 12, FP = 13) 
class_id = 25, name = umbrella, ap = 27.69%   	 (TP = 85, FP = 57) 
class_id = 26, name = handbag, ap = 2.68%   	 (TP = 8, FP = 17) 
class_id = 27, name = tie, ap = 23.12%   	 (TP = 48, FP = 27) 
class_id = 28, name = suitcase, ap = 19.94%   	 (TP = 43, FP = 30) 
class_id = 29, name = frisbee, ap = 42.47%   	 (TP = 43, FP = 27) 
class_id = 30, name = skis, ap = 12.55%   	 (TP = 38, FP = 67) 
class_id = 31, name = snowboard, ap = 16.60%   	 (TP = 12, FP = 27) 
class_id = 32, name = sports ball, ap = 16.91%   	 (TP = 59, FP = 92) 
class_id = 33, name = kite, ap = 14.31%   	 (TP = 97, FP = 274) 
class_id = 34, name = baseball bat, ap = 14.39%   	 (TP = 19, FP = 24) 
class_id = 35, name = baseball glove, ap = 19.76%   	 (TP = 38, FP = 71) 
class_id = 36, name = skateboard, ap = 31.49%   	 (TP = 54, FP = 43) 
class_id = 37, name = surfboard, ap = 23.23%   	 (TP = 56, FP = 57) 
class_id = 38, name = tennis racket, ap = 38.83%   	 (TP = 84, FP = 42) 
class_id = 39, name = bottle, ap = 15.19%   	 (TP = 158, FP = 236) 
class_id = 40, name = wine glass, ap = 17.17%   	 (TP = 47, FP = 53) 
class_id = 41, name = cup, ap = 21.73%   	 (TP = 187, FP = 237) 
class_id = 42, name = fork, ap = 8.41%   	 (TP = 9, FP = 20) 
class_id = 43, name = knife, ap = 3.77%   	 (TP = 9, FP = 30) 
class_id = 44, name = spoon, ap = 1.73%   	 (TP = 2, FP = 13) 
class_id = 45, name = bowl, ap = 26.97%   	 (TP = 149, FP = 152) 
class_id = 46, name = banana, ap = 17.96%   	 (TP = 54, FP = 69) 
class_id = 47, name = apple, ap = 10.33%   	 (TP = 33, FP = 94) 
class_id = 48, name = sandwich, ap = 26.20%   	 (TP = 39, FP = 56) 
class_id = 49, name = orange, ap = 19.07%   	 (TP = 51, FP = 68) 
class_id = 50, name = broccoli, ap = 22.49%   	 (TP = 43, FP = 42) 
class_id = 51, name = carrot, ap = 10.07%   	 (TP = 14, FP = 25) 
class_id = 52, name = hot dog, ap = 27.43%   	 (TP = 21, FP = 6) 
class_id = 53, name = pizza, ap = 46.12%   	 (TP = 121, FP = 86) 
class_id = 54, name = donut, ap = 29.43%   	 (TP = 109, FP = 159) 
class_id = 55, name = cake, ap = 25.14%   	 (TP = 64, FP = 72) 
class_id = 56, name = chair, ap = 16.17%   	 (TP = 205, FP = 234) 
class_id = 57, name = couch, ap = 37.26%   	 (TP = 70, FP = 60) 
class_id = 58, name = potted plant, ap = 19.42%   	 (TP = 60, FP = 62) 
class_id = 59, name = bed, ap = 29.13%   	 (TP = 24, FP = 14) 
class_id = 60, name = dining table, ap = 21.09%   	 (TP = 92, FP = 87) 
class_id = 61, name = toilet, ap = 52.41%   	 (TP = 89, FP = 64) 
class_id = 62, name = tv, ap = 52.67%   	 (TP = 125, FP = 65) 
class_id = 63, name = laptop, ap = 46.25%   	 (TP = 86, FP = 39) 
class_id = 64, name = mouse, ap = 45.41%   	 (TP = 49, FP = 48) 
class_id = 65, name = remote, ap = 8.29%   	 (TP = 25, FP = 37) 
class_id = 66, name = keyboard, ap = 43.24%   	 (TP = 60, FP = 47) 
class_id = 67, name = cell phone, ap = 22.05%   	 (TP = 41, FP = 37) 
class_id = 68, name = microwave, ap = 43.21%   	 (TP = 21, FP = 6) 
class_id = 69, name = oven, ap = 26.96%   	 (TP = 27, FP = 11) 
class_id = 70, name = toaster, ap = 12.33%   	 (TP = 0, FP = 0) 
class_id = 71, name = sink, ap = 27.70%   	 (TP = 60, FP = 45) 
class_id = 72, name = refrigerator, ap = 37.50%   	 (TP = 23, FP = 5) 
class_id = 73, name = book, ap = 3.33%   	 (TP = 69, FP = 413) 
class_id = 74, name = clock, ap = 48.52%   	 (TP = 128, FP = 82) 
class_id = 75, name = vase, ap = 21.04%   	 (TP = 52, FP = 69) 
class_id = 76, name = scissors, ap = 8.64%   	 (TP = 2, FP = 2) 
class_id = 77, name = teddy bear, ap = 39.13%   	 (TP = 61, FP = 21) 
class_id = 78, name = hair drier, ap = 0.00%   	 (TP = 0, FP = 0) 
class_id = 79, name = toothbrush, ap = 6.96%   	 (TP = 3, FP = 2) 

 for conf_thresh = 0.25, precision = 0.49, recall = 0.28, F1-score = 0.36 
 for conf_thresh = 0.25, TP = 10351, FP = 10812, FN = 26430, average IoU = 34.67 % 

 IoU threshold = 50 %, used Area-Under-Curve for each unique Recall 
 mean average precision (mAP@0.50) = 0.294654, or 29.47 % 
