class_id = 0, name = person, ap = 46.95%   	 (TP = 4642, FP = 3222) 
class_id = 1, name = bicycle, ap = 26.33%   	 (TP = 64, FP = 38) 
class_id = 2, name = car, ap = 29.08%   	 (TP = 593, FP = 763) 
class_id = 3, name = motorcycle, ap = 45.13%   	 (TP = 126, FP = 54) 
class_id = 4, name = airplane, ap = 68.86%   	 (TP = 82, FP = 28) 
class_id = 5, name = bus, ap = 62.31%   	 (TP = 142, FP = 28) 
class_id = 6, name = train, ap = 69.01%   	 (TP = 108, FP = 29) 
class_id = 7, name = truck, ap = 31.47%   	 (TP = 105, FP = 75) 
class_id = 8, name = boat, ap = 16.14%   	 (TP = 76, FP = 121) 
class_id = 9, name = traffic light, ap = 15.20%   	 (TP = 127, FP = 262) 
class_id = 10, name = fire hydrant, ap = 65.06%   	 (TP = 56, FP = 9) 
class_id = 11, name = stop sign, ap = 59.79%   	 (TP = 40, FP = 10) 
class_id = 12, name = parking meter, ap = 34.00%   	 (TP = 17, FP = 7) 
class_id = 13, name = bench, ap = 15.66%   	 (TP = 48, FP = 29) 
class_id = 14, name = bird, ap = 16.99%   	 (TP = 85, FP = 176) 
class_id = 15, name = cat, ap = 65.63%   	 (TP = 95, FP = 49) 
class_id = 16, name = dog, ap = 53.57%   	 (TP = 83, FP = 47) 
class_id = 17, name = horse, ap = 56.62%   	 (TP = 124, FP = 50) 
class_id = 18, name = sheep, ap = 40.59%   	 (TP = 153, FP = 141) 
class_id = 19, name = cow, ap = 42.13%   	 (TP = 165, FP = 143) 
class_id = 20, name = elephant, ap = 66.87%   	 (TP = 157, FP = 58) 
class_id = 21, name = bear, ap = 65.95%   	 (TP = 43, FP = 21) 
class_id = 22, name = zebra, ap = 76.42%   	 (TP = 169, FP = 23) 
class_id = 23, name = giraffe, ap = 73.85%   	 (TP = 148, FP = 23) 
class_id = 24, name = backpack, ap = 6.86%   	 (TP = 14, FP = 25) 
class_id = 25, name = umbrella, ap = 31.75%   	 (TP = 112, FP = 80) 
class_id = 26, name = handbag, ap = 3.71%   	 (TP = 12, FP = 14) 
class_id = 27, name = tie, ap = 24.83%   	 (TP = 71, FP = 63) 
class_id = 28, name = suitcase, ap = 19.58%   	 (TP = 43, FP = 50) 
class_id = 29, name = frisbee, ap = 50.98%   	 (TP = 51, FP = 23) 
class_id = 30, name = skis, ap = 14.18%   	 (TP = 39, FP = 83) 
class_id = 31, name = snowboard, ap = 17.55%   	 (TP = 11, FP = 14) 
class_id = 32, name = sports ball, ap = 23.34%   	 (TP = 73, FP = 83) 
class_id = 33, name = kite, ap = 28.23%   	 (TP = 115, FP = 186) 
class_id = 34, name = baseball bat, ap = 15.89%   	 (TP = 22, FP = 19) 
class_id = 35, name = baseball glove, ap = 24.36%   	 (TP = 40, FP = 38) 
class_id = 36, name = skateboard, ap = 42.49%   	 (TP = 69, FP = 24) 
class_id = 37, name = surfboard, ap = 23.86%   	 (TP = 62, FP = 71) 
class_id = 38, name = tennis racket, ap = 42.09%   	 (TP = 84, FP = 29) 
class_id = 39, name = bottle, ap = 16.86%   	 (TP = 161, FP = 215) 
class_id = 40, name = wine glass, ap = 19.13%   	 (TP = 46, FP = 41) 
class_id = 41, name = cup, ap = 24.70%   	 (TP = 200, FP = 180) 
class_id = 42, name = fork, ap = 12.24%   	 (TP = 13, FP = 15) 
class_id = 43, name = knife, ap = 2.48%   	 (TP = 6, FP = 42) 
class_id = 44, name = spoon, ap = 3.55%   	 (TP = 5, FP = 11) 
class_id = 45, name = bowl, ap = 31.23%   	 (TP = 167, FP = 150) 
class_id = 46, name = banana, ap = 21.37%   	 (TP = 64, FP = 47) 
class_id = 47, name = apple, ap = 13.67%   	 (TP = 34, FP = 52) 
class_id = 48, name = sandwich, ap = 32.41%   	 (TP = 37, FP = 34) 
class_id = 49, name = orange, ap = 27.57%   	 (TP = 67, FP = 56) 
class_id = 50, name = broccoli, ap = 25.23%   	 (TP = 56, FP = 66) 
class_id = 51, name = carrot, ap = 12.54%   	 (TP = 36, FP = 55) 
class_id = 52, name = hot dog, ap = 24.11%   	 (TP = 20, FP = 25) 
class_id = 53, name = pizza, ap = 48.39%   	 (TP = 111, FP = 63) 
class_id = 54, name = donut, ap = 32.51%   	 (TP = 100, FP = 96) 
class_id = 55, name = cake, ap = 28.48%   	 (TP = 70, FP = 46) 
class_id = 56, name = chair, ap = 18.11%   	 (TP = 204, FP = 182) 
class_id = 57, name = couch, ap = 43.86%   	 (TP = 75, FP = 26) 
class_id = 58, name = potted plant, ap = 22.51%   	 (TP = 53, FP = 58) 
class_id = 59, name = bed, ap = 38.59%   	 (TP = 35, FP = 22) 
class_id = 60, name = dining table, ap = 22.48%   	 (TP = 96, FP = 88) 
class_id = 61, name = toilet, ap = 60.99%   	 (TP = 86, FP = 39) 
class_id = 62, name = tv, ap = 55.15%   	 (TP = 132, FP = 52) 
class_id = 63, name = laptop, ap = 53.97%   	 (TP = 95, FP = 36) 
class_id = 64, name = mouse, ap = 51.32%   	 (TP = 51, FP = 19) 
class_id = 65, name = remote, ap = 9.44%   	 (TP = 26, FP = 48) 
class_id = 66, name = keyboard, ap = 50.42%   	 (TP = 61, FP = 34) 
class_id = 67, name = cell phone, ap = 23.61%   	 (TP = 49, FP = 36) 
class_id = 68, name = microwave, ap = 54.39%   	 (TP = 23, FP = 9) 
class_id = 69, name = oven, ap = 33.21%   	 (TP = 34, FP = 21) 
class_id = 70, name = toaster, ap = 19.67%   	 (TP = 0, FP = 0) 
class_id = 71, name = sink, ap = 33.67%   	 (TP = 72, FP = 48) 
class_id = 72, name = refrigerator, ap = 40.67%   	 (TP = 41, FP = 11) 
class_id = 73, name = book, ap = 4.42%   	 (TP = 96, FP = 538) 
class_id = 74, name = clock, ap = 49.37%   	 (TP = 130, FP = 65) 
class_id = 75, name = vase, ap = 24.63%   	 (TP = 55, FP = 48) 
class_id = 76, name = scissors, ap = 11.94%   	 (TP = 3, FP = 3) 
class_id = 77, name = teddy bear, ap = 45.93%   	 (TP = 63, FP = 15) 
class_id = 78, name = hair drier, ap = 0.00%   	 (TP = 0, FP = 0) 
class_id = 79, name = toothbrush, ap = 7.09%   	 (TP = 4, FP = 5) 

 for conf_thresh = 0.25, precision = 0.55, recall = 0.30, F1-score = 0.39 
 for conf_thresh = 0.25, TP = 10943, FP = 8805, FN = 25838, average IoU = 40.43 % 

 IoU threshold = 50 %, used Area-Under-Curve for each unique Recall 
 mean average precision (mAP@0.50) = 0.333155, or 33.32 % 
