class_id = 0, name = person, ap = 46.83%   	 (TP = 4584, FP = 3105) 
class_id = 1, name = bicycle, ap = 26.32%   	 (TP = 63, FP = 38) 
class_id = 2, name = car, ap = 28.88%   	 (TP = 590, FP = 782) 
class_id = 3, name = motorcycle, ap = 44.78%   	 (TP = 125, FP = 52) 
class_id = 4, name = airplane, ap = 68.92%   	 (TP = 75, FP = 22) 
class_id = 5, name = bus, ap = 62.15%   	 (TP = 137, FP = 31) 
class_id = 6, name = train, ap = 67.43%   	 (TP = 104, FP = 23) 
class_id = 7, name = truck, ap = 31.23%   	 (TP = 100, FP = 69) 
class_id = 8, name = boat, ap = 16.04%   	 (TP = 75, FP = 123) 
class_id = 9, name = traffic light, ap = 15.52%   	 (TP = 126, FP = 227) 
class_id = 10, name = fire hydrant, ap = 65.22%   	 (TP = 55, FP = 9) 
class_id = 11, name = stop sign, ap = 59.63%   	 (TP = 40, FP = 10) 
class_id = 12, name = parking meter, ap = 33.76%   	 (TP = 16, FP = 6) 
class_id = 13, name = bench, ap = 15.75%   	 (TP = 47, FP = 29) 
class_id = 14, name = bird, ap = 17.67%   	 (TP = 88, FP = 181) 
class_id = 15, name = cat, ap = 65.51%   	 (TP = 90, FP = 43) 
class_id = 16, name = dog, ap = 53.29%   	 (TP = 76, FP = 37) 
class_id = 17, name = horse, ap = 56.23%   	 (TP = 122, FP = 53) 
class_id = 18, name = sheep, ap = 40.89%   	 (TP = 154, FP = 147) 
class_id = 19, name = cow, ap = 43.17%   	 (TP = 169, FP = 134) 
class_id = 20, name = elephant, ap = 65.59%   	 (TP = 155, FP = 63) 
class_id = 21, name = bear, ap = 67.74%   	 (TP = 40, FP = 20) 
class_id = 22, name = zebra, ap = 76.49%   	 (TP = 167, FP = 22) 
class_id = 23, name = giraffe, ap = 73.91%   	 (TP = 143, FP = 21) 
class_id = 24, name = backpack, ap = 6.76%   	 (TP = 14, FP = 28) 
class_id = 25, name = umbrella, ap = 29.48%   	 (TP = 109, FP = 81) 
class_id = 26, name = handbag, ap = 3.71%   	 (TP = 11, FP = 14) 
class_id = 27, name = tie, ap = 24.29%   	 (TP = 69, FP = 64) 
class_id = 28, name = suitcase, ap = 18.88%   	 (TP = 42, FP = 52) 
class_id = 29, name = frisbee, ap = 50.96%   	 (TP = 52, FP = 24) 
class_id = 30, name = skis, ap = 14.46%   	 (TP = 37, FP = 78) 
class_id = 31, name = snowboard, ap = 17.36%   	 (TP = 10, FP = 13) 
class_id = 32, name = sports ball, ap = 24.49%   	 (TP = 74, FP = 82) 
class_id = 33, name = kite, ap = 27.90%   	 (TP = 112, FP = 173) 
class_id = 34, name = baseball bat, ap = 16.02%   	 (TP = 23, FP = 18) 
class_id = 35, name = baseball glove, ap = 25.93%   	 (TP = 39, FP = 39) 
class_id = 36, name = skateboard, ap = 41.40%   	 (TP = 65, FP = 26) 
class_id = 37, name = surfboard, ap = 24.19%   	 (TP = 63, FP = 64) 
class_id = 38, name = tennis racket, ap = 41.17%   	 (TP = 84, FP = 30) 
class_id = 39, name = bottle, ap = 17.27%   	 (TP = 156, FP = 193) 
class_id = 40, name = wine glass, ap = 19.14%   	 (TP = 48, FP = 44) 
class_id = 41, name = cup, ap = 24.90%   	 (TP = 203, FP = 193) 
class_id = 42, name = fork, ap = 11.35%   	 (TP = 13, FP = 16) 
class_id = 43, name = knife, ap = 2.67%   	 (TP = 6, FP = 39) 
class_id = 44, name = spoon, ap = 3.31%   	 (TP = 6, FP = 12) 
class_id = 45, name = bowl, ap = 31.00%   	 (TP = 167, FP = 150) 
class_id = 46, name = banana, ap = 21.22%   	 (TP = 64, FP = 47) 
class_id = 47, name = apple, ap = 13.80%   	 (TP = 34, FP = 50) 
class_id = 48, name = sandwich, ap = 32.18%   	 (TP = 41, FP = 34) 
class_id = 49, name = orange, ap = 27.04%   	 (TP = 70, FP = 60) 
class_id = 50, name = broccoli, ap = 24.88%   	 (TP = 54, FP = 66) 
class_id = 51, name = carrot, ap = 12.85%   	 (TP = 40, FP = 67) 
class_id = 52, name = hot dog, ap = 23.70%   	 (TP = 20, FP = 30) 
class_id = 53, name = pizza, ap = 48.15%   	 (TP = 108, FP = 58) 
class_id = 54, name = donut, ap = 32.33%   	 (TP = 100, FP = 95) 
class_id = 55, name = cake, ap = 28.19%   	 (TP = 68, FP = 47) 
class_id = 56, name = chair, ap = 17.70%   	 (TP = 203, FP = 200) 
class_id = 57, name = couch, ap = 44.22%   	 (TP = 75, FP = 25) 
class_id = 58, name = potted plant, ap = 21.98%   	 (TP = 51, FP = 58) 
class_id = 59, name = bed, ap = 38.25%   	 (TP = 31, FP = 14) 
class_id = 60, name = dining table, ap = 22.14%   	 (TP = 73, FP = 60) 
class_id = 61, name = toilet, ap = 60.52%   	 (TP = 84, FP = 38) 
class_id = 62, name = tv, ap = 55.90%   	 (TP = 131, FP = 48) 
class_id = 63, name = laptop, ap = 53.90%   	 (TP = 95, FP = 37) 
class_id = 64, name = mouse, ap = 51.23%   	 (TP = 50, FP = 20) 
class_id = 65, name = remote, ap = 9.94%   	 (TP = 27, FP = 47) 
class_id = 66, name = keyboard, ap = 50.48%   	 (TP = 61, FP = 30) 
class_id = 67, name = cell phone, ap = 23.34%   	 (TP = 50, FP = 32) 
class_id = 68, name = microwave, ap = 54.72%   	 (TP = 24, FP = 5) 
class_id = 69, name = oven, ap = 33.29%   	 (TP = 32, FP = 20) 
class_id = 70, name = toaster, ap = 19.63%   	 (TP = 0, FP = 0) 
class_id = 71, name = sink, ap = 33.68%   	 (TP = 70, FP = 49) 
class_id = 72, name = refrigerator, ap = 40.60%   	 (TP = 40, FP = 11) 
class_id = 73, name = book, ap = 4.44%   	 (TP = 93, FP = 507) 
class_id = 74, name = clock, ap = 49.94%   	 (TP = 130, FP = 61) 
class_id = 75, name = vase, ap = 24.32%   	 (TP = 54, FP = 42) 
class_id = 76, name = scissors, ap = 11.87%   	 (TP = 3, FP = 3) 
class_id = 77, name = teddy bear, ap = 45.19%   	 (TP = 62, FP = 17) 
class_id = 78, name = hair drier, ap = 0.00%   	 (TP = 0, FP = 0) 
class_id = 79, name = toothbrush, ap = 7.42%   	 (TP = 4, FP = 5) 

 for conf_thresh = 0.25, precision = 0.56, recall = 0.29, F1-score = 0.38 
 for conf_thresh = 0.25, TP = 10786, FP = 8563, FN = 25995, average IoU = 40.71 % 

 IoU threshold = 50 %, used Area-Under-Curve for each unique Recall 
 mean average precision (mAP@0.50) = 0.332325, or 33.23 % 
