class_id = 0, name = person, ap = 46.95%   	 (TP = 4612, FP = 3200) 
class_id = 1, name = bicycle, ap = 26.37%   	 (TP = 64, FP = 36) 
class_id = 2, name = car, ap = 29.46%   	 (TP = 594, FP = 723) 
class_id = 3, name = motorcycle, ap = 45.01%   	 (TP = 126, FP = 51) 
class_id = 4, name = airplane, ap = 68.80%   	 (TP = 77, FP = 24) 
class_id = 5, name = bus, ap = 62.75%   	 (TP = 141, FP = 27) 
class_id = 6, name = train, ap = 69.72%   	 (TP = 108, FP = 26) 
class_id = 7, name = truck, ap = 31.64%   	 (TP = 104, FP = 73) 
class_id = 8, name = boat, ap = 16.13%   	 (TP = 74, FP = 116) 
class_id = 9, name = traffic light, ap = 15.80%   	 (TP = 125, FP = 224) 
class_id = 10, name = fire hydrant, ap = 64.92%   	 (TP = 55, FP = 9) 
class_id = 11, name = stop sign, ap = 60.21%   	 (TP = 40, FP = 10) 
class_id = 12, name = parking meter, ap = 34.28%   	 (TP = 18, FP = 7) 
class_id = 13, name = bench, ap = 15.45%   	 (TP = 46, FP = 30) 
class_id = 14, name = bird, ap = 17.53%   	 (TP = 85, FP = 179) 
class_id = 15, name = cat, ap = 65.60%   	 (TP = 97, FP = 51) 
class_id = 16, name = dog, ap = 53.51%   	 (TP = 79, FP = 46) 
class_id = 17, name = horse, ap = 57.21%   	 (TP = 126, FP = 50) 
class_id = 18, name = sheep, ap = 41.37%   	 (TP = 154, FP = 140) 
class_id = 19, name = cow, ap = 42.56%   	 (TP = 168, FP = 133) 
class_id = 20, name = elephant, ap = 65.51%   	 (TP = 156, FP = 72) 
class_id = 21, name = bear, ap = 67.20%   	 (TP = 42, FP = 19) 
class_id = 22, name = zebra, ap = 76.97%   	 (TP = 170, FP = 21) 
class_id = 23, name = giraffe, ap = 73.50%   	 (TP = 147, FP = 22) 
class_id = 24, name = backpack, ap = 6.87%   	 (TP = 14, FP = 31) 
class_id = 25, name = umbrella, ap = 30.10%   	 (TP = 108, FP = 82) 
class_id = 26, name = handbag, ap = 3.84%   	 (TP = 11, FP = 12) 
class_id = 27, name = tie, ap = 23.34%   	 (TP = 69, FP = 70) 
class_id = 28, name = suitcase, ap = 18.59%   	 (TP = 40, FP = 54) 
class_id = 29, name = frisbee, ap = 50.49%   	 (TP = 51, FP = 24) 
class_id = 30, name = skis, ap = 14.24%   	 (TP = 39, FP = 74) 
class_id = 31, name = snowboard, ap = 17.32%   	 (TP = 10, FP = 14) 
class_id = 32, name = sports ball, ap = 22.92%   	 (TP = 73, FP = 84) 
class_id = 33, name = kite, ap = 27.59%   	 (TP = 110, FP = 178) 
class_id = 34, name = baseball bat, ap = 15.94%   	 (TP = 22, FP = 17) 
class_id = 35, name = baseball glove, ap = 25.32%   	 (TP = 41, FP = 38) 
class_id = 36, name = skateboard, ap = 41.39%   	 (TP = 67, FP = 26) 
class_id = 37, name = surfboard, ap = 24.21%   	 (TP = 62, FP = 66) 
class_id = 38, name = tennis racket, ap = 41.01%   	 (TP = 82, FP = 28) 
class_id = 39, name = bottle, ap = 17.09%   	 (TP = 155, FP = 193) 
class_id = 40, name = wine glass, ap = 19.31%   	 (TP = 46, FP = 41) 
class_id = 41, name = cup, ap = 24.99%   	 (TP = 200, FP = 182) 
class_id = 42, name = fork, ap = 11.24%   	 (TP = 11, FP = 16) 
class_id = 43, name = knife, ap = 2.68%   	 (TP = 6, FP = 38) 
class_id = 44, name = spoon, ap = 3.47%   	 (TP = 6, FP = 17) 
class_id = 45, name = bowl, ap = 31.17%   	 (TP = 168, FP = 157) 
class_id = 46, name = banana, ap = 21.45%   	 (TP = 65, FP = 52) 
class_id = 47, name = apple, ap = 14.14%   	 (TP = 33, FP = 49) 
class_id = 48, name = sandwich, ap = 32.50%   	 (TP = 38, FP = 37) 
class_id = 49, name = orange, ap = 27.22%   	 (TP = 69, FP = 60) 
class_id = 50, name = broccoli, ap = 25.39%   	 (TP = 53, FP = 63) 
class_id = 51, name = carrot, ap = 12.63%   	 (TP = 38, FP = 70) 
class_id = 52, name = hot dog, ap = 24.30%   	 (TP = 20, FP = 30) 
class_id = 53, name = pizza, ap = 48.43%   	 (TP = 109, FP = 63) 
class_id = 54, name = donut, ap = 32.50%   	 (TP = 101, FP = 97) 
class_id = 55, name = cake, ap = 28.61%   	 (TP = 68, FP = 46) 
class_id = 56, name = chair, ap = 18.16%   	 (TP = 205, FP = 196) 
class_id = 57, name = couch, ap = 44.42%   	 (TP = 73, FP = 26) 
class_id = 58, name = potted plant, ap = 21.84%   	 (TP = 49, FP = 53) 
class_id = 59, name = bed, ap = 38.22%   	 (TP = 33, FP = 18) 
class_id = 60, name = dining table, ap = 22.48%   	 (TP = 82, FP = 70) 
class_id = 61, name = toilet, ap = 60.54%   	 (TP = 87, FP = 37) 
class_id = 62, name = tv, ap = 55.65%   	 (TP = 131, FP = 50) 
class_id = 63, name = laptop, ap = 53.76%   	 (TP = 94, FP = 37) 
class_id = 64, name = mouse, ap = 50.69%   	 (TP = 49, FP = 18) 
class_id = 65, name = remote, ap = 9.03%   	 (TP = 25, FP = 50) 
class_id = 66, name = keyboard, ap = 50.77%   	 (TP = 60, FP = 30) 
class_id = 67, name = cell phone, ap = 23.54%   	 (TP = 50, FP = 34) 
class_id = 68, name = microwave, ap = 54.48%   	 (TP = 24, FP = 9) 
class_id = 69, name = oven, ap = 34.20%   	 (TP = 35, FP = 20) 
class_id = 70, name = toaster, ap = 17.89%   	 (TP = 0, FP = 0) 
class_id = 71, name = sink, ap = 33.93%   	 (TP = 70, FP = 52) 
class_id = 72, name = refrigerator, ap = 42.40%   	 (TP = 42, FP = 10) 
class_id = 73, name = book, ap = 4.42%   	 (TP = 94, FP = 517) 
class_id = 74, name = clock, ap = 49.34%   	 (TP = 128, FP = 63) 
class_id = 75, name = vase, ap = 24.39%   	 (TP = 53, FP = 39) 
class_id = 76, name = scissors, ap = 11.82%   	 (TP = 3, FP = 3) 
class_id = 77, name = teddy bear, ap = 45.26%   	 (TP = 63, FP = 20) 
class_id = 78, name = hair drier, ap = 0.00%   	 (TP = 0, FP = 0) 
class_id = 79, name = toothbrush, ap = 7.45%   	 (TP = 4, FP = 4) 

 for conf_thresh = 0.25, precision = 0.56, recall = 0.29, F1-score = 0.39 
 for conf_thresh = 0.25, TP = 10847, FP = 8654, FN = 25934, average IoU = 40.62 % 

 IoU threshold = 50 %, used Area-Under-Curve for each unique Recall 
 mean average precision (mAP@0.50) = 0.332924, or 33.29 % 
