class_id = 0, name = person, ap = 46.44%   	 (TP = 4392, FP = 2620) 
class_id = 1, name = bicycle, ap = 25.65%   	 (TP = 64, FP = 33) 
class_id = 2, name = car, ap = 29.78%   	 (TP = 586, FP = 683) 
class_id = 3, name = motorcycle, ap = 44.32%   	 (TP = 115, FP = 46) 
class_id = 4, name = airplane, ap = 69.09%   	 (TP = 68, FP = 12) 
class_id = 5, name = bus, ap = 62.13%   	 (TP = 131, FP = 23) 
class_id = 6, name = train, ap = 68.53%   	 (TP = 94, FP = 14) 
class_id = 7, name = truck, ap = 31.28%   	 (TP = 102, FP = 62) 
class_id = 8, name = boat, ap = 16.52%   	 (TP = 67, FP = 108) 
class_id = 9, name = traffic light, ap = 14.46%   	 (TP = 116, FP = 219) 
class_id = 10, name = fire hydrant, ap = 64.22%   	 (TP = 54, FP = 9) 
class_id = 11, name = stop sign, ap = 59.99%   	 (TP = 40, FP = 9) 
class_id = 12, name = parking meter, ap = 34.21%   	 (TP = 16, FP = 7) 
class_id = 13, name = bench, ap = 15.16%   	 (TP = 45, FP = 25) 
class_id = 14, name = bird, ap = 17.94%   	 (TP = 81, FP = 139) 
class_id = 15, name = cat, ap = 65.01%   	 (TP = 78, FP = 28) 
class_id = 16, name = dog, ap = 53.27%   	 (TP = 71, FP = 30) 
class_id = 17, name = horse, ap = 54.95%   	 (TP = 116, FP = 43) 
class_id = 18, name = sheep, ap = 40.85%   	 (TP = 144, FP = 118) 
class_id = 19, name = cow, ap = 44.14%   	 (TP = 163, FP = 105) 
class_id = 20, name = elephant, ap = 64.50%   	 (TP = 143, FP = 53) 
class_id = 21, name = bear, ap = 67.66%   	 (TP = 40, FP = 9) 
class_id = 22, name = zebra, ap = 75.65%   	 (TP = 160, FP = 19) 
class_id = 23, name = giraffe, ap = 73.70%   	 (TP = 139, FP = 21) 
class_id = 24, name = backpack, ap = 7.49%   	 (TP = 14, FP = 27) 
class_id = 25, name = umbrella, ap = 30.57%   	 (TP = 106, FP = 77) 
class_id = 26, name = handbag, ap = 4.06%   	 (TP = 10, FP = 11) 
class_id = 27, name = tie, ap = 25.54%   	 (TP = 68, FP = 55) 
class_id = 28, name = suitcase, ap = 19.20%   	 (TP = 38, FP = 50) 
class_id = 29, name = frisbee, ap = 50.79%   	 (TP = 48, FP = 20) 
class_id = 30, name = skis, ap = 15.11%   	 (TP = 37, FP = 68) 
class_id = 31, name = snowboard, ap = 15.98%   	 (TP = 10, FP = 12) 
class_id = 32, name = sports ball, ap = 22.87%   	 (TP = 71, FP = 70) 
class_id = 33, name = kite, ap = 27.92%   	 (TP = 105, FP = 146) 
class_id = 34, name = baseball bat, ap = 15.73%   	 (TP = 22, FP = 19) 
class_id = 35, name = baseball glove, ap = 24.98%   	 (TP = 39, FP = 34) 
class_id = 36, name = skateboard, ap = 40.75%   	 (TP = 62, FP = 27) 
class_id = 37, name = surfboard, ap = 24.78%   	 (TP = 63, FP = 58) 
class_id = 38, name = tennis racket, ap = 42.66%   	 (TP = 85, FP = 25) 
class_id = 39, name = bottle, ap = 17.76%   	 (TP = 152, FP = 150) 
class_id = 40, name = wine glass, ap = 19.32%   	 (TP = 45, FP = 33) 
class_id = 41, name = cup, ap = 25.25%   	 (TP = 188, FP = 166) 
class_id = 42, name = fork, ap = 11.57%   	 (TP = 11, FP = 11) 
class_id = 43, name = knife, ap = 2.94%   	 (TP = 6, FP = 35) 
class_id = 44, name = spoon, ap = 3.92%   	 (TP = 6, FP = 11) 
class_id = 45, name = bowl, ap = 31.31%   	 (TP = 155, FP = 123) 
class_id = 46, name = banana, ap = 19.99%   	 (TP = 55, FP = 45) 
class_id = 47, name = apple, ap = 13.63%   	 (TP = 32, FP = 38) 
class_id = 48, name = sandwich, ap = 31.78%   	 (TP = 38, FP = 31) 
class_id = 49, name = orange, ap = 27.68%   	 (TP = 65, FP = 47) 
class_id = 50, name = broccoli, ap = 24.80%   	 (TP = 57, FP = 63) 
class_id = 51, name = carrot, ap = 14.04%   	 (TP = 35, FP = 57) 
class_id = 52, name = hot dog, ap = 24.32%   	 (TP = 17, FP = 23) 
class_id = 53, name = pizza, ap = 47.57%   	 (TP = 99, FP = 45) 
class_id = 54, name = donut, ap = 31.82%   	 (TP = 90, FP = 81) 
class_id = 55, name = cake, ap = 27.88%   	 (TP = 59, FP = 39) 
class_id = 56, name = chair, ap = 18.52%   	 (TP = 200, FP = 159) 
class_id = 57, name = couch, ap = 42.46%   	 (TP = 72, FP = 21) 
class_id = 58, name = potted plant, ap = 21.84%   	 (TP = 46, FP = 50) 
class_id = 59, name = bed, ap = 38.02%   	 (TP = 20, FP = 4) 
class_id = 60, name = dining table, ap = 20.83%   	 (TP = 50, FP = 31) 
class_id = 61, name = toilet, ap = 60.77%   	 (TP = 82, FP = 33) 
class_id = 62, name = tv, ap = 55.26%   	 (TP = 130, FP = 44) 
class_id = 63, name = laptop, ap = 54.04%   	 (TP = 93, FP = 30) 
class_id = 64, name = mouse, ap = 50.80%   	 (TP = 49, FP = 17) 
class_id = 65, name = remote, ap = 9.80%   	 (TP = 24, FP = 34) 
class_id = 66, name = keyboard, ap = 50.21%   	 (TP = 58, FP = 26) 
class_id = 67, name = cell phone, ap = 23.53%   	 (TP = 46, FP = 29) 
class_id = 68, name = microwave, ap = 54.13%   	 (TP = 23, FP = 4) 
class_id = 69, name = oven, ap = 33.82%   	 (TP = 29, FP = 17) 
class_id = 70, name = toaster, ap = 19.72%   	 (TP = 0, FP = 0) 
class_id = 71, name = sink, ap = 33.60%   	 (TP = 69, FP = 44) 
class_id = 72, name = refrigerator, ap = 41.36%   	 (TP = 35, FP = 7) 
class_id = 73, name = book, ap = 4.57%   	 (TP = 92, FP = 489) 
class_id = 74, name = clock, ap = 50.12%   	 (TP = 126, FP = 52) 
class_id = 75, name = vase, ap = 24.67%   	 (TP = 47, FP = 35) 
class_id = 76, name = scissors, ap = 12.39%   	 (TP = 3, FP = 3) 
class_id = 77, name = teddy bear, ap = 45.54%   	 (TP = 55, FP = 13) 
class_id = 78, name = hair drier, ap = 0.00%   	 (TP = 0, FP = 0) 
class_id = 79, name = toothbrush, ap = 7.57%   	 (TP = 4, FP = 4) 

 for conf_thresh = 0.25, precision = 0.59, recall = 0.28, F1-score = 0.38 
 for conf_thresh = 0.25, TP = 10266, FP = 7278, FN = 26515, average IoU = 42.91 % 

 IoU threshold = 50 %, used Area-Under-Curve for each unique Recall 
 mean average precision (mAP@0.50) = 0.332130, or 33.21 % 
