class_id = 0, name = person, ap = 46.37%   	 (TP = 4440, FP = 2717) 
class_id = 1, name = bicycle, ap = 26.24%   	 (TP = 64, FP = 35) 
class_id = 2, name = car, ap = 29.56%   	 (TP = 591, FP = 717) 
class_id = 3, name = motorcycle, ap = 43.40%   	 (TP = 113, FP = 52) 
class_id = 4, name = airplane, ap = 68.43%   	 (TP = 69, FP = 13) 
class_id = 5, name = bus, ap = 62.17%   	 (TP = 129, FP = 23) 
class_id = 6, name = train, ap = 67.25%   	 (TP = 92, FP = 16) 
class_id = 7, name = truck, ap = 31.07%   	 (TP = 102, FP = 63) 
class_id = 8, name = boat, ap = 16.22%   	 (TP = 66, FP = 108) 
class_id = 9, name = traffic light, ap = 14.02%   	 (TP = 115, FP = 223) 
class_id = 10, name = fire hydrant, ap = 62.81%   	 (TP = 54, FP = 10) 
class_id = 11, name = stop sign, ap = 60.33%   	 (TP = 40, FP = 9) 
class_id = 12, name = parking meter, ap = 33.92%   	 (TP = 16, FP = 7) 
class_id = 13, name = bench, ap = 15.14%   	 (TP = 42, FP = 25) 
class_id = 14, name = bird, ap = 17.79%   	 (TP = 81, FP = 148) 
class_id = 15, name = cat, ap = 64.87%   	 (TP = 78, FP = 28) 
class_id = 16, name = dog, ap = 53.08%   	 (TP = 70, FP = 31) 
class_id = 17, name = horse, ap = 56.45%   	 (TP = 115, FP = 47) 
class_id = 18, name = sheep, ap = 41.30%   	 (TP = 147, FP = 124) 
class_id = 19, name = cow, ap = 43.73%   	 (TP = 161, FP = 113) 
class_id = 20, name = elephant, ap = 64.59%   	 (TP = 144, FP = 51) 
class_id = 21, name = bear, ap = 68.15%   	 (TP = 40, FP = 9) 
class_id = 22, name = zebra, ap = 74.94%   	 (TP = 159, FP = 19) 
class_id = 23, name = giraffe, ap = 73.75%   	 (TP = 138, FP = 21) 
class_id = 24, name = backpack, ap = 7.39%   	 (TP = 14, FP = 27) 
class_id = 25, name = umbrella, ap = 30.31%   	 (TP = 104, FP = 75) 
class_id = 26, name = handbag, ap = 3.83%   	 (TP = 9, FP = 12) 
class_id = 27, name = tie, ap = 25.50%   	 (TP = 68, FP = 55) 
class_id = 28, name = suitcase, ap = 19.34%   	 (TP = 40, FP = 47) 
class_id = 29, name = frisbee, ap = 50.95%   	 (TP = 47, FP = 20) 
class_id = 30, name = skis, ap = 15.05%   	 (TP = 37, FP = 69) 
class_id = 31, name = snowboard, ap = 16.28%   	 (TP = 10, FP = 12) 
class_id = 32, name = sports ball, ap = 23.91%   	 (TP = 73, FP = 73) 
class_id = 33, name = kite, ap = 27.85%   	 (TP = 105, FP = 150) 
class_id = 34, name = baseball bat, ap = 15.23%   	 (TP = 21, FP = 19) 
class_id = 35, name = baseball glove, ap = 24.98%   	 (TP = 39, FP = 37) 
class_id = 36, name = skateboard, ap = 41.22%   	 (TP = 60, FP = 27) 
class_id = 37, name = surfboard, ap = 24.62%   	 (TP = 63, FP = 58) 
class_id = 38, name = tennis racket, ap = 42.15%   	 (TP = 83, FP = 29) 
class_id = 39, name = bottle, ap = 17.70%   	 (TP = 158, FP = 185) 
class_id = 40, name = wine glass, ap = 19.17%   	 (TP = 45, FP = 38) 
class_id = 41, name = cup, ap = 25.21%   	 (TP = 192, FP = 177) 
class_id = 42, name = fork, ap = 11.38%   	 (TP = 11, FP = 12) 
class_id = 43, name = knife, ap = 2.88%   	 (TP = 6, FP = 36) 
class_id = 44, name = spoon, ap = 3.79%   	 (TP = 6, FP = 11) 
class_id = 45, name = bowl, ap = 31.31%   	 (TP = 158, FP = 125) 
class_id = 46, name = banana, ap = 20.53%   	 (TP = 57, FP = 42) 
class_id = 47, name = apple, ap = 13.57%   	 (TP = 31, FP = 38) 
class_id = 48, name = sandwich, ap = 31.88%   	 (TP = 36, FP = 26) 
class_id = 49, name = orange, ap = 27.49%   	 (TP = 67, FP = 49) 
class_id = 50, name = broccoli, ap = 25.05%   	 (TP = 54, FP = 61) 
class_id = 51, name = carrot, ap = 13.60%   	 (TP = 35, FP = 52) 
class_id = 52, name = hot dog, ap = 23.71%   	 (TP = 17, FP = 24) 
class_id = 53, name = pizza, ap = 47.12%   	 (TP = 98, FP = 45) 
class_id = 54, name = donut, ap = 31.92%   	 (TP = 95, FP = 85) 
class_id = 55, name = cake, ap = 27.96%   	 (TP = 60, FP = 39) 
class_id = 56, name = chair, ap = 18.49%   	 (TP = 208, FP = 175) 
class_id = 57, name = couch, ap = 43.16%   	 (TP = 74, FP = 19) 
class_id = 58, name = potted plant, ap = 22.01%   	 (TP = 50, FP = 53) 
class_id = 59, name = bed, ap = 37.17%   	 (TP = 20, FP = 4) 
class_id = 60, name = dining table, ap = 20.67%   	 (TP = 49, FP = 31) 
class_id = 61, name = toilet, ap = 60.66%   	 (TP = 83, FP = 32) 
class_id = 62, name = tv, ap = 55.39%   	 (TP = 130, FP = 45) 
class_id = 63, name = laptop, ap = 54.13%   	 (TP = 95, FP = 29) 
class_id = 64, name = mouse, ap = 50.75%   	 (TP = 48, FP = 16) 
class_id = 65, name = remote, ap = 9.25%   	 (TP = 25, FP = 40) 
class_id = 66, name = keyboard, ap = 50.46%   	 (TP = 57, FP = 28) 
class_id = 67, name = cell phone, ap = 23.73%   	 (TP = 46, FP = 29) 
class_id = 68, name = microwave, ap = 53.88%   	 (TP = 23, FP = 5) 
class_id = 69, name = oven, ap = 33.01%   	 (TP = 29, FP = 18) 
class_id = 70, name = toaster, ap = 19.75%   	 (TP = 0, FP = 0) 
class_id = 71, name = sink, ap = 33.10%   	 (TP = 68, FP = 45) 
class_id = 72, name = refrigerator, ap = 41.54%   	 (TP = 36, FP = 7) 
class_id = 73, name = book, ap = 4.57%   	 (TP = 93, FP = 494) 
class_id = 74, name = clock, ap = 50.39%   	 (TP = 127, FP = 53) 
class_id = 75, name = vase, ap = 24.54%   	 (TP = 50, FP = 35) 
class_id = 76, name = scissors, ap = 11.14%   	 (TP = 3, FP = 3) 
class_id = 77, name = teddy bear, ap = 45.21%   	 (TP = 54, FP = 11) 
class_id = 78, name = hair drier, ap = 0.00%   	 (TP = 0, FP = 0) 
class_id = 79, name = toothbrush, ap = 7.51%   	 (TP = 4, FP = 4) 

 for conf_thresh = 0.25, precision = 0.58, recall = 0.28, F1-score = 0.38 
 for conf_thresh = 0.25, TP = 10337, FP = 7540, FN = 26444, average IoU = 42.38 % 

 IoU threshold = 50 %, used Area-Under-Curve for each unique Recall 
 mean average precision (mAP@0.50) = 0.331113, or 33.11 % 
