class_id = 0, name = person, ap = 46.03%   	 (TP = 4304, FP = 2589) 
class_id = 1, name = bicycle, ap = 26.30%   	 (TP = 62, FP = 31) 
class_id = 2, name = car, ap = 29.90%   	 (TP = 592, FP = 689) 
class_id = 3, name = motorcycle, ap = 43.73%   	 (TP = 113, FP = 49) 
class_id = 4, name = airplane, ap = 68.34%   	 (TP = 69, FP = 13) 
class_id = 5, name = bus, ap = 61.77%   	 (TP = 125, FP = 24) 
class_id = 6, name = train, ap = 66.87%   	 (TP = 86, FP = 15) 
class_id = 7, name = truck, ap = 30.96%   	 (TP = 100, FP = 64) 
class_id = 8, name = boat, ap = 16.65%   	 (TP = 68, FP = 104) 
class_id = 9, name = traffic light, ap = 14.12%   	 (TP = 115, FP = 220) 
class_id = 10, name = fire hydrant, ap = 63.98%   	 (TP = 54, FP = 7) 
class_id = 11, name = stop sign, ap = 60.17%   	 (TP = 40, FP = 8) 
class_id = 12, name = parking meter, ap = 33.59%   	 (TP = 15, FP = 7) 
class_id = 13, name = bench, ap = 14.64%   	 (TP = 42, FP = 26) 
class_id = 14, name = bird, ap = 17.97%   	 (TP = 79, FP = 137) 
class_id = 15, name = cat, ap = 64.15%   	 (TP = 73, FP = 25) 
class_id = 16, name = dog, ap = 52.20%   	 (TP = 69, FP = 28) 
class_id = 17, name = horse, ap = 56.38%   	 (TP = 116, FP = 40) 
class_id = 18, name = sheep, ap = 40.46%   	 (TP = 144, FP = 123) 
class_id = 19, name = cow, ap = 43.86%   	 (TP = 162, FP = 104) 
class_id = 20, name = elephant, ap = 63.94%   	 (TP = 142, FP = 51) 
class_id = 21, name = bear, ap = 67.97%   	 (TP = 37, FP = 8) 
class_id = 22, name = zebra, ap = 74.50%   	 (TP = 156, FP = 21) 
class_id = 23, name = giraffe, ap = 73.47%   	 (TP = 137, FP = 19) 
class_id = 24, name = backpack, ap = 7.58%   	 (TP = 15, FP = 24) 
class_id = 25, name = umbrella, ap = 30.21%   	 (TP = 102, FP = 72) 
class_id = 26, name = handbag, ap = 3.85%   	 (TP = 9, FP = 13) 
class_id = 27, name = tie, ap = 26.07%   	 (TP = 68, FP = 53) 
class_id = 28, name = suitcase, ap = 18.92%   	 (TP = 40, FP = 46) 
class_id = 29, name = frisbee, ap = 51.07%   	 (TP = 46, FP = 18) 
class_id = 30, name = skis, ap = 15.09%   	 (TP = 37, FP = 67) 
class_id = 31, name = snowboard, ap = 15.75%   	 (TP = 10, FP = 12) 
class_id = 32, name = sports ball, ap = 23.13%   	 (TP = 70, FP = 70) 
class_id = 33, name = kite, ap = 28.28%   	 (TP = 105, FP = 144) 
class_id = 34, name = baseball bat, ap = 15.44%   	 (TP = 21, FP = 20) 
class_id = 35, name = baseball glove, ap = 24.80%   	 (TP = 39, FP = 38) 
class_id = 36, name = skateboard, ap = 40.40%   	 (TP = 63, FP = 27) 
class_id = 37, name = surfboard, ap = 24.72%   	 (TP = 61, FP = 59) 
class_id = 38, name = tennis racket, ap = 42.72%   	 (TP = 83, FP = 28) 
class_id = 39, name = bottle, ap = 17.25%   	 (TP = 155, FP = 177) 
class_id = 40, name = wine glass, ap = 19.55%   	 (TP = 47, FP = 37) 
class_id = 41, name = cup, ap = 25.33%   	 (TP = 192, FP = 174) 
class_id = 42, name = fork, ap = 11.44%   	 (TP = 11, FP = 11) 
class_id = 43, name = knife, ap = 2.91%   	 (TP = 6, FP = 35) 
class_id = 44, name = spoon, ap = 3.43%   	 (TP = 5, FP = 12) 
class_id = 45, name = bowl, ap = 30.99%   	 (TP = 163, FP = 122) 
class_id = 46, name = banana, ap = 19.86%   	 (TP = 53, FP = 41) 
class_id = 47, name = apple, ap = 13.46%   	 (TP = 29, FP = 35) 
class_id = 48, name = sandwich, ap = 31.69%   	 (TP = 36, FP = 23) 
class_id = 49, name = orange, ap = 27.60%   	 (TP = 66, FP = 45) 
class_id = 50, name = broccoli, ap = 24.86%   	 (TP = 53, FP = 58) 
class_id = 51, name = carrot, ap = 13.44%   	 (TP = 33, FP = 53) 
class_id = 52, name = hot dog, ap = 23.64%   	 (TP = 17, FP = 22) 
class_id = 53, name = pizza, ap = 46.67%   	 (TP = 93, FP = 42) 
class_id = 54, name = donut, ap = 31.62%   	 (TP = 88, FP = 81) 
class_id = 55, name = cake, ap = 27.59%   	 (TP = 59, FP = 38) 
class_id = 56, name = chair, ap = 18.61%   	 (TP = 204, FP = 167) 
class_id = 57, name = couch, ap = 42.50%   	 (TP = 73, FP = 20) 
class_id = 58, name = potted plant, ap = 21.75%   	 (TP = 51, FP = 53) 
class_id = 59, name = bed, ap = 37.91%   	 (TP = 19, FP = 4) 
class_id = 60, name = dining table, ap = 19.80%   	 (TP = 44, FP = 25) 
class_id = 61, name = toilet, ap = 60.44%   	 (TP = 83, FP = 31) 
class_id = 62, name = tv, ap = 55.33%   	 (TP = 128, FP = 43) 
class_id = 63, name = laptop, ap = 53.87%   	 (TP = 93, FP = 29) 
class_id = 64, name = mouse, ap = 50.58%   	 (TP = 49, FP = 15) 
class_id = 65, name = remote, ap = 9.11%   	 (TP = 23, FP = 40) 
class_id = 66, name = keyboard, ap = 50.52%   	 (TP = 56, FP = 22) 
class_id = 67, name = cell phone, ap = 23.59%   	 (TP = 46, FP = 27) 
class_id = 68, name = microwave, ap = 53.59%   	 (TP = 23, FP = 4) 
class_id = 69, name = oven, ap = 33.66%   	 (TP = 28, FP = 17) 
class_id = 70, name = toaster, ap = 19.70%   	 (TP = 0, FP = 0) 
class_id = 71, name = sink, ap = 33.67%   	 (TP = 69, FP = 45) 
class_id = 72, name = refrigerator, ap = 41.04%   	 (TP = 34, FP = 7) 
class_id = 73, name = book, ap = 4.55%   	 (TP = 93, FP = 488) 
class_id = 74, name = clock, ap = 50.74%   	 (TP = 126, FP = 52) 
class_id = 75, name = vase, ap = 24.98%   	 (TP = 51, FP = 36) 
class_id = 76, name = scissors, ap = 11.75%   	 (TP = 3, FP = 3) 
class_id = 77, name = teddy bear, ap = 45.18%   	 (TP = 53, FP = 10) 
class_id = 78, name = hair drier, ap = 0.00%   	 (TP = 0, FP = 0) 
class_id = 79, name = toothbrush, ap = 7.51%   	 (TP = 4, FP = 3) 

 for conf_thresh = 0.25, precision = 0.58, recall = 0.28, F1-score = 0.37 
 for conf_thresh = 0.25, TP = 10128, FP = 7240, FN = 26653, average IoU = 42.76 % 

 IoU threshold = 50 %, used Area-Under-Curve for each unique Recall 
 mean average precision (mAP@0.50) = 0.330216, or 33.02 % 
