class_id = 0, name = person, ap = 45.44%   	 (TP = 4110, FP = 2303) 
class_id = 1, name = bicycle, ap = 25.58%   	 (TP = 62, FP = 34) 
class_id = 2, name = car, ap = 29.76%   	 (TP = 590, FP = 670) 
class_id = 3, name = motorcycle, ap = 42.52%   	 (TP = 106, FP = 44) 
class_id = 4, name = airplane, ap = 66.85%   	 (TP = 58, FP = 10) 
class_id = 5, name = bus, ap = 60.78%   	 (TP = 118, FP = 20) 
class_id = 6, name = train, ap = 64.15%   	 (TP = 81, FP = 15) 
class_id = 7, name = truck, ap = 30.43%   	 (TP = 96, FP = 64) 
class_id = 8, name = boat, ap = 16.05%   	 (TP = 64, FP = 99) 
class_id = 9, name = traffic light, ap = 14.32%   	 (TP = 110, FP = 192) 
class_id = 10, name = fire hydrant, ap = 62.09%   	 (TP = 52, FP = 7) 
class_id = 11, name = stop sign, ap = 59.59%   	 (TP = 39, FP = 8) 
class_id = 12, name = parking meter, ap = 33.06%   	 (TP = 15, FP = 6) 
class_id = 13, name = bench, ap = 14.32%   	 (TP = 37, FP = 19) 
class_id = 14, name = bird, ap = 18.63%   	 (TP = 75, FP = 98) 
class_id = 15, name = cat, ap = 62.42%   	 (TP = 63, FP = 14) 
class_id = 16, name = dog, ap = 50.21%   	 (TP = 61, FP = 16) 
class_id = 17, name = horse, ap = 55.00%   	 (TP = 110, FP = 44) 
class_id = 18, name = sheep, ap = 41.58%   	 (TP = 141, FP = 103) 
class_id = 19, name = cow, ap = 44.12%   	 (TP = 158, FP = 84) 
class_id = 20, name = elephant, ap = 63.49%   	 (TP = 137, FP = 45) 
class_id = 21, name = bear, ap = 66.94%   	 (TP = 31, FP = 7) 
class_id = 22, name = zebra, ap = 73.77%   	 (TP = 153, FP = 21) 
class_id = 23, name = giraffe, ap = 72.24%   	 (TP = 126, FP = 16) 
class_id = 24, name = backpack, ap = 7.63%   	 (TP = 14, FP = 20) 
class_id = 25, name = umbrella, ap = 29.88%   	 (TP = 101, FP = 60) 
class_id = 26, name = handbag, ap = 4.04%   	 (TP = 9, FP = 12) 
class_id = 27, name = tie, ap = 27.27%   	 (TP = 70, FP = 40) 
class_id = 28, name = suitcase, ap = 17.68%   	 (TP = 37, FP = 41) 
class_id = 29, name = frisbee, ap = 49.18%   	 (TP = 42, FP = 17) 
class_id = 30, name = skis, ap = 15.41%   	 (TP = 37, FP = 60) 
class_id = 31, name = snowboard, ap = 18.97%   	 (TP = 11, FP = 9) 
class_id = 32, name = sports ball, ap = 23.47%   	 (TP = 70, FP = 65) 
class_id = 33, name = kite, ap = 28.37%   	 (TP = 100, FP = 123) 
class_id = 34, name = baseball bat, ap = 15.45%   	 (TP = 20, FP = 19) 
class_id = 35, name = baseball glove, ap = 24.18%   	 (TP = 39, FP = 39) 
class_id = 36, name = skateboard, ap = 39.22%   	 (TP = 59, FP = 27) 
class_id = 37, name = surfboard, ap = 24.25%   	 (TP = 54, FP = 57) 
class_id = 38, name = tennis racket, ap = 41.54%   	 (TP = 80, FP = 31) 
class_id = 39, name = bottle, ap = 17.51%   	 (TP = 157, FP = 163) 
class_id = 40, name = wine glass, ap = 20.41%   	 (TP = 48, FP = 34) 
class_id = 41, name = cup, ap = 25.46%   	 (TP = 187, FP = 164) 
class_id = 42, name = fork, ap = 11.86%   	 (TP = 13, FP = 9) 
class_id = 43, name = knife, ap = 2.81%   	 (TP = 7, FP = 31) 
class_id = 44, name = spoon, ap = 3.25%   	 (TP = 4, FP = 14) 
class_id = 45, name = bowl, ap = 30.97%   	 (TP = 158, FP = 119) 
class_id = 46, name = banana, ap = 19.07%   	 (TP = 47, FP = 34) 
class_id = 47, name = apple, ap = 12.98%   	 (TP = 25, FP = 29) 
class_id = 48, name = sandwich, ap = 32.21%   	 (TP = 32, FP = 16) 
class_id = 49, name = orange, ap = 27.15%   	 (TP = 60, FP = 34) 
class_id = 50, name = broccoli, ap = 25.08%   	 (TP = 47, FP = 46) 
class_id = 51, name = carrot, ap = 13.18%   	 (TP = 32, FP = 42) 
class_id = 52, name = hot dog, ap = 23.13%   	 (TP = 18, FP = 13) 
class_id = 53, name = pizza, ap = 44.69%   	 (TP = 80, FP = 26) 
class_id = 54, name = donut, ap = 31.11%   	 (TP = 78, FP = 66) 
class_id = 55, name = cake, ap = 27.09%   	 (TP = 51, FP = 33) 
class_id = 56, name = chair, ap = 18.89%   	 (TP = 209, FP = 152) 
class_id = 57, name = couch, ap = 40.84%   	 (TP = 70, FP = 19) 
class_id = 58, name = potted plant, ap = 21.41%   	 (TP = 46, FP = 50) 
class_id = 59, name = bed, ap = 36.92%   	 (TP = 15, FP = 2) 
class_id = 60, name = dining table, ap = 17.23%   	 (TP = 35, FP = 24) 
class_id = 61, name = toilet, ap = 60.71%   	 (TP = 80, FP = 22) 
class_id = 62, name = tv, ap = 54.91%   	 (TP = 124, FP = 41) 
class_id = 63, name = laptop, ap = 53.68%   	 (TP = 88, FP = 25) 
class_id = 64, name = mouse, ap = 48.68%   	 (TP = 46, FP = 16) 
class_id = 65, name = remote, ap = 8.97%   	 (TP = 22, FP = 31) 
class_id = 66, name = keyboard, ap = 49.57%   	 (TP = 52, FP = 22) 
class_id = 67, name = cell phone, ap = 23.56%   	 (TP = 44, FP = 22) 
class_id = 68, name = microwave, ap = 53.13%   	 (TP = 21, FP = 5) 
class_id = 69, name = oven, ap = 33.61%   	 (TP = 29, FP = 14) 
class_id = 70, name = toaster, ap = 19.74%   	 (TP = 0, FP = 0) 
class_id = 71, name = sink, ap = 33.43%   	 (TP = 66, FP = 45) 
class_id = 72, name = refrigerator, ap = 40.35%   	 (TP = 30, FP = 7) 
class_id = 73, name = book, ap = 4.56%   	 (TP = 85, FP = 441) 
class_id = 74, name = clock, ap = 50.69%   	 (TP = 123, FP = 45) 
class_id = 75, name = vase, ap = 24.63%   	 (TP = 49, FP = 33) 
class_id = 76, name = scissors, ap = 11.13%   	 (TP = 2, FP = 2) 
class_id = 77, name = teddy bear, ap = 44.99%   	 (TP = 49, FP = 9) 
class_id = 78, name = hair drier, ap = 0.00%   	 (TP = 0, FP = 0) 
class_id = 79, name = toothbrush, ap = 7.81%   	 (TP = 4, FP = 3) 

 for conf_thresh = 0.25, precision = 0.60, recall = 0.26, F1-score = 0.37 
 for conf_thresh = 0.25, TP = 9669, FP = 6462, FN = 27112, average IoU = 43.98 % 

 IoU threshold = 50 %, used Area-Under-Curve for each unique Recall 
 mean average precision (mAP@0.50) = 0.325912, or 32.59 % 
