class_id = 0, name = person, ap = 45.48%   	 (TP = 3505, FP = 1276) 
class_id = 1, name = bicycle, ap = 23.60%   	 (TP = 47, FP = 28) 
class_id = 2, name = car, ap = 27.75%   	 (TP = 517, FP = 457) 
class_id = 3, name = motorcycle, ap = 44.08%   	 (TP = 94, FP = 17) 
class_id = 4, name = airplane, ap = 57.67%   	 (TP = 54, FP = 11) 
class_id = 5, name = bus, ap = 53.45%   	 (TP = 107, FP = 27) 
class_id = 6, name = train, ap = 57.98%   	 (TP = 60, FP = 9) 
class_id = 7, name = truck, ap = 24.95%   	 (TP = 67, FP = 49) 
class_id = 8, name = boat, ap = 14.16%   	 (TP = 52, FP = 74) 
class_id = 9, name = traffic light, ap = 11.10%   	 (TP = 72, FP = 89) 
class_id = 10, name = fire hydrant, ap = 60.38%   	 (TP = 42, FP = 4) 
class_id = 11, name = stop sign, ap = 54.84%   	 (TP = 36, FP = 10) 
class_id = 12, name = parking meter, ap = 38.70%   	 (TP = 13, FP = 6) 
class_id = 13, name = bench, ap = 12.89%   	 (TP = 30, FP = 9) 
class_id = 14, name = bird, ap = 17.21%   	 (TP = 63, FP = 50) 
class_id = 15, name = cat, ap = 55.87%   	 (TP = 46, FP = 14) 
class_id = 16, name = dog, ap = 45.87%   	 (TP = 51, FP = 18) 
class_id = 17, name = horse, ap = 49.59%   	 (TP = 95, FP = 29) 
class_id = 18, name = sheep, ap = 35.12%   	 (TP = 125, FP = 102) 
class_id = 19, name = cow, ap = 38.40%   	 (TP = 111, FP = 78) 
class_id = 20, name = elephant, ap = 59.33%   	 (TP = 115, FP = 41) 
class_id = 21, name = bear, ap = 63.42%   	 (TP = 24, FP = 3) 
class_id = 22, name = zebra, ap = 72.18%   	 (TP = 141, FP = 17) 
class_id = 23, name = giraffe, ap = 70.01%   	 (TP = 110, FP = 10) 
class_id = 24, name = backpack, ap = 6.57%   	 (TP = 8, FP = 11) 
class_id = 25, name = umbrella, ap = 26.09%   	 (TP = 66, FP = 46) 
class_id = 26, name = handbag, ap = 3.64%   	 (TP = 6, FP = 3) 
class_id = 27, name = tie, ap = 24.23%   	 (TP = 35, FP = 11) 
class_id = 28, name = suitcase, ap = 18.18%   	 (TP = 22, FP = 15) 
class_id = 29, name = frisbee, ap = 42.73%   	 (TP = 35, FP = 9) 
class_id = 30, name = skis, ap = 13.72%   	 (TP = 23, FP = 37) 
class_id = 31, name = snowboard, ap = 14.09%   	 (TP = 6, FP = 4) 
class_id = 32, name = sports ball, ap = 16.46%   	 (TP = 51, FP = 56) 
class_id = 33, name = kite, ap = 22.96%   	 (TP = 82, FP = 113) 
class_id = 34, name = baseball bat, ap = 14.72%   	 (TP = 19, FP = 16) 
class_id = 35, name = baseball glove, ap = 24.56%   	 (TP = 35, FP = 24) 
class_id = 36, name = skateboard, ap = 32.61%   	 (TP = 51, FP = 28) 
class_id = 37, name = surfboard, ap = 23.66%   	 (TP = 53, FP = 46) 
class_id = 38, name = tennis racket, ap = 36.85%   	 (TP = 69, FP = 22) 
class_id = 39, name = bottle, ap = 16.94%   	 (TP = 107, FP = 66) 
class_id = 40, name = wine glass, ap = 16.26%   	 (TP = 35, FP = 28) 
class_id = 41, name = cup, ap = 25.11%   	 (TP = 160, FP = 102) 
class_id = 42, name = fork, ap = 8.78%   	 (TP = 7, FP = 14) 
class_id = 43, name = knife, ap = 2.31%   	 (TP = 2, FP = 11) 
class_id = 44, name = spoon, ap = 2.63%   	 (TP = 3, FP = 6) 
class_id = 45, name = bowl, ap = 26.37%   	 (TP = 123, FP = 94) 
class_id = 46, name = banana, ap = 17.38%   	 (TP = 26, FP = 18) 
class_id = 47, name = apple, ap = 13.36%   	 (TP = 14, FP = 14) 
class_id = 48, name = sandwich, ap = 27.14%   	 (TP = 18, FP = 10) 
class_id = 49, name = orange, ap = 24.26%   	 (TP = 41, FP = 24) 
class_id = 50, name = broccoli, ap = 21.62%   	 (TP = 34, FP = 32) 
class_id = 51, name = carrot, ap = 8.86%   	 (TP = 5, FP = 12) 
class_id = 52, name = hot dog, ap = 25.86%   	 (TP = 12, FP = 1) 
class_id = 53, name = pizza, ap = 42.57%   	 (TP = 66, FP = 27) 
class_id = 54, name = donut, ap = 29.26%   	 (TP = 65, FP = 37) 
class_id = 55, name = cake, ap = 23.37%   	 (TP = 33, FP = 16) 
class_id = 56, name = chair, ap = 17.11%   	 (TP = 142, FP = 71) 
class_id = 57, name = couch, ap = 39.75%   	 (TP = 42, FP = 8) 
class_id = 58, name = potted plant, ap = 19.20%   	 (TP = 30, FP = 26) 
class_id = 59, name = bed, ap = 33.24%   	 (TP = 10, FP = 3) 
class_id = 60, name = dining table, ap = 17.11%   	 (TP = 17, FP = 15) 
class_id = 61, name = toilet, ap = 59.30%   	 (TP = 66, FP = 9) 
class_id = 62, name = tv, ap = 51.65%   	 (TP = 122, FP = 40) 
class_id = 63, name = laptop, ap = 48.81%   	 (TP = 69, FP = 8) 
class_id = 64, name = mouse, ap = 43.61%   	 (TP = 37, FP = 11) 
class_id = 65, name = remote, ap = 9.50%   	 (TP = 12, FP = 14) 
class_id = 66, name = keyboard, ap = 44.10%   	 (TP = 45, FP = 14) 
class_id = 67, name = cell phone, ap = 21.10%   	 (TP = 32, FP = 7) 
class_id = 68, name = microwave, ap = 48.03%   	 (TP = 16, FP = 2) 
class_id = 69, name = oven, ap = 28.15%   	 (TP = 18, FP = 7) 
class_id = 70, name = toaster, ap = 17.15%   	 (TP = 0, FP = 0) 
class_id = 71, name = sink, ap = 31.24%   	 (TP = 59, FP = 30) 
class_id = 72, name = refrigerator, ap = 38.10%   	 (TP = 21, FP = 6) 
class_id = 73, name = book, ap = 3.83%   	 (TP = 43, FP = 149) 
class_id = 74, name = clock, ap = 46.26%   	 (TP = 112, FP = 25) 
class_id = 75, name = vase, ap = 20.47%   	 (TP = 33, FP = 24) 
class_id = 76, name = scissors, ap = 5.62%   	 (TP = 0, FP = 0) 
class_id = 77, name = teddy bear, ap = 35.60%   	 (TP = 28, FP = 6) 
class_id = 78, name = hair drier, ap = 0.00%   	 (TP = 0, FP = 0) 
class_id = 79, name = toothbrush, ap = 6.71%   	 (TP = 3, FP = 2) 

 for conf_thresh = 0.25, precision = 0.67, recall = 0.21, F1-score = 0.32 
 for conf_thresh = 0.25, TP = 7846, FP = 3858, FN = 28935, average IoU = 48.68 % 

 IoU threshold = 50 %, used Area-Under-Curve for each unique Recall 
 mean average precision (mAP@0.50) = 0.296602, or 29.66 % 
