class_id = 0, name = person, ap = 45.26%   	 (TP = 3734, FP = 1520) 
class_id = 1, name = bicycle, ap = 24.99%   	 (TP = 52, FP = 30) 
class_id = 2, name = car, ap = 29.30%   	 (TP = 452, FP = 253) 
class_id = 3, name = motorcycle, ap = 43.83%   	 (TP = 90, FP = 13) 
class_id = 4, name = airplane, ap = 62.67%   	 (TP = 54, FP = 10) 
class_id = 5, name = bus, ap = 55.41%   	 (TP = 115, FP = 25) 
class_id = 6, name = train, ap = 60.50%   	 (TP = 69, FP = 12) 
class_id = 7, name = truck, ap = 28.44%   	 (TP = 65, FP = 29) 
class_id = 8, name = boat, ap = 14.23%   	 (TP = 50, FP = 66) 
class_id = 9, name = traffic light, ap = 14.56%   	 (TP = 72, FP = 54) 
class_id = 10, name = fire hydrant, ap = 59.49%   	 (TP = 44, FP = 4) 
class_id = 11, name = stop sign, ap = 55.72%   	 (TP = 36, FP = 10) 
class_id = 12, name = parking meter, ap = 39.81%   	 (TP = 16, FP = 3) 
class_id = 13, name = bench, ap = 14.30%   	 (TP = 22, FP = 3) 
class_id = 14, name = bird, ap = 13.30%   	 (TP = 69, FP = 123) 
class_id = 15, name = cat, ap = 62.84%   	 (TP = 59, FP = 15) 
class_id = 16, name = dog, ap = 47.11%   	 (TP = 58, FP = 26) 
class_id = 17, name = horse, ap = 51.60%   	 (TP = 98, FP = 34) 
class_id = 18, name = sheep, ap = 31.46%   	 (TP = 120, FP = 116) 
class_id = 19, name = cow, ap = 40.02%   	 (TP = 113, FP = 45) 
class_id = 20, name = elephant, ap = 59.31%   	 (TP = 125, FP = 41) 
class_id = 21, name = bear, ap = 59.55%   	 (TP = 30, FP = 7) 
class_id = 22, name = zebra, ap = 71.71%   	 (TP = 147, FP = 14) 
class_id = 23, name = giraffe, ap = 66.27%   	 (TP = 115, FP = 20) 
class_id = 24, name = backpack, ap = 5.73%   	 (TP = 6, FP = 11) 
class_id = 25, name = umbrella, ap = 26.00%   	 (TP = 65, FP = 37) 
class_id = 26, name = handbag, ap = 4.13%   	 (TP = 7, FP = 4) 
class_id = 27, name = tie, ap = 23.97%   	 (TP = 35, FP = 15) 
class_id = 28, name = suitcase, ap = 16.67%   	 (TP = 35, FP = 38) 
class_id = 29, name = frisbee, ap = 39.44%   	 (TP = 30, FP = 11) 
class_id = 30, name = skis, ap = 11.09%   	 (TP = 27, FP = 54) 
class_id = 31, name = snowboard, ap = 14.04%   	 (TP = 5, FP = 4) 
class_id = 32, name = sports ball, ap = 20.81%   	 (TP = 54, FP = 38) 
class_id = 33, name = kite, ap = 24.68%   	 (TP = 77, FP = 73) 
class_id = 34, name = baseball bat, ap = 14.91%   	 (TP = 11, FP = 7) 
class_id = 35, name = baseball glove, ap = 27.09%   	 (TP = 36, FP = 16) 
class_id = 36, name = skateboard, ap = 33.36%   	 (TP = 46, FP = 27) 
class_id = 37, name = surfboard, ap = 18.16%   	 (TP = 42, FP = 51) 
class_id = 38, name = tennis racket, ap = 35.77%   	 (TP = 64, FP = 25) 
class_id = 39, name = bottle, ap = 15.95%   	 (TP = 101, FP = 74) 
class_id = 40, name = wine glass, ap = 18.16%   	 (TP = 42, FP = 31) 
class_id = 41, name = cup, ap = 23.79%   	 (TP = 149, FP = 88) 
class_id = 42, name = fork, ap = 7.73%   	 (TP = 5, FP = 4) 
class_id = 43, name = knife, ap = 2.41%   	 (TP = 5, FP = 12) 
class_id = 44, name = spoon, ap = 2.80%   	 (TP = 2, FP = 4) 
class_id = 45, name = bowl, ap = 29.39%   	 (TP = 111, FP = 59) 
class_id = 46, name = banana, ap = 15.65%   	 (TP = 25, FP = 18) 
class_id = 47, name = apple, ap = 9.38%   	 (TP = 17, FP = 32) 
class_id = 48, name = sandwich, ap = 26.82%   	 (TP = 22, FP = 11) 
class_id = 49, name = orange, ap = 22.08%   	 (TP = 26, FP = 13) 
class_id = 50, name = broccoli, ap = 21.54%   	 (TP = 32, FP = 33) 
class_id = 51, name = carrot, ap = 11.14%   	 (TP = 20, FP = 22) 
class_id = 52, name = hot dog, ap = 20.77%   	 (TP = 17, FP = 12) 
class_id = 53, name = pizza, ap = 44.88%   	 (TP = 73, FP = 38) 
class_id = 54, name = donut, ap = 29.32%   	 (TP = 73, FP = 43) 
class_id = 55, name = cake, ap = 26.45%   	 (TP = 37, FP = 22) 
class_id = 56, name = chair, ap = 16.40%   	 (TP = 123, FP = 65) 
class_id = 57, name = couch, ap = 40.98%   	 (TP = 57, FP = 17) 
class_id = 58, name = potted plant, ap = 17.46%   	 (TP = 27, FP = 25) 
class_id = 59, name = bed, ap = 40.47%   	 (TP = 18, FP = 2) 
class_id = 60, name = dining table, ap = 22.13%   	 (TP = 28, FP = 17) 
class_id = 61, name = toilet, ap = 57.47%   	 (TP = 67, FP = 7) 
class_id = 62, name = tv, ap = 52.89%   	 (TP = 114, FP = 30) 
class_id = 63, name = laptop, ap = 47.83%   	 (TP = 74, FP = 24) 
class_id = 64, name = mouse, ap = 42.64%   	 (TP = 33, FP = 15) 
class_id = 65, name = remote, ap = 8.47%   	 (TP = 18, FP = 14) 
class_id = 66, name = keyboard, ap = 40.92%   	 (TP = 40, FP = 12) 
class_id = 67, name = cell phone, ap = 22.52%   	 (TP = 37, FP = 14) 
class_id = 68, name = microwave, ap = 51.31%   	 (TP = 18, FP = 6) 
class_id = 69, name = oven, ap = 27.01%   	 (TP = 23, FP = 16) 
class_id = 70, name = toaster, ap = 13.78%   	 (TP = 0, FP = 0) 
class_id = 71, name = sink, ap = 32.18%   	 (TP = 45, FP = 23) 
class_id = 72, name = refrigerator, ap = 36.96%   	 (TP = 23, FP = 7) 
class_id = 73, name = book, ap = 4.18%   	 (TP = 51, FP = 177) 
class_id = 74, name = clock, ap = 46.85%   	 (TP = 112, FP = 44) 
class_id = 75, name = vase, ap = 21.18%   	 (TP = 24, FP = 12) 
class_id = 76, name = scissors, ap = 11.22%   	 (TP = 2, FP = 0) 
class_id = 77, name = teddy bear, ap = 38.66%   	 (TP = 40, FP = 7) 
class_id = 78, name = hair drier, ap = 0.00%   	 (TP = 0, FP = 0) 
class_id = 79, name = toothbrush, ap = 6.87%   	 (TP = 3, FP = 3) 

 for conf_thresh = 0.25, precision = 0.67, recall = 0.22, F1-score = 0.33 
 for conf_thresh = 0.25, TP = 8079, FP = 3937, FN = 28702, average IoU = 48.57 % 

 IoU threshold = 50 %, used Area-Under-Curve for each unique Recall 
 mean average precision (mAP@0.50) = 0.299515, or 29.95 % 
