class_id = 0, name = person, ap = 43.79%   	 (TP = 3495, FP = 1574) 
class_id = 1, name = bicycle, ap = 23.16%   	 (TP = 43, FP = 19) 
class_id = 2, name = car, ap = 27.69%   	 (TP = 452, FP = 317) 
class_id = 3, name = motorcycle, ap = 36.55%   	 (TP = 94, FP = 48) 
class_id = 4, name = airplane, ap = 58.27%   	 (TP = 50, FP = 12) 
class_id = 5, name = bus, ap = 54.97%   	 (TP = 117, FP = 24) 
class_id = 6, name = train, ap = 60.31%   	 (TP = 70, FP = 7) 
class_id = 7, name = truck, ap = 26.64%   	 (TP = 71, FP = 51) 
class_id = 8, name = boat, ap = 13.50%   	 (TP = 59, FP = 87) 
class_id = 9, name = traffic light, ap = 12.31%   	 (TP = 70, FP = 79) 
class_id = 10, name = fire hydrant, ap = 59.15%   	 (TP = 42, FP = 6) 
class_id = 11, name = stop sign, ap = 56.22%   	 (TP = 39, FP = 9) 
class_id = 12, name = parking meter, ap = 39.76%   	 (TP = 18, FP = 3) 
class_id = 13, name = bench, ap = 13.57%   	 (TP = 35, FP = 16) 
class_id = 14, name = bird, ap = 14.07%   	 (TP = 58, FP = 97) 
class_id = 15, name = cat, ap = 58.27%   	 (TP = 56, FP = 14) 
class_id = 16, name = dog, ap = 46.09%   	 (TP = 58, FP = 21) 
class_id = 17, name = horse, ap = 51.99%   	 (TP = 94, FP = 27) 
class_id = 18, name = sheep, ap = 36.58%   	 (TP = 111, FP = 83) 
class_id = 19, name = cow, ap = 42.11%   	 (TP = 115, FP = 56) 
class_id = 20, name = elephant, ap = 57.91%   	 (TP = 116, FP = 39) 
class_id = 21, name = bear, ap = 57.18%   	 (TP = 24, FP = 5) 
class_id = 22, name = zebra, ap = 70.21%   	 (TP = 136, FP = 17) 
class_id = 23, name = giraffe, ap = 69.81%   	 (TP = 112, FP = 11) 
class_id = 24, name = backpack, ap = 6.12%   	 (TP = 8, FP = 7) 
class_id = 25, name = umbrella, ap = 29.23%   	 (TP = 86, FP = 46) 
class_id = 26, name = handbag, ap = 4.03%   	 (TP = 7, FP = 5) 
class_id = 27, name = tie, ap = 22.77%   	 (TP = 42, FP = 21) 
class_id = 28, name = suitcase, ap = 19.15%   	 (TP = 29, FP = 16) 
class_id = 29, name = frisbee, ap = 40.07%   	 (TP = 32, FP = 17) 
class_id = 30, name = skis, ap = 13.87%   	 (TP = 27, FP = 30) 
class_id = 31, name = snowboard, ap = 12.54%   	 (TP = 7, FP = 14) 
class_id = 32, name = sports ball, ap = 23.07%   	 (TP = 58, FP = 34) 
class_id = 33, name = kite, ap = 23.12%   	 (TP = 72, FP = 66) 
class_id = 34, name = baseball bat, ap = 16.83%   	 (TP = 13, FP = 14) 
class_id = 35, name = baseball glove, ap = 25.48%   	 (TP = 33, FP = 18) 
class_id = 36, name = skateboard, ap = 35.94%   	 (TP = 52, FP = 27) 
class_id = 37, name = surfboard, ap = 20.43%   	 (TP = 36, FP = 30) 
class_id = 38, name = tennis racket, ap = 40.28%   	 (TP = 76, FP = 22) 
class_id = 39, name = bottle, ap = 16.81%   	 (TP = 98, FP = 81) 
class_id = 40, name = wine glass, ap = 15.92%   	 (TP = 34, FP = 20) 
class_id = 41, name = cup, ap = 23.35%   	 (TP = 155, FP = 97) 
class_id = 42, name = fork, ap = 7.05%   	 (TP = 12, FP = 23) 
class_id = 43, name = knife, ap = 2.63%   	 (TP = 7, FP = 31) 
class_id = 44, name = spoon, ap = 1.97%   	 (TP = 3, FP = 15) 
class_id = 45, name = bowl, ap = 26.82%   	 (TP = 115, FP = 72) 
class_id = 46, name = banana, ap = 15.98%   	 (TP = 26, FP = 15) 
class_id = 47, name = apple, ap = 10.53%   	 (TP = 15, FP = 14) 
class_id = 48, name = sandwich, ap = 24.43%   	 (TP = 36, FP = 36) 
class_id = 49, name = orange, ap = 24.36%   	 (TP = 50, FP = 32) 
class_id = 50, name = broccoli, ap = 21.93%   	 (TP = 44, FP = 58) 
class_id = 51, name = carrot, ap = 10.39%   	 (TP = 16, FP = 25) 
class_id = 52, name = hot dog, ap = 23.15%   	 (TP = 18, FP = 15) 
class_id = 53, name = pizza, ap = 36.26%   	 (TP = 70, FP = 52) 
class_id = 54, name = donut, ap = 30.17%   	 (TP = 84, FP = 46) 
class_id = 55, name = cake, ap = 24.79%   	 (TP = 48, FP = 34) 
class_id = 56, name = chair, ap = 17.01%   	 (TP = 188, FP = 144) 
class_id = 57, name = couch, ap = 38.89%   	 (TP = 49, FP = 13) 
class_id = 58, name = potted plant, ap = 19.36%   	 (TP = 36, FP = 41) 
class_id = 59, name = bed, ap = 34.40%   	 (TP = 12, FP = 1) 
class_id = 60, name = dining table, ap = 17.30%   	 (TP = 28, FP = 20) 
class_id = 61, name = toilet, ap = 56.95%   	 (TP = 68, FP = 16) 
class_id = 62, name = tv, ap = 54.55%   	 (TP = 119, FP = 25) 
class_id = 63, name = laptop, ap = 49.10%   	 (TP = 78, FP = 29) 
class_id = 64, name = mouse, ap = 45.26%   	 (TP = 39, FP = 15) 
class_id = 65, name = remote, ap = 9.90%   	 (TP = 15, FP = 11) 
class_id = 66, name = keyboard, ap = 45.55%   	 (TP = 56, FP = 43) 
class_id = 67, name = cell phone, ap = 20.96%   	 (TP = 35, FP = 8) 
class_id = 68, name = microwave, ap = 49.17%   	 (TP = 17, FP = 3) 
class_id = 69, name = oven, ap = 30.45%   	 (TP = 22, FP = 11) 
class_id = 70, name = toaster, ap = 7.39%   	 (TP = 0, FP = 0) 
class_id = 71, name = sink, ap = 31.39%   	 (TP = 63, FP = 35) 
class_id = 72, name = refrigerator, ap = 38.61%   	 (TP = 17, FP = 3) 
class_id = 73, name = book, ap = 4.02%   	 (TP = 68, FP = 281) 
class_id = 74, name = clock, ap = 44.25%   	 (TP = 111, FP = 51) 
class_id = 75, name = vase, ap = 20.48%   	 (TP = 33, FP = 28) 
class_id = 76, name = scissors, ap = 6.33%   	 (TP = 1, FP = 2) 
class_id = 77, name = teddy bear, ap = 37.78%   	 (TP = 29, FP = 4) 
class_id = 78, name = hair drier, ap = 0.00%   	 (TP = 0, FP = 0) 
class_id = 79, name = toothbrush, ap = 6.74%   	 (TP = 3, FP = 1) 

 for conf_thresh = 0.25, precision = 0.64, recall = 0.22, F1-score = 0.33 
 for conf_thresh = 0.25, TP = 8031, FP = 4440, FN = 28750, average IoU = 46.65 % 

 IoU threshold = 50 %, used Area-Under-Curve for each unique Recall 
 mean average precision (mAP@0.50) = 0.295675, or 29.57 % 
