class_id = 0, name = person, ap = 44.02%   	 (TP = 4209, FP = 3137) 
class_id = 1, name = bicycle, ap = 23.42%   	 (TP = 57, FP = 36) 
class_id = 2, name = car, ap = 25.87%   	 (TP = 569, FP = 872) 
class_id = 3, name = motorcycle, ap = 41.61%   	 (TP = 134, FP = 76) 
class_id = 4, name = airplane, ap = 57.38%   	 (TP = 80, FP = 45) 
class_id = 5, name = bus, ap = 58.26%   	 (TP = 126, FP = 47) 
class_id = 6, name = train, ap = 60.83%   	 (TP = 106, FP = 61) 
class_id = 7, name = truck, ap = 25.87%   	 (TP = 84, FP = 90) 
class_id = 8, name = boat, ap = 16.39%   	 (TP = 79, FP = 141) 
class_id = 9, name = traffic light, ap = 11.57%   	 (TP = 109, FP = 224) 
class_id = 10, name = fire hydrant, ap = 62.56%   	 (TP = 55, FP = 18) 
class_id = 11, name = stop sign, ap = 55.47%   	 (TP = 38, FP = 7) 
class_id = 12, name = parking meter, ap = 34.42%   	 (TP = 15, FP = 10) 
class_id = 13, name = bench, ap = 13.22%   	 (TP = 46, FP = 47) 
class_id = 14, name = bird, ap = 15.70%   	 (TP = 63, FP = 90) 
class_id = 15, name = cat, ap = 56.39%   	 (TP = 91, FP = 65) 
class_id = 16, name = dog, ap = 41.11%   	 (TP = 61, FP = 50) 
class_id = 17, name = horse, ap = 51.39%   	 (TP = 121, FP = 83) 
class_id = 18, name = sheep, ap = 37.50%   	 (TP = 141, FP = 154) 
class_id = 19, name = cow, ap = 39.44%   	 (TP = 151, FP = 143) 
class_id = 20, name = elephant, ap = 60.62%   	 (TP = 139, FP = 67) 
class_id = 21, name = bear, ap = 64.33%   	 (TP = 43, FP = 19) 
class_id = 22, name = zebra, ap = 72.01%   	 (TP = 166, FP = 30) 
class_id = 23, name = giraffe, ap = 69.47%   	 (TP = 141, FP = 33) 
class_id = 24, name = backpack, ap = 5.88%   	 (TP = 14, FP = 17) 
class_id = 25, name = umbrella, ap = 26.50%   	 (TP = 109, FP = 98) 
class_id = 26, name = handbag, ap = 2.77%   	 (TP = 5, FP = 6) 
class_id = 27, name = tie, ap = 22.77%   	 (TP = 58, FP = 47) 
class_id = 28, name = suitcase, ap = 16.12%   	 (TP = 47, FP = 87) 
class_id = 29, name = frisbee, ap = 39.78%   	 (TP = 40, FP = 25) 
class_id = 30, name = skis, ap = 11.65%   	 (TP = 27, FP = 53) 
class_id = 31, name = snowboard, ap = 15.79%   	 (TP = 8, FP = 7) 
class_id = 32, name = sports ball, ap = 14.51%   	 (TP = 57, FP = 98) 
class_id = 33, name = kite, ap = 24.53%   	 (TP = 91, FP = 108) 
class_id = 34, name = baseball bat, ap = 13.52%   	 (TP = 16, FP = 19) 
class_id = 35, name = baseball glove, ap = 21.87%   	 (TP = 38, FP = 53) 
class_id = 36, name = skateboard, ap = 31.83%   	 (TP = 55, FP = 46) 
class_id = 37, name = surfboard, ap = 20.57%   	 (TP = 48, FP = 48) 
class_id = 38, name = tennis racket, ap = 38.45%   	 (TP = 66, FP = 18) 
class_id = 39, name = bottle, ap = 13.97%   	 (TP = 133, FP = 187) 
class_id = 40, name = wine glass, ap = 16.62%   	 (TP = 35, FP = 33) 
class_id = 41, name = cup, ap = 22.01%   	 (TP = 180, FP = 196) 
class_id = 42, name = fork, ap = 7.70%   	 (TP = 15, FP = 21) 
class_id = 43, name = knife, ap = 1.83%   	 (TP = 5, FP = 31) 
class_id = 44, name = spoon, ap = 2.65%   	 (TP = 4, FP = 17) 
class_id = 45, name = bowl, ap = 27.09%   	 (TP = 168, FP = 222) 
class_id = 46, name = banana, ap = 16.26%   	 (TP = 48, FP = 55) 
class_id = 47, name = apple, ap = 11.31%   	 (TP = 27, FP = 62) 
class_id = 48, name = sandwich, ap = 26.55%   	 (TP = 35, FP = 43) 
class_id = 49, name = orange, ap = 27.21%   	 (TP = 83, FP = 104) 
class_id = 50, name = broccoli, ap = 22.92%   	 (TP = 52, FP = 54) 
class_id = 51, name = carrot, ap = 12.35%   	 (TP = 35, FP = 62) 
class_id = 52, name = hot dog, ap = 17.90%   	 (TP = 23, FP = 36) 
class_id = 53, name = pizza, ap = 47.41%   	 (TP = 120, FP = 94) 
class_id = 54, name = donut, ap = 29.06%   	 (TP = 119, FP = 169) 
class_id = 55, name = cake, ap = 25.87%   	 (TP = 53, FP = 33) 
class_id = 56, name = chair, ap = 15.24%   	 (TP = 164, FP = 157) 
class_id = 57, name = couch, ap = 39.40%   	 (TP = 79, FP = 62) 
class_id = 58, name = potted plant, ap = 16.73%   	 (TP = 37, FP = 56) 
class_id = 59, name = bed, ap = 34.78%   	 (TP = 50, FP = 44) 
class_id = 60, name = dining table, ap = 20.10%   	 (TP = 114, FP = 169) 
class_id = 61, name = toilet, ap = 57.80%   	 (TP = 88, FP = 52) 
class_id = 62, name = tv, ap = 51.71%   	 (TP = 129, FP = 58) 
class_id = 63, name = laptop, ap = 49.79%   	 (TP = 87, FP = 46) 
class_id = 64, name = mouse, ap = 42.24%   	 (TP = 44, FP = 21) 
class_id = 65, name = remote, ap = 8.27%   	 (TP = 18, FP = 25) 
class_id = 66, name = keyboard, ap = 40.07%   	 (TP = 60, FP = 52) 
class_id = 67, name = cell phone, ap = 23.40%   	 (TP = 44, FP = 24) 
class_id = 68, name = microwave, ap = 50.61%   	 (TP = 22, FP = 10) 
class_id = 69, name = oven, ap = 29.35%   	 (TP = 29, FP = 22) 
class_id = 70, name = toaster, ap = 12.46%   	 (TP = 0, FP = 0) 
class_id = 71, name = sink, ap = 29.93%   	 (TP = 69, FP = 72) 
class_id = 72, name = refrigerator, ap = 35.78%   	 (TP = 41, FP = 20) 
class_id = 73, name = book, ap = 3.02%   	 (TP = 98, FP = 799) 
class_id = 74, name = clock, ap = 48.30%   	 (TP = 115, FP = 44) 
class_id = 75, name = vase, ap = 17.90%   	 (TP = 45, FP = 66) 
class_id = 76, name = scissors, ap = 14.35%   	 (TP = 3, FP = 5) 
class_id = 77, name = teddy bear, ap = 42.96%   	 (TP = 60, FP = 19) 
class_id = 78, name = hair drier, ap = 0.00%   	 (TP = 0, FP = 0) 
class_id = 79, name = toothbrush, ap = 6.83%   	 (TP = 3, FP = 2) 

 for conf_thresh = 0.25, precision = 0.51, recall = 0.27, F1-score = 0.36 
 for conf_thresh = 0.25, TP = 10037, FP = 9519, FN = 26744, average IoU = 36.64 % 

 IoU threshold = 50 %, used Area-Under-Curve for each unique Recall 
 mean average precision (mAP@0.50) = 0.295640, or 29.56 % 
