class_id = 0, name = person, ap = 43.07%   	 (TP = 4366, FP = 3389) 
class_id = 1, name = bicycle, ap = 24.58%   	 (TP = 62, FP = 39) 
class_id = 2, name = car, ap = 21.93%   	 (TP = 540, FP = 1053) 
class_id = 3, name = motorcycle, ap = 34.99%   	 (TP = 124, FP = 127) 
class_id = 4, name = airplane, ap = 56.98%   	 (TP = 61, FP = 25) 
class_id = 5, name = bus, ap = 56.97%   	 (TP = 124, FP = 27) 
class_id = 6, name = train, ap = 61.95%   	 (TP = 91, FP = 36) 
class_id = 7, name = truck, ap = 26.99%   	 (TP = 88, FP = 69) 
class_id = 8, name = boat, ap = 9.43%   	 (TP = 58, FP = 176) 
class_id = 9, name = traffic light, ap = 12.06%   	 (TP = 94, FP = 150) 
class_id = 10, name = fire hydrant, ap = 56.49%   	 (TP = 47, FP = 18) 
class_id = 11, name = stop sign, ap = 56.72%   	 (TP = 38, FP = 7) 
class_id = 12, name = parking meter, ap = 35.75%   	 (TP = 18, FP = 2) 
class_id = 13, name = bench, ap = 13.94%   	 (TP = 48, FP = 39) 
class_id = 14, name = bird, ap = 15.10%   	 (TP = 77, FP = 176) 
class_id = 15, name = cat, ap = 62.57%   	 (TP = 81, FP = 33) 
class_id = 16, name = dog, ap = 48.30%   	 (TP = 73, FP = 47) 
class_id = 17, name = horse, ap = 48.93%   	 (TP = 118, FP = 54) 
class_id = 18, name = sheep, ap = 37.74%   	 (TP = 152, FP = 190) 
class_id = 19, name = cow, ap = 38.29%   	 (TP = 139, FP = 133) 
class_id = 20, name = elephant, ap = 59.43%   	 (TP = 135, FP = 72) 
class_id = 21, name = bear, ap = 63.02%   	 (TP = 37, FP = 14) 
class_id = 22, name = zebra, ap = 70.61%   	 (TP = 165, FP = 54) 
class_id = 23, name = giraffe, ap = 71.42%   	 (TP = 137, FP = 21) 
class_id = 24, name = backpack, ap = 7.00%   	 (TP = 12, FP = 6) 
class_id = 25, name = umbrella, ap = 22.14%   	 (TP = 81, FP = 78) 
class_id = 26, name = handbag, ap = 3.62%   	 (TP = 9, FP = 14) 
class_id = 27, name = tie, ap = 23.89%   	 (TP = 59, FP = 61) 
class_id = 28, name = suitcase, ap = 17.36%   	 (TP = 40, FP = 57) 
class_id = 29, name = frisbee, ap = 44.92%   	 (TP = 39, FP = 21) 
class_id = 30, name = skis, ap = 14.21%   	 (TP = 36, FP = 55) 
class_id = 31, name = snowboard, ap = 17.63%   	 (TP = 10, FP = 11) 
class_id = 32, name = sports ball, ap = 24.74%   	 (TP = 76, FP = 106) 
class_id = 33, name = kite, ap = 26.65%   	 (TP = 102, FP = 159) 
class_id = 34, name = baseball bat, ap = 15.97%   	 (TP = 21, FP = 21) 
class_id = 35, name = baseball glove, ap = 22.71%   	 (TP = 33, FP = 42) 
class_id = 36, name = skateboard, ap = 33.40%   	 (TP = 64, FP = 61) 
class_id = 37, name = surfboard, ap = 19.85%   	 (TP = 56, FP = 74) 
class_id = 38, name = tennis racket, ap = 39.67%   	 (TP = 83, FP = 35) 
class_id = 39, name = bottle, ap = 16.07%   	 (TP = 150, FP = 196) 
class_id = 40, name = wine glass, ap = 18.93%   	 (TP = 52, FP = 68) 
class_id = 41, name = cup, ap = 23.65%   	 (TP = 162, FP = 98) 
class_id = 42, name = fork, ap = 9.36%   	 (TP = 10, FP = 13) 
class_id = 43, name = knife, ap = 2.54%   	 (TP = 5, FP = 23) 
class_id = 44, name = spoon, ap = 2.78%   	 (TP = 4, FP = 7) 
class_id = 45, name = bowl, ap = 28.57%   	 (TP = 146, FP = 143) 
class_id = 46, name = banana, ap = 16.28%   	 (TP = 50, FP = 78) 
class_id = 47, name = apple, ap = 11.03%   	 (TP = 30, FP = 78) 
class_id = 48, name = sandwich, ap = 23.81%   	 (TP = 21, FP = 27) 
class_id = 49, name = orange, ap = 22.26%   	 (TP = 60, FP = 92) 
class_id = 50, name = broccoli, ap = 22.54%   	 (TP = 50, FP = 55) 
class_id = 51, name = carrot, ap = 9.48%   	 (TP = 43, FP = 98) 
class_id = 52, name = hot dog, ap = 18.60%   	 (TP = 17, FP = 21) 
class_id = 53, name = pizza, ap = 43.50%   	 (TP = 85, FP = 50) 
class_id = 54, name = donut, ap = 29.64%   	 (TP = 108, FP = 152) 
class_id = 55, name = cake, ap = 27.43%   	 (TP = 66, FP = 44) 
class_id = 56, name = chair, ap = 17.59%   	 (TP = 192, FP = 142) 
class_id = 57, name = couch, ap = 38.52%   	 (TP = 66, FP = 33) 
class_id = 58, name = potted plant, ap = 18.58%   	 (TP = 45, FP = 54) 
class_id = 59, name = bed, ap = 35.82%   	 (TP = 21, FP = 6) 
class_id = 60, name = dining table, ap = 20.79%   	 (TP = 44, FP = 37) 
class_id = 61, name = toilet, ap = 55.02%   	 (TP = 75, FP = 33) 
class_id = 62, name = tv, ap = 52.83%   	 (TP = 122, FP = 52) 
class_id = 63, name = laptop, ap = 52.69%   	 (TP = 96, FP = 30) 
class_id = 64, name = mouse, ap = 44.10%   	 (TP = 41, FP = 18) 
class_id = 65, name = remote, ap = 8.61%   	 (TP = 26, FP = 42) 
class_id = 66, name = keyboard, ap = 47.01%   	 (TP = 60, FP = 29) 
class_id = 67, name = cell phone, ap = 22.62%   	 (TP = 44, FP = 20) 
class_id = 68, name = microwave, ap = 49.15%   	 (TP = 20, FP = 2) 
class_id = 69, name = oven, ap = 31.00%   	 (TP = 29, FP = 19) 
class_id = 70, name = toaster, ap = 13.81%   	 (TP = 0, FP = 0) 
class_id = 71, name = sink, ap = 32.78%   	 (TP = 59, FP = 39) 
class_id = 72, name = refrigerator, ap = 38.48%   	 (TP = 33, FP = 13) 
class_id = 73, name = book, ap = 3.73%   	 (TP = 98, FP = 531) 
class_id = 74, name = clock, ap = 48.84%   	 (TP = 112, FP = 34) 
class_id = 75, name = vase, ap = 21.67%   	 (TP = 42, FP = 38) 
class_id = 76, name = scissors, ap = 10.88%   	 (TP = 2, FP = 0) 
class_id = 77, name = teddy bear, ap = 42.32%   	 (TP = 55, FP = 15) 
class_id = 78, name = hair drier, ap = 0.00%   	 (TP = 0, FP = 0) 
class_id = 79, name = toothbrush, ap = 5.90%   	 (TP = 3, FP = 4) 

 for conf_thresh = 0.25, precision = 0.52, recall = 0.27, F1-score = 0.36 
 for conf_thresh = 0.25, TP = 9938, FP = 9186, FN = 26843, average IoU = 37.31 % 

 IoU threshold = 50 %, used Area-Under-Curve for each unique Recall 
 mean average precision (mAP@0.50) = 0.300031, or 30.00 % 
