class_id = 0, name = person, ap = 41.93%   	 (TP = 4651, FP = 5142) 
class_id = 1, name = bicycle, ap = 24.06%   	 (TP = 61, FP = 49) 
class_id = 2, name = car, ap = 22.93%   	 (TP = 625, FP = 1809) 
class_id = 3, name = motorcycle, ap = 39.04%   	 (TP = 132, FP = 118) 
class_id = 4, name = airplane, ap = 59.94%   	 (TP = 81, FP = 51) 
class_id = 5, name = bus, ap = 57.95%   	 (TP = 131, FP = 68) 
class_id = 6, name = train, ap = 63.54%   	 (TP = 107, FP = 46) 
class_id = 7, name = truck, ap = 25.13%   	 (TP = 87, FP = 88) 
class_id = 8, name = boat, ap = 15.13%   	 (TP = 87, FP = 228) 
class_id = 9, name = traffic light, ap = 6.72%   	 (TP = 102, FP = 597) 
class_id = 10, name = fire hydrant, ap = 58.73%   	 (TP = 58, FP = 20) 
class_id = 11, name = stop sign, ap = 56.04%   	 (TP = 39, FP = 10) 
class_id = 12, name = parking meter, ap = 35.93%   	 (TP = 19, FP = 2) 
class_id = 13, name = bench, ap = 14.18%   	 (TP = 50, FP = 43) 
class_id = 14, name = bird, ap = 12.69%   	 (TP = 82, FP = 268) 
class_id = 15, name = cat, ap = 63.20%   	 (TP = 96, FP = 48) 
class_id = 16, name = dog, ap = 46.86%   	 (TP = 71, FP = 48) 
class_id = 17, name = horse, ap = 47.43%   	 (TP = 102, FP = 46) 
class_id = 18, name = sheep, ap = 32.16%   	 (TP = 158, FP = 279) 
class_id = 19, name = cow, ap = 36.04%   	 (TP = 156, FP = 226) 
class_id = 20, name = elephant, ap = 58.77%   	 (TP = 130, FP = 65) 
class_id = 21, name = bear, ap = 63.62%   	 (TP = 35, FP = 6) 
class_id = 22, name = zebra, ap = 70.75%   	 (TP = 173, FP = 80) 
class_id = 23, name = giraffe, ap = 67.77%   	 (TP = 141, FP = 36) 
class_id = 24, name = backpack, ap = 7.13%   	 (TP = 13, FP = 13) 
class_id = 25, name = umbrella, ap = 25.42%   	 (TP = 112, FP = 111) 
class_id = 26, name = handbag, ap = 3.34%   	 (TP = 6, FP = 13) 
class_id = 27, name = tie, ap = 20.46%   	 (TP = 58, FP = 93) 
class_id = 28, name = suitcase, ap = 16.99%   	 (TP = 44, FP = 47) 
class_id = 29, name = frisbee, ap = 42.90%   	 (TP = 46, FP = 35) 
class_id = 30, name = skis, ap = 12.00%   	 (TP = 35, FP = 76) 
class_id = 31, name = snowboard, ap = 13.88%   	 (TP = 11, FP = 22) 
class_id = 32, name = sports ball, ap = 19.21%   	 (TP = 69, FP = 112) 
class_id = 33, name = kite, ap = 19.99%   	 (TP = 93, FP = 192) 
class_id = 34, name = baseball bat, ap = 10.87%   	 (TP = 23, FP = 48) 
class_id = 35, name = baseball glove, ap = 24.54%   	 (TP = 42, FP = 94) 
class_id = 36, name = skateboard, ap = 32.67%   	 (TP = 61, FP = 62) 
class_id = 37, name = surfboard, ap = 19.52%   	 (TP = 57, FP = 86) 
class_id = 38, name = tennis racket, ap = 36.10%   	 (TP = 81, FP = 73) 
class_id = 39, name = bottle, ap = 13.47%   	 (TP = 167, FP = 365) 
class_id = 40, name = wine glass, ap = 17.87%   	 (TP = 48, FP = 71) 
class_id = 41, name = cup, ap = 22.99%   	 (TP = 198, FP = 209) 
class_id = 42, name = fork, ap = 9.23%   	 (TP = 13, FP = 16) 
class_id = 43, name = knife, ap = 2.23%   	 (TP = 8, FP = 32) 
class_id = 44, name = spoon, ap = 2.28%   	 (TP = 4, FP = 18) 
class_id = 45, name = bowl, ap = 27.75%   	 (TP = 173, FP = 274) 
class_id = 46, name = banana, ap = 16.76%   	 (TP = 50, FP = 79) 
class_id = 47, name = apple, ap = 11.86%   	 (TP = 27, FP = 50) 
class_id = 48, name = sandwich, ap = 25.08%   	 (TP = 39, FP = 48) 
class_id = 49, name = orange, ap = 24.24%   	 (TP = 65, FP = 54) 
class_id = 50, name = broccoli, ap = 22.99%   	 (TP = 52, FP = 50) 
class_id = 51, name = carrot, ap = 10.69%   	 (TP = 31, FP = 46) 
class_id = 52, name = hot dog, ap = 24.66%   	 (TP = 15, FP = 10) 
class_id = 53, name = pizza, ap = 45.19%   	 (TP = 112, FP = 88) 
class_id = 54, name = donut, ap = 27.05%   	 (TP = 107, FP = 166) 
class_id = 55, name = cake, ap = 26.07%   	 (TP = 50, FP = 29) 
class_id = 56, name = chair, ap = 15.33%   	 (TP = 223, FP = 301) 
class_id = 57, name = couch, ap = 38.05%   	 (TP = 65, FP = 29) 
class_id = 58, name = potted plant, ap = 16.69%   	 (TP = 54, FP = 67) 
class_id = 59, name = bed, ap = 35.49%   	 (TP = 26, FP = 9) 
class_id = 60, name = dining table, ap = 18.57%   	 (TP = 63, FP = 79) 
class_id = 61, name = toilet, ap = 56.35%   	 (TP = 85, FP = 46) 
class_id = 62, name = tv, ap = 53.61%   	 (TP = 140, FP = 66) 
class_id = 63, name = laptop, ap = 52.15%   	 (TP = 86, FP = 36) 
class_id = 64, name = mouse, ap = 44.27%   	 (TP = 48, FP = 36) 
class_id = 65, name = remote, ap = 7.53%   	 (TP = 28, FP = 85) 
class_id = 66, name = keyboard, ap = 44.18%   	 (TP = 61, FP = 32) 
class_id = 67, name = cell phone, ap = 22.90%   	 (TP = 56, FP = 48) 
class_id = 68, name = microwave, ap = 40.65%   	 (TP = 17, FP = 11) 
class_id = 69, name = oven, ap = 30.39%   	 (TP = 30, FP = 18) 
class_id = 70, name = toaster, ap = 12.71%   	 (TP = 0, FP = 0) 
class_id = 71, name = sink, ap = 34.91%   	 (TP = 70, FP = 48) 
class_id = 72, name = refrigerator, ap = 39.96%   	 (TP = 51, FP = 24) 
class_id = 73, name = book, ap = 2.40%   	 (TP = 85, FP = 775) 
class_id = 74, name = clock, ap = 44.86%   	 (TP = 124, FP = 89) 
class_id = 75, name = vase, ap = 18.99%   	 (TP = 47, FP = 50) 
class_id = 76, name = scissors, ap = 9.06%   	 (TP = 2, FP = 2) 
class_id = 77, name = teddy bear, ap = 38.14%   	 (TP = 58, FP = 24) 
class_id = 78, name = hair drier, ap = 0.00%   	 (TP = 0, FP = 0) 
class_id = 79, name = toothbrush, ap = 4.97%   	 (TP = 4, FP = 8) 

 for conf_thresh = 0.25, precision = 0.43, recall = 0.29, F1-score = 0.35 
 for conf_thresh = 0.25, TP = 10707, FP = 13938, FN = 26074, average IoU = 30.89 % 

 IoU threshold = 50 %, used Area-Under-Curve for each unique Recall 
 mean average precision (mAP@0.50) = 0.292261, or 29.23 % 
