class_id = 0, name = person, ap = 41.83%   	 (TP = 4118, FP = 3281) 
class_id = 1, name = bicycle, ap = 21.64%   	 (TP = 54, FP = 33) 
class_id = 2, name = car, ap = 24.45%   	 (TP = 549, FP = 941) 
class_id = 3, name = motorcycle, ap = 30.53%   	 (TP = 100, FP = 116) 
class_id = 4, name = airplane, ap = 59.25%   	 (TP = 63, FP = 24) 
class_id = 5, name = bus, ap = 57.10%   	 (TP = 117, FP = 29) 
class_id = 6, name = train, ap = 58.10%   	 (TP = 82, FP = 26) 
class_id = 7, name = truck, ap = 26.97%   	 (TP = 89, FP = 89) 
class_id = 8, name = boat, ap = 12.63%   	 (TP = 79, FP = 182) 
class_id = 9, name = traffic light, ap = 5.10%   	 (TP = 79, FP = 415) 
class_id = 10, name = fire hydrant, ap = 57.58%   	 (TP = 45, FP = 17) 
class_id = 11, name = stop sign, ap = 56.56%   	 (TP = 38, FP = 3) 
class_id = 12, name = parking meter, ap = 40.19%   	 (TP = 13, FP = 3) 
class_id = 13, name = bench, ap = 13.78%   	 (TP = 37, FP = 20) 
class_id = 14, name = bird, ap = 6.75%   	 (TP = 82, FP = 336) 
class_id = 15, name = cat, ap = 55.84%   	 (TP = 62, FP = 37) 
class_id = 16, name = dog, ap = 46.05%   	 (TP = 71, FP = 46) 
class_id = 17, name = horse, ap = 53.49%   	 (TP = 98, FP = 34) 
class_id = 18, name = sheep, ap = 33.76%   	 (TP = 150, FP = 190) 
class_id = 19, name = cow, ap = 39.18%   	 (TP = 148, FP = 150) 
class_id = 20, name = elephant, ap = 58.59%   	 (TP = 135, FP = 67) 
class_id = 21, name = bear, ap = 66.55%   	 (TP = 34, FP = 12) 
class_id = 22, name = zebra, ap = 71.23%   	 (TP = 157, FP = 40) 
class_id = 23, name = giraffe, ap = 69.34%   	 (TP = 137, FP = 19) 
class_id = 24, name = backpack, ap = 5.87%   	 (TP = 11, FP = 18) 
class_id = 25, name = umbrella, ap = 27.74%   	 (TP = 111, FP = 93) 
class_id = 26, name = handbag, ap = 3.26%   	 (TP = 12, FP = 25) 
class_id = 27, name = tie, ap = 20.24%   	 (TP = 46, FP = 37) 
class_id = 28, name = suitcase, ap = 18.21%   	 (TP = 45, FP = 53) 
class_id = 29, name = frisbee, ap = 40.67%   	 (TP = 43, FP = 22) 
class_id = 30, name = skis, ap = 10.73%   	 (TP = 29, FP = 65) 
class_id = 31, name = snowboard, ap = 18.23%   	 (TP = 11, FP = 15) 
class_id = 32, name = sports ball, ap = 22.40%   	 (TP = 64, FP = 74) 
class_id = 33, name = kite, ap = 10.63%   	 (TP = 67, FP = 267) 
class_id = 34, name = baseball bat, ap = 13.57%   	 (TP = 16, FP = 18) 
class_id = 35, name = baseball glove, ap = 22.64%   	 (TP = 37, FP = 36) 
class_id = 36, name = skateboard, ap = 35.74%   	 (TP = 61, FP = 49) 
class_id = 37, name = surfboard, ap = 23.22%   	 (TP = 60, FP = 83) 
class_id = 38, name = tennis racket, ap = 38.14%   	 (TP = 77, FP = 37) 
class_id = 39, name = bottle, ap = 11.68%   	 (TP = 117, FP = 152) 
class_id = 40, name = wine glass, ap = 16.26%   	 (TP = 46, FP = 60) 
class_id = 41, name = cup, ap = 21.01%   	 (TP = 169, FP = 259) 
class_id = 42, name = fork, ap = 7.84%   	 (TP = 13, FP = 27) 
class_id = 43, name = knife, ap = 2.98%   	 (TP = 6, FP = 24) 
class_id = 44, name = spoon, ap = 1.58%   	 (TP = 2, FP = 5) 
class_id = 45, name = bowl, ap = 26.38%   	 (TP = 140, FP = 176) 
class_id = 46, name = banana, ap = 15.74%   	 (TP = 52, FP = 87) 
class_id = 47, name = apple, ap = 13.90%   	 (TP = 35, FP = 59) 
class_id = 48, name = sandwich, ap = 28.84%   	 (TP = 34, FP = 33) 
class_id = 49, name = orange, ap = 28.06%   	 (TP = 76, FP = 74) 
class_id = 50, name = broccoli, ap = 22.40%   	 (TP = 44, FP = 44) 
class_id = 51, name = carrot, ap = 11.44%   	 (TP = 29, FP = 37) 
class_id = 52, name = hot dog, ap = 25.08%   	 (TP = 13, FP = 10) 
class_id = 53, name = pizza, ap = 48.55%   	 (TP = 117, FP = 60) 
class_id = 54, name = donut, ap = 29.82%   	 (TP = 76, FP = 70) 
class_id = 55, name = cake, ap = 26.53%   	 (TP = 61, FP = 35) 
class_id = 56, name = chair, ap = 17.41%   	 (TP = 202, FP = 175) 
class_id = 57, name = couch, ap = 40.02%   	 (TP = 69, FP = 23) 
class_id = 58, name = potted plant, ap = 18.97%   	 (TP = 49, FP = 57) 
class_id = 59, name = bed, ap = 32.99%   	 (TP = 17, FP = 6) 
class_id = 60, name = dining table, ap = 18.43%   	 (TP = 80, FP = 86) 
class_id = 61, name = toilet, ap = 57.99%   	 (TP = 77, FP = 31) 
class_id = 62, name = tv, ap = 53.81%   	 (TP = 133, FP = 56) 
class_id = 63, name = laptop, ap = 48.78%   	 (TP = 91, FP = 42) 
class_id = 64, name = mouse, ap = 41.32%   	 (TP = 45, FP = 33) 
class_id = 65, name = remote, ap = 8.71%   	 (TP = 24, FP = 38) 
class_id = 66, name = keyboard, ap = 48.77%   	 (TP = 62, FP = 28) 
class_id = 67, name = cell phone, ap = 21.58%   	 (TP = 49, FP = 31) 
class_id = 68, name = microwave, ap = 50.87%   	 (TP = 24, FP = 10) 
class_id = 69, name = oven, ap = 30.72%   	 (TP = 28, FP = 18) 
class_id = 70, name = toaster, ap = 20.09%   	 (TP = 0, FP = 0) 
class_id = 71, name = sink, ap = 33.52%   	 (TP = 68, FP = 39) 
class_id = 72, name = refrigerator, ap = 40.25%   	 (TP = 36, FP = 14) 
class_id = 73, name = book, ap = 4.03%   	 (TP = 108, FP = 612) 
class_id = 74, name = clock, ap = 47.42%   	 (TP = 121, FP = 62) 
class_id = 75, name = vase, ap = 18.09%   	 (TP = 38, FP = 40) 
class_id = 76, name = scissors, ap = 10.83%   	 (TP = 2, FP = 1) 
class_id = 77, name = teddy bear, ap = 42.14%   	 (TP = 57, FP = 18) 
class_id = 78, name = hair drier, ap = 0.00%   	 (TP = 0, FP = 0) 
class_id = 79, name = toothbrush, ap = 6.18%   	 (TP = 2, FP = 1) 

 for conf_thresh = 0.25, precision = 0.50, recall = 0.26, F1-score = 0.34 
 for conf_thresh = 0.25, TP = 9639, FP = 9635, FN = 27142, average IoU = 35.74 % 

 IoU threshold = 50 %, used Area-Under-Curve for each unique Recall 
 mean average precision (mAP@0.50) = 0.296101, or 29.61 % 
