class_id = 0, name = person, ap = 45.13%   	 (TP = 3990, FP = 2038) 
class_id = 1, name = bicycle, ap = 20.83%   	 (TP = 51, FP = 45) 
class_id = 2, name = car, ap = 27.08%   	 (TP = 449, FP = 370) 
class_id = 3, name = motorcycle, ap = 40.14%   	 (TP = 91, FP = 30) 
class_id = 4, name = airplane, ap = 58.82%   	 (TP = 57, FP = 12) 
class_id = 5, name = bus, ap = 56.26%   	 (TP = 115, FP = 44) 
class_id = 6, name = train, ap = 63.58%   	 (TP = 96, FP = 23) 
class_id = 7, name = truck, ap = 25.65%   	 (TP = 64, FP = 44) 
class_id = 8, name = boat, ap = 10.15%   	 (TP = 43, FP = 93) 
class_id = 9, name = traffic light, ap = 15.62%   	 (TP = 81, FP = 63) 
class_id = 10, name = fire hydrant, ap = 62.69%   	 (TP = 42, FP = 4) 
class_id = 11, name = stop sign, ap = 58.13%   	 (TP = 40, FP = 9) 
class_id = 12, name = parking meter, ap = 37.49%   	 (TP = 13, FP = 4) 
class_id = 13, name = bench, ap = 13.06%   	 (TP = 31, FP = 17) 
class_id = 14, name = bird, ap = 14.52%   	 (TP = 66, FP = 139) 
class_id = 15, name = cat, ap = 57.35%   	 (TP = 82, FP = 49) 
class_id = 16, name = dog, ap = 45.66%   	 (TP = 53, FP = 20) 
class_id = 17, name = horse, ap = 44.55%   	 (TP = 100, FP = 53) 
class_id = 18, name = sheep, ap = 32.88%   	 (TP = 109, FP = 106) 
class_id = 19, name = cow, ap = 34.14%   	 (TP = 112, FP = 86) 
class_id = 20, name = elephant, ap = 48.53%   	 (TP = 123, FP = 98) 
class_id = 21, name = bear, ap = 66.09%   	 (TP = 34, FP = 8) 
class_id = 22, name = zebra, ap = 69.28%   	 (TP = 157, FP = 42) 
class_id = 23, name = giraffe, ap = 71.04%   	 (TP = 131, FP = 17) 
class_id = 24, name = backpack, ap = 6.63%   	 (TP = 9, FP = 9) 
class_id = 25, name = umbrella, ap = 27.31%   	 (TP = 71, FP = 36) 
class_id = 26, name = handbag, ap = 2.98%   	 (TP = 5, FP = 3) 
class_id = 27, name = tie, ap = 26.81%   	 (TP = 50, FP = 14) 
class_id = 28, name = suitcase, ap = 15.91%   	 (TP = 31, FP = 40) 
class_id = 29, name = frisbee, ap = 41.93%   	 (TP = 39, FP = 23) 
class_id = 30, name = skis, ap = 15.13%   	 (TP = 25, FP = 25) 
class_id = 31, name = snowboard, ap = 16.16%   	 (TP = 6, FP = 5) 
class_id = 32, name = sports ball, ap = 19.98%   	 (TP = 60, FP = 64) 
class_id = 33, name = kite, ap = 20.14%   	 (TP = 84, FP = 130) 
class_id = 34, name = baseball bat, ap = 13.96%   	 (TP = 14, FP = 12) 
class_id = 35, name = baseball glove, ap = 24.10%   	 (TP = 24, FP = 15) 
class_id = 36, name = skateboard, ap = 35.45%   	 (TP = 51, FP = 29) 
class_id = 37, name = surfboard, ap = 15.22%   	 (TP = 38, FP = 57) 
class_id = 38, name = tennis racket, ap = 37.31%   	 (TP = 72, FP = 20) 
class_id = 39, name = bottle, ap = 15.64%   	 (TP = 110, FP = 96) 
class_id = 40, name = wine glass, ap = 17.87%   	 (TP = 41, FP = 23) 
class_id = 41, name = cup, ap = 22.86%   	 (TP = 162, FP = 121) 
class_id = 42, name = fork, ap = 7.11%   	 (TP = 7, FP = 9) 
class_id = 43, name = knife, ap = 2.66%   	 (TP = 2, FP = 13) 
class_id = 44, name = spoon, ap = 2.59%   	 (TP = 3, FP = 2) 
class_id = 45, name = bowl, ap = 24.90%   	 (TP = 107, FP = 94) 
class_id = 46, name = banana, ap = 16.35%   	 (TP = 29, FP = 28) 
class_id = 47, name = apple, ap = 10.53%   	 (TP = 12, FP = 14) 
class_id = 48, name = sandwich, ap = 25.96%   	 (TP = 24, FP = 23) 
class_id = 49, name = orange, ap = 23.72%   	 (TP = 33, FP = 22) 
class_id = 50, name = broccoli, ap = 23.54%   	 (TP = 30, FP = 22) 
class_id = 51, name = carrot, ap = 10.88%   	 (TP = 12, FP = 25) 
class_id = 52, name = hot dog, ap = 17.58%   	 (TP = 12, FP = 6) 
class_id = 53, name = pizza, ap = 40.14%   	 (TP = 68, FP = 28) 
class_id = 54, name = donut, ap = 26.74%   	 (TP = 73, FP = 63) 
class_id = 55, name = cake, ap = 23.43%   	 (TP = 54, FP = 40) 
class_id = 56, name = chair, ap = 16.57%   	 (TP = 154, FP = 104) 
class_id = 57, name = couch, ap = 38.04%   	 (TP = 50, FP = 11) 
class_id = 58, name = potted plant, ap = 19.07%   	 (TP = 37, FP = 27) 
class_id = 59, name = bed, ap = 36.20%   	 (TP = 17, FP = 4) 
class_id = 60, name = dining table, ap = 20.18%   	 (TP = 36, FP = 27) 
class_id = 61, name = toilet, ap = 56.75%   	 (TP = 71, FP = 18) 
class_id = 62, name = tv, ap = 51.06%   	 (TP = 110, FP = 29) 
class_id = 63, name = laptop, ap = 48.39%   	 (TP = 80, FP = 23) 
class_id = 64, name = mouse, ap = 41.60%   	 (TP = 46, FP = 31) 
class_id = 65, name = remote, ap = 8.03%   	 (TP = 15, FP = 16) 
class_id = 66, name = keyboard, ap = 38.18%   	 (TP = 52, FP = 33) 
class_id = 67, name = cell phone, ap = 22.14%   	 (TP = 41, FP = 17) 
class_id = 68, name = microwave, ap = 50.95%   	 (TP = 19, FP = 2) 
class_id = 69, name = oven, ap = 33.79%   	 (TP = 18, FP = 6) 
class_id = 70, name = toaster, ap = 12.47%   	 (TP = 0, FP = 0) 
class_id = 71, name = sink, ap = 23.77%   	 (TP = 41, FP = 26) 
class_id = 72, name = refrigerator, ap = 36.66%   	 (TP = 20, FP = 5) 
class_id = 73, name = book, ap = 4.12%   	 (TP = 72, FP = 254) 
class_id = 74, name = clock, ap = 48.03%   	 (TP = 110, FP = 38) 
class_id = 75, name = vase, ap = 20.63%   	 (TP = 33, FP = 26) 
class_id = 76, name = scissors, ap = 7.86%   	 (TP = 2, FP = 2) 
class_id = 77, name = teddy bear, ap = 40.48%   	 (TP = 34, FP = 4) 
class_id = 78, name = hair drier, ap = 0.00%   	 (TP = 0, FP = 0) 
class_id = 79, name = toothbrush, ap = 5.73%   	 (TP = 3, FP = 2) 

 for conf_thresh = 0.25, precision = 0.62, recall = 0.23, F1-score = 0.34 
 for conf_thresh = 0.25, TP = 8549, FP = 5230, FN = 28232, average IoU = 44.57 % 

 IoU threshold = 50 %, used Area-Under-Curve for each unique Recall 
 mean average precision (mAP@0.50) = 0.291366, or 29.14 % 
