class_id = 0, name = person, ap = 43.94%   	 (TP = 4637, FP = 4445) 
class_id = 1, name = bicycle, ap = 24.84%   	 (TP = 66, FP = 45) 
class_id = 2, name = car, ap = 25.69%   	 (TP = 555, FP = 901) 
class_id = 3, name = motorcycle, ap = 42.01%   	 (TP = 116, FP = 55) 
class_id = 4, name = airplane, ap = 64.39%   	 (TP = 78, FP = 25) 
class_id = 5, name = bus, ap = 57.23%   	 (TP = 124, FP = 33) 
class_id = 6, name = train, ap = 61.51%   	 (TP = 92, FP = 34) 
class_id = 7, name = truck, ap = 27.59%   	 (TP = 83, FP = 57) 
class_id = 8, name = boat, ap = 13.81%   	 (TP = 65, FP = 121) 
class_id = 9, name = traffic light, ap = 11.09%   	 (TP = 97, FP = 200) 
class_id = 10, name = fire hydrant, ap = 61.53%   	 (TP = 49, FP = 9) 
class_id = 11, name = stop sign, ap = 59.40%   	 (TP = 40, FP = 6) 
class_id = 12, name = parking meter, ap = 34.53%   	 (TP = 15, FP = 4) 
class_id = 13, name = bench, ap = 14.99%   	 (TP = 50, FP = 24) 
class_id = 14, name = bird, ap = 14.27%   	 (TP = 84, FP = 196) 
class_id = 15, name = cat, ap = 55.50%   	 (TP = 65, FP = 37) 
class_id = 16, name = dog, ap = 46.30%   	 (TP = 57, FP = 41) 
class_id = 17, name = horse, ap = 46.15%   	 (TP = 121, FP = 120) 
class_id = 18, name = sheep, ap = 36.81%   	 (TP = 157, FP = 207) 
class_id = 19, name = cow, ap = 42.76%   	 (TP = 132, FP = 60) 
class_id = 20, name = elephant, ap = 58.12%   	 (TP = 136, FP = 58) 
class_id = 21, name = bear, ap = 61.28%   	 (TP = 39, FP = 21) 
class_id = 22, name = zebra, ap = 75.09%   	 (TP = 166, FP = 23) 
class_id = 23, name = giraffe, ap = 73.78%   	 (TP = 149, FP = 24) 
class_id = 24, name = backpack, ap = 5.97%   	 (TP = 18, FP = 37) 
class_id = 25, name = umbrella, ap = 27.39%   	 (TP = 105, FP = 81) 
class_id = 26, name = handbag, ap = 4.00%   	 (TP = 11, FP = 18) 
class_id = 27, name = tie, ap = 17.91%   	 (TP = 56, FP = 107) 
class_id = 28, name = suitcase, ap = 18.31%   	 (TP = 42, FP = 44) 
class_id = 29, name = frisbee, ap = 44.83%   	 (TP = 42, FP = 25) 
class_id = 30, name = skis, ap = 16.09%   	 (TP = 41, FP = 50) 
class_id = 31, name = snowboard, ap = 16.95%   	 (TP = 10, FP = 18) 
class_id = 32, name = sports ball, ap = 19.58%   	 (TP = 67, FP = 106) 
class_id = 33, name = kite, ap = 24.52%   	 (TP = 94, FP = 117) 
class_id = 34, name = baseball bat, ap = 15.24%   	 (TP = 20, FP = 22) 
class_id = 35, name = baseball glove, ap = 25.16%   	 (TP = 40, FP = 27) 
class_id = 36, name = skateboard, ap = 35.17%   	 (TP = 59, FP = 42) 
class_id = 37, name = surfboard, ap = 24.37%   	 (TP = 62, FP = 78) 
class_id = 38, name = tennis racket, ap = 38.68%   	 (TP = 86, FP = 51) 
class_id = 39, name = bottle, ap = 14.10%   	 (TP = 135, FP = 225) 
class_id = 40, name = wine glass, ap = 16.41%   	 (TP = 48, FP = 70) 
class_id = 41, name = cup, ap = 22.99%   	 (TP = 186, FP = 210) 
class_id = 42, name = fork, ap = 9.24%   	 (TP = 12, FP = 32) 
class_id = 43, name = knife, ap = 2.09%   	 (TP = 5, FP = 31) 
class_id = 44, name = spoon, ap = 2.40%   	 (TP = 4, FP = 13) 
class_id = 45, name = bowl, ap = 28.98%   	 (TP = 162, FP = 170) 
class_id = 46, name = banana, ap = 16.81%   	 (TP = 56, FP = 76) 
class_id = 47, name = apple, ap = 8.29%   	 (TP = 28, FP = 76) 
class_id = 48, name = sandwich, ap = 27.62%   	 (TP = 31, FP = 41) 
class_id = 49, name = orange, ap = 24.01%   	 (TP = 74, FP = 115) 
class_id = 50, name = broccoli, ap = 23.93%   	 (TP = 54, FP = 54) 
class_id = 51, name = carrot, ap = 11.81%   	 (TP = 31, FP = 41) 
class_id = 52, name = hot dog, ap = 21.44%   	 (TP = 21, FP = 21) 
class_id = 53, name = pizza, ap = 44.47%   	 (TP = 103, FP = 64) 
class_id = 54, name = donut, ap = 25.95%   	 (TP = 86, FP = 129) 
class_id = 55, name = cake, ap = 24.62%   	 (TP = 69, FP = 84) 
class_id = 56, name = chair, ap = 15.22%   	 (TP = 186, FP = 180) 
class_id = 57, name = couch, ap = 39.11%   	 (TP = 62, FP = 16) 
class_id = 58, name = potted plant, ap = 19.01%   	 (TP = 41, FP = 40) 
class_id = 59, name = bed, ap = 34.83%   	 (TP = 33, FP = 20) 
class_id = 60, name = dining table, ap = 19.63%   	 (TP = 73, FP = 76) 
class_id = 61, name = toilet, ap = 56.15%   	 (TP = 81, FP = 40) 
class_id = 62, name = tv, ap = 52.62%   	 (TP = 123, FP = 58) 
class_id = 63, name = laptop, ap = 49.53%   	 (TP = 93, FP = 50) 
class_id = 64, name = mouse, ap = 44.80%   	 (TP = 46, FP = 20) 
class_id = 65, name = remote, ap = 7.23%   	 (TP = 24, FP = 51) 
class_id = 66, name = keyboard, ap = 48.45%   	 (TP = 69, FP = 51) 
class_id = 67, name = cell phone, ap = 22.60%   	 (TP = 47, FP = 28) 
class_id = 68, name = microwave, ap = 52.59%   	 (TP = 22, FP = 5) 
class_id = 69, name = oven, ap = 29.23%   	 (TP = 32, FP = 21) 
class_id = 70, name = toaster, ap = 5.94%   	 (TP = 0, FP = 0) 
class_id = 71, name = sink, ap = 31.29%   	 (TP = 67, FP = 62) 
class_id = 72, name = refrigerator, ap = 38.37%   	 (TP = 41, FP = 20) 
class_id = 73, name = book, ap = 5.11%   	 (TP = 91, FP = 378) 
class_id = 74, name = clock, ap = 49.83%   	 (TP = 127, FP = 63) 
class_id = 75, name = vase, ap = 19.93%   	 (TP = 43, FP = 45) 
class_id = 76, name = scissors, ap = 11.07%   	 (TP = 3, FP = 3) 
class_id = 77, name = teddy bear, ap = 40.18%   	 (TP = 51, FP = 14) 
class_id = 78, name = hair drier, ap = 0.00%   	 (TP = 0, FP = 0) 
class_id = 79, name = toothbrush, ap = 6.15%   	 (TP = 3, FP = 4) 

 for conf_thresh = 0.25, precision = 0.50, recall = 0.28, F1-score = 0.36 
 for conf_thresh = 0.25, TP = 10389, FP = 10266, FN = 26392, average IoU = 35.91 % 

 IoU threshold = 50 %, used Area-Under-Curve for each unique Recall 
 mean average precision (mAP@0.50) = 0.301353, or 30.14 % 
