class_id = 0, name = person, ap = 42.24%   	 (TP = 3386, FP = 1524) 
class_id = 1, name = bicycle, ap = 24.16%   	 (TP = 44, FP = 15) 
class_id = 2, name = car, ap = 26.87%   	 (TP = 448, FP = 339) 
class_id = 3, name = motorcycle, ap = 39.60%   	 (TP = 84, FP = 25) 
class_id = 4, name = airplane, ap = 50.01%   	 (TP = 52, FP = 17) 
class_id = 5, name = bus, ap = 55.72%   	 (TP = 103, FP = 20) 
class_id = 6, name = train, ap = 54.82%   	 (TP = 73, FP = 17) 
class_id = 7, name = truck, ap = 25.42%   	 (TP = 76, FP = 56) 
class_id = 8, name = boat, ap = 15.24%   	 (TP = 40, FP = 43) 
class_id = 9, name = traffic light, ap = 12.11%   	 (TP = 80, FP = 113) 
class_id = 10, name = fire hydrant, ap = 57.00%   	 (TP = 41, FP = 5) 
class_id = 11, name = stop sign, ap = 57.65%   	 (TP = 39, FP = 5) 
class_id = 12, name = parking meter, ap = 33.26%   	 (TP = 10, FP = 2) 
class_id = 13, name = bench, ap = 12.57%   	 (TP = 30, FP = 11) 
class_id = 14, name = bird, ap = 15.58%   	 (TP = 63, FP = 94) 
class_id = 15, name = cat, ap = 54.69%   	 (TP = 42, FP = 13) 
class_id = 16, name = dog, ap = 43.77%   	 (TP = 51, FP = 21) 
class_id = 17, name = horse, ap = 42.37%   	 (TP = 93, FP = 46) 
class_id = 18, name = sheep, ap = 35.10%   	 (TP = 108, FP = 77) 
class_id = 19, name = cow, ap = 37.09%   	 (TP = 121, FP = 78) 
class_id = 20, name = elephant, ap = 54.19%   	 (TP = 106, FP = 40) 
class_id = 21, name = bear, ap = 61.10%   	 (TP = 25, FP = 3) 
class_id = 22, name = zebra, ap = 68.86%   	 (TP = 142, FP = 28) 
class_id = 23, name = giraffe, ap = 69.03%   	 (TP = 102, FP = 8) 
class_id = 24, name = backpack, ap = 5.67%   	 (TP = 6, FP = 9) 
class_id = 25, name = umbrella, ap = 22.58%   	 (TP = 63, FP = 54) 
class_id = 26, name = handbag, ap = 2.31%   	 (TP = 3, FP = 3) 
class_id = 27, name = tie, ap = 18.00%   	 (TP = 42, FP = 32) 
class_id = 28, name = suitcase, ap = 14.10%   	 (TP = 25, FP = 32) 
class_id = 29, name = frisbee, ap = 38.91%   	 (TP = 34, FP = 20) 
class_id = 30, name = skis, ap = 12.78%   	 (TP = 26, FP = 60) 
class_id = 31, name = snowboard, ap = 15.29%   	 (TP = 7, FP = 5) 
class_id = 32, name = sports ball, ap = 21.26%   	 (TP = 59, FP = 59) 
class_id = 33, name = kite, ap = 17.51%   	 (TP = 82, FP = 154) 
class_id = 34, name = baseball bat, ap = 13.75%   	 (TP = 14, FP = 15) 
class_id = 35, name = baseball glove, ap = 21.06%   	 (TP = 33, FP = 40) 
class_id = 36, name = skateboard, ap = 33.95%   	 (TP = 38, FP = 16) 
class_id = 37, name = surfboard, ap = 17.56%   	 (TP = 41, FP = 45) 
class_id = 38, name = tennis racket, ap = 34.30%   	 (TP = 67, FP = 29) 
class_id = 39, name = bottle, ap = 16.80%   	 (TP = 101, FP = 75) 
class_id = 40, name = wine glass, ap = 16.11%   	 (TP = 34, FP = 14) 
class_id = 41, name = cup, ap = 22.66%   	 (TP = 164, FP = 135) 
class_id = 42, name = fork, ap = 5.93%   	 (TP = 8, FP = 11) 
class_id = 43, name = knife, ap = 2.15%   	 (TP = 2, FP = 11) 
class_id = 44, name = spoon, ap = 1.70%   	 (TP = 3, FP = 16) 
class_id = 45, name = bowl, ap = 23.42%   	 (TP = 112, FP = 122) 
class_id = 46, name = banana, ap = 15.29%   	 (TP = 33, FP = 25) 
class_id = 47, name = apple, ap = 9.25%   	 (TP = 12, FP = 23) 
class_id = 48, name = sandwich, ap = 23.68%   	 (TP = 24, FP = 20) 
class_id = 49, name = orange, ap = 20.40%   	 (TP = 23, FP = 10) 
class_id = 50, name = broccoli, ap = 21.85%   	 (TP = 37, FP = 30) 
class_id = 51, name = carrot, ap = 10.11%   	 (TP = 7, FP = 6) 
class_id = 52, name = hot dog, ap = 18.40%   	 (TP = 16, FP = 17) 
class_id = 53, name = pizza, ap = 43.18%   	 (TP = 85, FP = 34) 
class_id = 54, name = donut, ap = 29.20%   	 (TP = 58, FP = 41) 
class_id = 55, name = cake, ap = 25.44%   	 (TP = 30, FP = 12) 
class_id = 56, name = chair, ap = 15.30%   	 (TP = 151, FP = 97) 
class_id = 57, name = couch, ap = 37.92%   	 (TP = 58, FP = 24) 
class_id = 58, name = potted plant, ap = 17.22%   	 (TP = 23, FP = 27) 
class_id = 59, name = bed, ap = 28.95%   	 (TP = 8, FP = 6) 
class_id = 60, name = dining table, ap = 20.02%   	 (TP = 27, FP = 17) 
class_id = 61, name = toilet, ap = 51.98%   	 (TP = 69, FP = 21) 
class_id = 62, name = tv, ap = 53.05%   	 (TP = 125, FP = 44) 
class_id = 63, name = laptop, ap = 47.93%   	 (TP = 85, FP = 38) 
class_id = 64, name = mouse, ap = 43.97%   	 (TP = 37, FP = 10) 
class_id = 65, name = remote, ap = 6.36%   	 (TP = 10, FP = 20) 
class_id = 66, name = keyboard, ap = 44.18%   	 (TP = 49, FP = 26) 
class_id = 67, name = cell phone, ap = 22.89%   	 (TP = 39, FP = 14) 
class_id = 68, name = microwave, ap = 46.71%   	 (TP = 18, FP = 1) 
class_id = 69, name = oven, ap = 28.53%   	 (TP = 17, FP = 8) 
class_id = 70, name = toaster, ap = 13.31%   	 (TP = 0, FP = 0) 
class_id = 71, name = sink, ap = 28.91%   	 (TP = 54, FP = 41) 
class_id = 72, name = refrigerator, ap = 41.14%   	 (TP = 19, FP = 3) 
class_id = 73, name = book, ap = 4.22%   	 (TP = 53, FP = 247) 
class_id = 74, name = clock, ap = 46.22%   	 (TP = 100, FP = 25) 
class_id = 75, name = vase, ap = 20.42%   	 (TP = 39, FP = 31) 
class_id = 76, name = scissors, ap = 8.51%   	 (TP = 1, FP = 1) 
class_id = 77, name = teddy bear, ap = 37.29%   	 (TP = 22, FP = 3) 
class_id = 78, name = hair drier, ap = 0.00%   	 (TP = 0, FP = 0) 
class_id = 79, name = toothbrush, ap = 6.62%   	 (TP = 2, FP = 2) 

 for conf_thresh = 0.25, precision = 0.63, recall = 0.21, F1-score = 0.31 
 for conf_thresh = 0.25, TP = 7654, FP = 4481, FN = 29127, average IoU = 45.69 % 

 IoU threshold = 50 %, used Area-Under-Curve for each unique Recall 
 mean average precision (mAP@0.50) = 0.281835, or 28.18 % 
