class_id = 0, name = person, ap = 45.38%   	 (TP = 4279, FP = 2535) 
class_id = 1, name = bicycle, ap = 24.16%   	 (TP = 57, FP = 30) 
class_id = 2, name = car, ap = 28.55%   	 (TP = 574, FP = 690) 
class_id = 3, name = motorcycle, ap = 42.71%   	 (TP = 112, FP = 45) 
class_id = 4, name = airplane, ap = 65.25%   	 (TP = 72, FP = 16) 
class_id = 5, name = bus, ap = 59.78%   	 (TP = 126, FP = 27) 
class_id = 6, name = train, ap = 66.87%   	 (TP = 90, FP = 17) 
class_id = 7, name = truck, ap = 30.10%   	 (TP = 90, FP = 63) 
class_id = 8, name = boat, ap = 15.71%   	 (TP = 60, FP = 94) 
class_id = 9, name = traffic light, ap = 14.08%   	 (TP = 113, FP = 199) 
class_id = 10, name = fire hydrant, ap = 63.91%   	 (TP = 53, FP = 7) 
class_id = 11, name = stop sign, ap = 58.85%   	 (TP = 39, FP = 9) 
class_id = 12, name = parking meter, ap = 34.31%   	 (TP = 14, FP = 6) 
class_id = 13, name = bench, ap = 14.53%   	 (TP = 40, FP = 25) 
class_id = 14, name = bird, ap = 16.80%   	 (TP = 78, FP = 145) 
class_id = 15, name = cat, ap = 62.84%   	 (TP = 78, FP = 22) 
class_id = 16, name = dog, ap = 49.47%   	 (TP = 68, FP = 26) 
class_id = 17, name = horse, ap = 53.26%   	 (TP = 105, FP = 36) 
class_id = 18, name = sheep, ap = 40.99%   	 (TP = 148, FP = 138) 
class_id = 19, name = cow, ap = 43.23%   	 (TP = 160, FP = 122) 
class_id = 20, name = elephant, ap = 63.28%   	 (TP = 140, FP = 53) 
class_id = 21, name = bear, ap = 63.54%   	 (TP = 37, FP = 9) 
class_id = 22, name = zebra, ap = 75.32%   	 (TP = 159, FP = 19) 
class_id = 23, name = giraffe, ap = 73.73%   	 (TP = 136, FP = 14) 
class_id = 24, name = backpack, ap = 6.53%   	 (TP = 10, FP = 16) 
class_id = 25, name = umbrella, ap = 28.20%   	 (TP = 105, FP = 69) 
class_id = 26, name = handbag, ap = 3.67%   	 (TP = 8, FP = 12) 
class_id = 27, name = tie, ap = 22.48%   	 (TP = 56, FP = 56) 
class_id = 28, name = suitcase, ap = 16.92%   	 (TP = 39, FP = 44) 
class_id = 29, name = frisbee, ap = 46.95%   	 (TP = 40, FP = 21) 
class_id = 30, name = skis, ap = 12.31%   	 (TP = 28, FP = 54) 
class_id = 31, name = snowboard, ap = 19.83%   	 (TP = 11, FP = 10) 
class_id = 32, name = sports ball, ap = 23.03%   	 (TP = 71, FP = 93) 
class_id = 33, name = kite, ap = 25.66%   	 (TP = 104, FP = 170) 
class_id = 34, name = baseball bat, ap = 15.25%   	 (TP = 22, FP = 20) 
class_id = 35, name = baseball glove, ap = 22.28%   	 (TP = 38, FP = 44) 
class_id = 36, name = skateboard, ap = 36.79%   	 (TP = 55, FP = 28) 
class_id = 37, name = surfboard, ap = 21.51%   	 (TP = 54, FP = 58) 
class_id = 38, name = tennis racket, ap = 40.59%   	 (TP = 80, FP = 22) 
class_id = 39, name = bottle, ap = 16.81%   	 (TP = 160, FP = 188) 
class_id = 40, name = wine glass, ap = 18.97%   	 (TP = 44, FP = 34) 
class_id = 41, name = cup, ap = 23.23%   	 (TP = 178, FP = 170) 
class_id = 42, name = fork, ap = 10.58%   	 (TP = 10, FP = 12) 
class_id = 43, name = knife, ap = 2.43%   	 (TP = 5, FP = 33) 
class_id = 44, name = spoon, ap = 2.88%   	 (TP = 4, FP = 13) 
class_id = 45, name = bowl, ap = 30.03%   	 (TP = 147, FP = 125) 
class_id = 46, name = banana, ap = 18.81%   	 (TP = 45, FP = 40) 
class_id = 47, name = apple, ap = 13.23%   	 (TP = 27, FP = 30) 
class_id = 48, name = sandwich, ap = 30.70%   	 (TP = 30, FP = 25) 
class_id = 49, name = orange, ap = 25.53%   	 (TP = 62, FP = 45) 
class_id = 50, name = broccoli, ap = 25.60%   	 (TP = 60, FP = 56) 
class_id = 51, name = carrot, ap = 11.75%   	 (TP = 29, FP = 39) 
class_id = 52, name = hot dog, ap = 25.04%   	 (TP = 20, FP = 17) 
class_id = 53, name = pizza, ap = 45.59%   	 (TP = 99, FP = 48) 
class_id = 54, name = donut, ap = 29.32%   	 (TP = 88, FP = 77) 
class_id = 55, name = cake, ap = 26.40%   	 (TP = 61, FP = 39) 
class_id = 56, name = chair, ap = 17.16%   	 (TP = 191, FP = 154) 
class_id = 57, name = couch, ap = 40.39%   	 (TP = 67, FP = 20) 
class_id = 58, name = potted plant, ap = 20.30%   	 (TP = 44, FP = 41) 
class_id = 59, name = bed, ap = 39.20%   	 (TP = 21, FP = 2) 
class_id = 60, name = dining table, ap = 20.43%   	 (TP = 54, FP = 31) 
class_id = 61, name = toilet, ap = 58.49%   	 (TP = 81, FP = 27) 
class_id = 62, name = tv, ap = 54.26%   	 (TP = 124, FP = 41) 
class_id = 63, name = laptop, ap = 53.53%   	 (TP = 86, FP = 29) 
class_id = 64, name = mouse, ap = 49.84%   	 (TP = 43, FP = 16) 
class_id = 65, name = remote, ap = 8.86%   	 (TP = 25, FP = 37) 
class_id = 66, name = keyboard, ap = 48.84%   	 (TP = 56, FP = 22) 
class_id = 67, name = cell phone, ap = 22.34%   	 (TP = 43, FP = 27) 
class_id = 68, name = microwave, ap = 52.42%   	 (TP = 24, FP = 5) 
class_id = 69, name = oven, ap = 32.18%   	 (TP = 26, FP = 16) 
class_id = 70, name = toaster, ap = 17.37%   	 (TP = 0, FP = 0) 
class_id = 71, name = sink, ap = 31.25%   	 (TP = 67, FP = 49) 
class_id = 72, name = refrigerator, ap = 40.70%   	 (TP = 34, FP = 9) 
class_id = 73, name = book, ap = 3.87%   	 (TP = 75, FP = 433) 
class_id = 74, name = clock, ap = 48.68%   	 (TP = 122, FP = 58) 
class_id = 75, name = vase, ap = 22.96%   	 (TP = 41, FP = 38) 
class_id = 76, name = scissors, ap = 10.78%   	 (TP = 2, FP = 1) 
class_id = 77, name = teddy bear, ap = 43.14%   	 (TP = 46, FP = 15) 
class_id = 78, name = hair drier, ap = 0.00%   	 (TP = 0, FP = 0) 
class_id = 79, name = toothbrush, ap = 7.16%   	 (TP = 4, FP = 3) 

 for conf_thresh = 0.25, precision = 0.58, recall = 0.27, F1-score = 0.37 
 for conf_thresh = 0.25, TP = 9894, FP = 7129, FN = 26887, average IoU = 42.53 % 

 IoU threshold = 50 %, used Area-Under-Curve for each unique Recall 
 mean average precision (mAP@0.50) = 0.318713, or 31.87 % 
