class_id = 0, name = person, ap = 46.08%   	 (TP = 4117, FP = 2187) 
class_id = 1, name = bicycle, ap = 25.39%   	 (TP = 59, FP = 29) 
class_id = 2, name = car, ap = 28.43%   	 (TP = 564, FP = 716) 
class_id = 3, name = motorcycle, ap = 42.94%   	 (TP = 120, FP = 43) 
class_id = 4, name = airplane, ap = 65.22%   	 (TP = 60, FP = 12) 
class_id = 5, name = bus, ap = 60.13%   	 (TP = 120, FP = 19) 
class_id = 6, name = train, ap = 65.71%   	 (TP = 82, FP = 14) 
class_id = 7, name = truck, ap = 29.33%   	 (TP = 91, FP = 64) 
class_id = 8, name = boat, ap = 16.80%   	 (TP = 71, FP = 111) 
class_id = 9, name = traffic light, ap = 13.72%   	 (TP = 111, FP = 207) 
class_id = 10, name = fire hydrant, ap = 61.64%   	 (TP = 50, FP = 10) 
class_id = 11, name = stop sign, ap = 58.84%   	 (TP = 39, FP = 8) 
class_id = 12, name = parking meter, ap = 35.66%   	 (TP = 14, FP = 5) 
class_id = 13, name = bench, ap = 14.44%   	 (TP = 37, FP = 18) 
class_id = 14, name = bird, ap = 15.83%   	 (TP = 72, FP = 127) 
class_id = 15, name = cat, ap = 61.76%   	 (TP = 61, FP = 19) 
class_id = 16, name = dog, ap = 49.51%   	 (TP = 63, FP = 18) 
class_id = 17, name = horse, ap = 52.37%   	 (TP = 113, FP = 48) 
class_id = 18, name = sheep, ap = 40.10%   	 (TP = 139, FP = 114) 
class_id = 19, name = cow, ap = 42.50%   	 (TP = 151, FP = 94) 
class_id = 20, name = elephant, ap = 62.37%   	 (TP = 137, FP = 53) 
class_id = 21, name = bear, ap = 64.14%   	 (TP = 27, FP = 7) 
class_id = 22, name = zebra, ap = 75.28%   	 (TP = 155, FP = 17) 
class_id = 23, name = giraffe, ap = 72.98%   	 (TP = 133, FP = 12) 
class_id = 24, name = backpack, ap = 6.36%   	 (TP = 10, FP = 27) 
class_id = 25, name = umbrella, ap = 28.87%   	 (TP = 100, FP = 62) 
class_id = 26, name = handbag, ap = 4.03%   	 (TP = 7, FP = 9) 
class_id = 27, name = tie, ap = 24.29%   	 (TP = 62, FP = 54) 
class_id = 28, name = suitcase, ap = 17.24%   	 (TP = 36, FP = 33) 
class_id = 29, name = frisbee, ap = 49.11%   	 (TP = 41, FP = 15) 
class_id = 30, name = skis, ap = 13.61%   	 (TP = 35, FP = 69) 
class_id = 31, name = snowboard, ap = 20.90%   	 (TP = 11, FP = 8) 
class_id = 32, name = sports ball, ap = 23.02%   	 (TP = 69, FP = 81) 
class_id = 33, name = kite, ap = 26.01%   	 (TP = 102, FP = 149) 
class_id = 34, name = baseball bat, ap = 13.42%   	 (TP = 16, FP = 20) 
class_id = 35, name = baseball glove, ap = 24.21%   	 (TP = 39, FP = 43) 
class_id = 36, name = skateboard, ap = 37.58%   	 (TP = 59, FP = 28) 
class_id = 37, name = surfboard, ap = 23.65%   	 (TP = 51, FP = 48) 
class_id = 38, name = tennis racket, ap = 41.20%   	 (TP = 79, FP = 23) 
class_id = 39, name = bottle, ap = 18.06%   	 (TP = 169, FP = 199) 
class_id = 40, name = wine glass, ap = 18.26%   	 (TP = 44, FP = 30) 
class_id = 41, name = cup, ap = 23.63%   	 (TP = 186, FP = 168) 
class_id = 42, name = fork, ap = 9.99%   	 (TP = 10, FP = 13) 
class_id = 43, name = knife, ap = 2.54%   	 (TP = 7, FP = 28) 
class_id = 44, name = spoon, ap = 3.47%   	 (TP = 7, FP = 9) 
class_id = 45, name = bowl, ap = 30.07%   	 (TP = 151, FP = 124) 
class_id = 46, name = banana, ap = 18.51%   	 (TP = 44, FP = 38) 
class_id = 47, name = apple, ap = 12.91%   	 (TP = 23, FP = 31) 
class_id = 48, name = sandwich, ap = 30.91%   	 (TP = 30, FP = 22) 
class_id = 49, name = orange, ap = 25.56%   	 (TP = 60, FP = 41) 
class_id = 50, name = broccoli, ap = 24.38%   	 (TP = 51, FP = 48) 
class_id = 51, name = carrot, ap = 11.80%   	 (TP = 28, FP = 39) 
class_id = 52, name = hot dog, ap = 24.66%   	 (TP = 21, FP = 16) 
class_id = 53, name = pizza, ap = 44.69%   	 (TP = 86, FP = 34) 
class_id = 54, name = donut, ap = 28.28%   	 (TP = 79, FP = 82) 
class_id = 55, name = cake, ap = 27.81%   	 (TP = 59, FP = 34) 
class_id = 56, name = chair, ap = 17.91%   	 (TP = 193, FP = 155) 
class_id = 57, name = couch, ap = 40.36%   	 (TP = 65, FP = 19) 
class_id = 58, name = potted plant, ap = 20.95%   	 (TP = 43, FP = 44) 
class_id = 59, name = bed, ap = 38.42%   	 (TP = 16, FP = 2) 
class_id = 60, name = dining table, ap = 18.79%   	 (TP = 39, FP = 23) 
class_id = 61, name = toilet, ap = 58.38%   	 (TP = 76, FP = 24) 
class_id = 62, name = tv, ap = 54.24%   	 (TP = 122, FP = 39) 
class_id = 63, name = laptop, ap = 52.78%   	 (TP = 90, FP = 24) 
class_id = 64, name = mouse, ap = 49.70%   	 (TP = 45, FP = 17) 
class_id = 65, name = remote, ap = 7.96%   	 (TP = 19, FP = 35) 
class_id = 66, name = keyboard, ap = 50.41%   	 (TP = 54, FP = 22) 
class_id = 67, name = cell phone, ap = 22.62%   	 (TP = 42, FP = 23) 
class_id = 68, name = microwave, ap = 51.22%   	 (TP = 23, FP = 7) 
class_id = 69, name = oven, ap = 31.54%   	 (TP = 25, FP = 15) 
class_id = 70, name = toaster, ap = 17.61%   	 (TP = 0, FP = 0) 
class_id = 71, name = sink, ap = 32.91%   	 (TP = 67, FP = 44) 
class_id = 72, name = refrigerator, ap = 38.90%   	 (TP = 29, FP = 8) 
class_id = 73, name = book, ap = 4.49%   	 (TP = 73, FP = 389) 
class_id = 74, name = clock, ap = 49.17%   	 (TP = 121, FP = 48) 
class_id = 75, name = vase, ap = 23.99%   	 (TP = 47, FP = 39) 
class_id = 76, name = scissors, ap = 10.20%   	 (TP = 2, FP = 1) 
class_id = 77, name = teddy bear, ap = 44.54%   	 (TP = 44, FP = 6) 
class_id = 78, name = hair drier, ap = 0.00%   	 (TP = 0, FP = 0) 
class_id = 79, name = toothbrush, ap = 6.82%   	 (TP = 3, FP = 5) 

 for conf_thresh = 0.25, precision = 0.59, recall = 0.26, F1-score = 0.36 
 for conf_thresh = 0.25, TP = 9596, FP = 6566, FN = 27185, average IoU = 43.50 % 

 IoU threshold = 50 %, used Area-Under-Curve for each unique Recall 
 mean average precision (mAP@0.50) = 0.319268, or 31.93 % 
