class_id = 0, name = person, ap = 46.29%   	 (TP = 4578, FP = 3222) 
class_id = 1, name = bicycle, ap = 25.98%   	 (TP = 63, FP = 30) 
class_id = 2, name = car, ap = 28.37%   	 (TP = 586, FP = 730) 
class_id = 3, name = motorcycle, ap = 42.78%   	 (TP = 125, FP = 61) 
class_id = 4, name = airplane, ap = 69.01%   	 (TP = 79, FP = 25) 
class_id = 5, name = bus, ap = 60.79%   	 (TP = 136, FP = 30) 
class_id = 6, name = train, ap = 68.60%   	 (TP = 105, FP = 19) 
class_id = 7, name = truck, ap = 30.82%   	 (TP = 95, FP = 77) 
class_id = 8, name = boat, ap = 16.35%   	 (TP = 75, FP = 122) 
class_id = 9, name = traffic light, ap = 15.26%   	 (TP = 120, FP = 235) 
class_id = 10, name = fire hydrant, ap = 63.60%   	 (TP = 56, FP = 11) 
class_id = 11, name = stop sign, ap = 58.74%   	 (TP = 40, FP = 11) 
class_id = 12, name = parking meter, ap = 34.07%   	 (TP = 17, FP = 5) 
class_id = 13, name = bench, ap = 15.61%   	 (TP = 47, FP = 32) 
class_id = 14, name = bird, ap = 16.27%   	 (TP = 79, FP = 181) 
class_id = 15, name = cat, ap = 62.92%   	 (TP = 88, FP = 55) 
class_id = 16, name = dog, ap = 52.94%   	 (TP = 81, FP = 48) 
class_id = 17, name = horse, ap = 55.56%   	 (TP = 121, FP = 46) 
class_id = 18, name = sheep, ap = 40.16%   	 (TP = 148, FP = 133) 
class_id = 19, name = cow, ap = 43.63%   	 (TP = 166, FP = 131) 
class_id = 20, name = elephant, ap = 64.01%   	 (TP = 151, FP = 69) 
class_id = 21, name = bear, ap = 64.26%   	 (TP = 40, FP = 20) 
class_id = 22, name = zebra, ap = 76.34%   	 (TP = 167, FP = 31) 
class_id = 23, name = giraffe, ap = 74.24%   	 (TP = 146, FP = 22) 
class_id = 24, name = backpack, ap = 6.48%   	 (TP = 16, FP = 32) 
class_id = 25, name = umbrella, ap = 29.99%   	 (TP = 102, FP = 74) 
class_id = 26, name = handbag, ap = 3.49%   	 (TP = 10, FP = 15) 
class_id = 27, name = tie, ap = 25.36%   	 (TP = 67, FP = 55) 
class_id = 28, name = suitcase, ap = 17.10%   	 (TP = 38, FP = 53) 
class_id = 29, name = frisbee, ap = 49.36%   	 (TP = 44, FP = 18) 
class_id = 30, name = skis, ap = 13.77%   	 (TP = 36, FP = 77) 
class_id = 31, name = snowboard, ap = 16.32%   	 (TP = 10, FP = 15) 
class_id = 32, name = sports ball, ap = 23.99%   	 (TP = 69, FP = 80) 
class_id = 33, name = kite, ap = 26.57%   	 (TP = 110, FP = 198) 
class_id = 34, name = baseball bat, ap = 14.16%   	 (TP = 18, FP = 21) 
class_id = 35, name = baseball glove, ap = 24.33%   	 (TP = 38, FP = 39) 
class_id = 36, name = skateboard, ap = 41.72%   	 (TP = 61, FP = 26) 
class_id = 37, name = surfboard, ap = 22.37%   	 (TP = 61, FP = 75) 
class_id = 38, name = tennis racket, ap = 39.04%   	 (TP = 77, FP = 32) 
class_id = 39, name = bottle, ap = 17.34%   	 (TP = 156, FP = 185) 
class_id = 40, name = wine glass, ap = 18.27%   	 (TP = 40, FP = 31) 
class_id = 41, name = cup, ap = 23.36%   	 (TP = 190, FP = 183) 
class_id = 42, name = fork, ap = 11.38%   	 (TP = 11, FP = 16) 
class_id = 43, name = knife, ap = 2.88%   	 (TP = 6, FP = 39) 
class_id = 44, name = spoon, ap = 3.21%   	 (TP = 6, FP = 15) 
class_id = 45, name = bowl, ap = 31.02%   	 (TP = 164, FP = 147) 
class_id = 46, name = banana, ap = 19.72%   	 (TP = 62, FP = 60) 
class_id = 47, name = apple, ap = 13.93%   	 (TP = 38, FP = 68) 
class_id = 48, name = sandwich, ap = 32.83%   	 (TP = 37, FP = 38) 
class_id = 49, name = orange, ap = 26.67%   	 (TP = 71, FP = 69) 
class_id = 50, name = broccoli, ap = 25.78%   	 (TP = 48, FP = 47) 
class_id = 51, name = carrot, ap = 12.90%   	 (TP = 39, FP = 63) 
class_id = 52, name = hot dog, ap = 26.00%   	 (TP = 24, FP = 22) 
class_id = 53, name = pizza, ap = 46.88%   	 (TP = 114, FP = 65) 
class_id = 54, name = donut, ap = 30.30%   	 (TP = 84, FP = 67) 
class_id = 55, name = cake, ap = 28.62%   	 (TP = 69, FP = 47) 
class_id = 56, name = chair, ap = 17.59%   	 (TP = 212, FP = 190) 
class_id = 57, name = couch, ap = 41.75%   	 (TP = 69, FP = 26) 
class_id = 58, name = potted plant, ap = 20.04%   	 (TP = 36, FP = 49) 
class_id = 59, name = bed, ap = 37.26%   	 (TP = 32, FP = 21) 
class_id = 60, name = dining table, ap = 21.10%   	 (TP = 76, FP = 73) 
class_id = 61, name = toilet, ap = 58.85%   	 (TP = 83, FP = 36) 
class_id = 62, name = tv, ap = 54.39%   	 (TP = 127, FP = 46) 
class_id = 63, name = laptop, ap = 53.02%   	 (TP = 93, FP = 39) 
class_id = 64, name = mouse, ap = 49.35%   	 (TP = 47, FP = 22) 
class_id = 65, name = remote, ap = 8.12%   	 (TP = 25, FP = 45) 
class_id = 66, name = keyboard, ap = 51.04%   	 (TP = 61, FP = 31) 
class_id = 67, name = cell phone, ap = 23.30%   	 (TP = 46, FP = 32) 
class_id = 68, name = microwave, ap = 53.83%   	 (TP = 24, FP = 5) 
class_id = 69, name = oven, ap = 33.10%   	 (TP = 29, FP = 16) 
class_id = 70, name = toaster, ap = 16.51%   	 (TP = 0, FP = 0) 
class_id = 71, name = sink, ap = 33.24%   	 (TP = 69, FP = 47) 
class_id = 72, name = refrigerator, ap = 42.01%   	 (TP = 39, FP = 7) 
class_id = 73, name = book, ap = 4.33%   	 (TP = 97, FP = 499) 
class_id = 74, name = clock, ap = 48.73%   	 (TP = 128, FP = 68) 
class_id = 75, name = vase, ap = 23.47%   	 (TP = 50, FP = 42) 
class_id = 76, name = scissors, ap = 11.69%   	 (TP = 3, FP = 3) 
class_id = 77, name = teddy bear, ap = 45.47%   	 (TP = 61, FP = 14) 
class_id = 78, name = hair drier, ap = 0.00%   	 (TP = 0, FP = 0) 
class_id = 79, name = toothbrush, ap = 6.72%   	 (TP = 3, FP = 4) 

 for conf_thresh = 0.25, precision = 0.55, recall = 0.29, F1-score = 0.38 
 for conf_thresh = 0.25, TP = 10635, FP = 8633, FN = 26146, average IoU = 40.21 % 

 IoU threshold = 50 %, used Area-Under-Curve for each unique Recall 
 mean average precision (mAP@0.50) = 0.325832, or 32.58 % 
